Archive member included to satisfy reference by file (symbol)

/home/neuberfran/rpmsg_lite_files/middleware/issdk/algorithms/pedometer/lib/libpedometerm4.a(KeynetikPedometer.o)
                              CMakeFiles/rpmsg_lite_str_echo_rtos_imxcm4.elf.dir/home/neuberfran/rpmsg_lite_files/boards/evkmcimx7ulp/multicore_examples/rpmsg_lite_str_echo_rtos/app_srtm.c.obj (KeynetikHandleIncomingEvent)
/home/neuberfran/rpmsg_lite_files/middleware/issdk/algorithms/pedometer/lib/libpedometerm4.a(KPedometerActivity.o)
                              /home/neuberfran/rpmsg_lite_files/middleware/issdk/algorithms/pedometer/lib/libpedometerm4.a(KeynetikPedometer.o) (Keynetik::PedometerActivity::HandleStep(unsigned int, unsigned char))
/home/neuberfran/rpmsg_lite_files/middleware/issdk/algorithms/pedometer/lib/libpedometerm4.a(KPedometerStatsCore.o)
                              /home/neuberfran/rpmsg_lite_files/middleware/issdk/algorithms/pedometer/lib/libpedometerm4.a(KeynetikPedometer.o) (Keynetik::PedometerStatsCore::HandleIncomingEvent(short, short, short))
/home/neuberfran/rpmsg_lite_files/middleware/issdk/algorithms/pedometer/lib/libpedometerm4.a(KPedometerStride.o)
                              /home/neuberfran/rpmsg_lite_files/middleware/issdk/algorithms/pedometer/lib/libpedometerm4.a(KPedometerStatsCore.o) (Keynetik::PedometerStride::ProcessStep(unsigned short, unsigned char, unsigned char&, unsigned short&))
/home/neuberfran/rpmsg_lite_files/middleware/issdk/algorithms/pedometer/lib/libpedometerm4.a(KAccelerometerReading.o)
                              /home/neuberfran/rpmsg_lite_files/middleware/issdk/algorithms/pedometer/lib/libpedometerm4.a(KPedometerActivity.o) (Keynetik::AccelerometerReading::m_frequency)
/home/neuberfran/rpmsg_lite_files/middleware/issdk/algorithms/pedometer/lib/libpedometerm4.a(KFixed.o)
                              /home/neuberfran/rpmsg_lite_files/middleware/issdk/algorithms/pedometer/lib/libpedometerm4.a(KAccelerometerReading.o) (Keynetik::Fixed::MaxValue)
/home/neuberfran/rpmsg_lite_files/middleware/issdk/algorithms/pedometer/lib/libpedometerm4.a(KMathUtilities.o)
                              /home/neuberfran/rpmsg_lite_files/middleware/issdk/algorithms/pedometer/lib/libpedometerm4.a(KAccelerometerReading.o) (Keynetik::MathUtilities::CalcA(Keynetik::Fixed, Keynetik::Fixed, Keynetik::Fixed))
/home/neuberfran/rpmsg_lite_files/middleware/issdk/algorithms/pedometer/lib/libpedometerm4.a(KPedometerCore.o)
                              /home/neuberfran/rpmsg_lite_files/middleware/issdk/algorithms/pedometer/lib/libpedometerm4.a(KPedometerStatsCore.o) (Keynetik::PedometerCore::HandleIncomingEvent(short, short, short))
/home/neuberfran/rpmsg_lite_files/middleware/issdk/algorithms/pedometer/lib/libpedometerm4.a(KSharedBuffer.o)
                              /home/neuberfran/rpmsg_lite_files/middleware/issdk/algorithms/pedometer/lib/libpedometerm4.a(KMathUtilities.o) (Keynetik::SharedBuffer::Next(Keynetik::SharedBuffer::Iterator&) const)
/home/neuberfran/neuber/gcc-arm-none-eabi-10.3-2021.10/bin/../lib/gcc/arm-none-eabi/10.3.1/../../../../arm-none-eabi/lib/thumb/v7e-m+fp/hard/libm.a(lib_a-w_sqrt.o)
                              /home/neuberfran/rpmsg_lite_files/middleware/issdk/algorithms/pedometer/lib/libpedometerm4.a(KMathUtilities.o) (sqrt)
/home/neuberfran/neuber/gcc-arm-none-eabi-10.3-2021.10/bin/../lib/gcc/arm-none-eabi/10.3.1/../../../../arm-none-eabi/lib/thumb/v7e-m+fp/hard/libm.a(lib_a-e_sqrt.o)
                              /home/neuberfran/neuber/gcc-arm-none-eabi-10.3-2021.10/bin/../lib/gcc/arm-none-eabi/10.3.1/../../../../arm-none-eabi/lib/thumb/v7e-m+fp/hard/libm.a(lib_a-w_sqrt.o) (__ieee754_sqrt)
/home/neuberfran/neuber/gcc-arm-none-eabi-10.3-2021.10/bin/../lib/gcc/arm-none-eabi/10.3.1/../../../../arm-none-eabi/lib/thumb/v7e-m+fp/hard/libc_nano.a(lib_a-errno.o)
                              CMakeFiles/rpmsg_lite_str_echo_rtos_imxcm4.elf.dir/home/neuberfran/rpmsg_lite_files/devices/MCIMX7U5/utilities/fsl_sbrk.c.obj (__errno)
/home/neuberfran/neuber/gcc-arm-none-eabi-10.3-2021.10/bin/../lib/gcc/arm-none-eabi/10.3.1/../../../../arm-none-eabi/lib/thumb/v7e-m+fp/hard/libc_nano.a(lib_a-exit.o)
                              /home/neuberfran/neuber/gcc-arm-none-eabi-10.3-2021.10/bin/../lib/gcc/arm-none-eabi/10.3.1/../../../../arm-none-eabi/lib/thumb/v7e-m+fp/hard/crt0.o (exit)
/home/neuberfran/neuber/gcc-arm-none-eabi-10.3-2021.10/bin/../lib/gcc/arm-none-eabi/10.3.1/../../../../arm-none-eabi/lib/thumb/v7e-m+fp/hard/libc_nano.a(lib_a-impure.o)
                              /home/neuberfran/neuber/gcc-arm-none-eabi-10.3-2021.10/bin/../lib/gcc/arm-none-eabi/10.3.1/../../../../arm-none-eabi/lib/thumb/v7e-m+fp/hard/libc_nano.a(lib_a-exit.o) (_global_impure_ptr)
/home/neuberfran/neuber/gcc-arm-none-eabi-10.3-2021.10/bin/../lib/gcc/arm-none-eabi/10.3.1/../../../../arm-none-eabi/lib/thumb/v7e-m+fp/hard/libc_nano.a(lib_a-init.o)
[...]
Memory Configuration

Name             Origin             Length             Attributes
m_interrupts     0x0000000004002000 0x0000000000000240 xr
m_text           0x0000000004002240 0x00000000003fddc0 xr
m_data           0x000000001ffd0000 0x0000000000028000 rw
m_data_2         0x0000000020000000 0x0000000000010000 rw
m_m4_suspend_ram 0x000000001fff8000 0x0000000000004000 rw
m_a7_suspend_ram 0x000000001fffc000 0x0000000000004000 rw
*default*        0x0000000000000000 0xffffffffffffffff

Linker script and memory map

LOAD /home/neuberfran/neuber/gcc-arm-none-eabi-10.3-2021.10/bin/../lib/gcc/arm-none-eabi/10.3.1/thumb/v7e-m+fp/hard/crti.o
LOAD /home/neuberfran/neuber/gcc-arm-none-eabi-10.3-2021.10/bin/../lib/gcc/arm-none-eabi/10.3.1/thumb/v7e-m+fp/hard/crtbegin.o
LOAD /home/neuberfran/neuber/gcc-arm-none-eabi-10.3-2021.10/bin/../lib/gcc/arm-none-eabi/10.3.1/../../../../arm-none-eabi/lib/thumb/v7e-m+fp/hard/crt0.o
                0x0000000000000001                __ram_vector_table__ = 0x1
                0x0000000000000400                __stack_size__ = 0x400
                0x0000000000000400                __heap_size__ = 0x400
LOAD CMakeFiles/rpmsg_lite_str_echo_rtos_imxcm4.elf.dir/home/neuberfran/rpmsg_lite_files/boards/evkmcimx7ulp/multicore_examples/rpmsg_lite_str_echo_rtos/main_remote.c.obj
LOAD CMakeFiles/rpmsg_lite_str_echo_rtos_imxcm4.elf.dir/home/neuberfran/rpmsg_lite_files/boards/evkmcimx7ulp/multicore_examples/rpmsg_lite_str_echo_rtos/pin_mux.c.obj
LOAD CMakeFiles/rpmsg_lite_str_echo_rtos_imxcm4.elf.dir/home/neuberfran/rpmsg_lite_files/boards/evkmcimx7ulp/multicore_examples/rpmsg_lite_str_echo_rtos/rsc_table.c.obj
LOAD CMakeFiles/rpmsg_lite_str_echo_rtos_imxcm4.elf.dir/home/neuberfran/rpmsg_lite_files/boards/evkmcimx7ulp/multicore_examples/rpmsg_lite_str_echo_rtos/board.c.obj
LOAD CMakeFiles/rpmsg_lite_str_echo_rtos_imxcm4.elf.dir/home/neuberfran/rpmsg_lite_files/boards/evkmcimx7ulp/multicore_examples/rpmsg_lite_str_echo_rtos/clock_config.c.obj
LOAD CMakeFiles/rpmsg_lite_str_echo_rtos_imxcm4.elf.dir/home/neuberfran/rpmsg_lite_files/boards/evkmcimx7ulp/multicore_examples/rpmsg_lite_str_echo_rtos/app_srtm.c.obj
LOAD CMakeFiles/rpmsg_lite_str_echo_rtos_imxcm4.elf.dir/home/neuberfran/rpmsg_lite_files/boards/evkmcimx7ulp/multicore_examples/rpmsg_lite_str_echo_rtos/srtm/channels/srtm_rpmsg_endpoint.c.obj
LOAD CMakeFiles/rpmsg_lite_str_echo_rtos_imxcm4.elf.dir/home/neuberfran/rpmsg_lite_files/boards/evkmcimx7ulp/multicore_examples/rpmsg_lite_str_echo_rtos/srtm/services/srtm_lfcl_service.c.obj
LOAD CMakeFiles/rpmsg_lite_str_echo_rtos_imxcm4.elf.dir/home/neuberfran/rpmsg_lite_files/boards/evkmcimx7ulp/multicore_examples/rpmsg_lite_str_echo_rtos/srtm/services/srtm_pmic_service.c.obj
LOAD CMakeFiles/rpmsg_lite_str_echo_rtos_imxcm4.elf.dir/home/neuberfran/rpmsg_lite_files/boards/evkmcimx7ulp/multicore_examples/rpmsg_lite_str_echo_rtos/srtm/services/srtm_pf1550_adapter.c.obj
LOAD CMakeFiles/rpmsg_lite_str_echo_rtos_imxcm4.elf.dir/home/neuberfran/rpmsg_lite_files/boards/evkmcimx7ulp/multicore_examples/rpmsg_lite_str_echo_rtos/srtm/services/srtm_audio_service.c.obj
LOAD CMakeFiles/rpmsg_lite_str_echo_rtos_imxcm4.elf.dir/home/neuberfran/rpmsg_lite_files/boards/evkmcimx7ulp/multicore_examples/rpmsg_lite_str_echo_rtos/srtm/services/srtm_sai_edma_adapter.c.obj
LOAD CMakeFiles/rpmsg_lite_str_echo_rtos_imxcm4.elf.dir/home/neuberfran/rpmsg_lite_files/boards/evkmcimx7ulp/multicore_examples/rpmsg_lite_str_echo_rtos/srtm/services/srtm_i2c_codec_adapter.c.obj
LOAD CMakeFiles/rpmsg_lite_str_echo_rtos_imxcm4.elf.dir/home/neuberfran/rpmsg_lite_files/boards/evkmcimx7ulp/multicore_examples/rpmsg_lite_str_echo_rtos/srtm/services/srtm_io_service.c.obj
LOAD CMakeFiles/rpmsg_lite_str_echo_rtos_imxcm4.elf.dir/home/neuberfran/rpmsg_lite_files/boards/evkmcimx7ulp/multicore_examples/rpmsg_lite_str_echo_rtos/srtm/services/srtm_keypad_service.c.obj
LOAD CMakeFiles/rpmsg_lite_str_echo_rtos_imxcm4.elf.dir/home/neuberfran/rpmsg_lite_files/boards/evkmcimx7ulp/multicore_examples/rpmsg_lite_str_echo_rtos/srtm/services/srtm_rtc_service.c.obj
LOAD CMakeFiles/rpmsg_lite_str_echo_rtos_imxcm4.elf.dir/home/neuberfran/rpmsg_lite_files/boards/evkmcimx7ulp/multicore_examples/rpmsg_lite_str_echo_rtos/srtm/services/srtm_snvs_lp_rtc_adapter.c.obj
LOAD CMakeFiles/rpmsg_lite_str_echo_rtos_imxcm4.elf.dir/home/neuberfran/rpmsg_lite_files/boards/evkmcimx7ulp/multicore_examples/rpmsg_lite_str_echo_rtos/srtm/services/srtm_sensor_service.c.obj
LOAD CMakeFiles/rpmsg_lite_str_echo_rtos_imxcm4.elf.dir/home/neuberfran/rpmsg_lite_files/components/codec/i2c/fsl_codec_i2c.c.obj
LOAD CMakeFiles/rpmsg_lite_str_echo_rtos_imxcm4.elf.dir/home/neuberfran/rpmsg_lite_files/components/lists/fsl_component_generic_list.c.obj
LOAD CMakeFiles/rpmsg_lite_str_echo_rtos_imxcm4.elf.dir/home/neuberfran/rpmsg_lite_files/components/i2c/fsl_adapter_lpi2c.c.obj
LOAD CMakeFiles/rpmsg_lite_str_echo_rtos_imxcm4.elf.dir/home/neuberfran/rpmsg_lite_files/components/uart/fsl_adapter_lpuart.c.obj
LOAD CMakeFiles/rpmsg_lite_str_echo_rtos_imxcm4.elf.dir/home/neuberfran/rpmsg_lite_files/components/serial_manager/fsl_component_serial_manager.c.obj
LOAD CMakeFiles/rpmsg_lite_str_echo_rtos_imxcm4.elf.dir/home/neuberfran/rpmsg_lite_files/components/serial_manager/fsl_component_serial_port_uart.c.obj
LOAD CMakeFiles/rpmsg_lite_str_echo_rtos_imxcm4.elf.dir/home/neuberfran/rpmsg_lite_files/components/codec/port/wm8960/fsl_codec_wm8960_adapter.c.obj
LOAD CMakeFiles/rpmsg_lite_str_echo_rtos_imxcm4.elf.dir/home/neuberfran/rpmsg_lite_files/devices/MCIMX7U5/system_MCIMX7U5_cm4.c.obj
LOAD CMakeFiles/rpmsg_lite_str_echo_rtos_imxcm4.elf.dir/home/neuberfran/rpmsg_lite_files/devices/MCIMX7U5/gcc/startup_MCIMX7U5_cm4.S.obj
LOAD CMakeFiles/rpmsg_lite_str_echo_rtos_imxcm4.elf.dir/home/neuberfran/rpmsg_lite_files/devices/MCIMX7U5/drivers/fsl_clock.c.obj
LOAD CMakeFiles/rpmsg_lite_str_echo_rtos_imxcm4.elf.dir/home/neuberfran/rpmsg_lite_files/components/codec/fsl_codec_common.c.obj
LOAD CMakeFiles/rpmsg_lite_str_echo_rtos_imxcm4.elf.dir/home/neuberfran/rpmsg_lite_files/devices/MCIMX7U5/drivers/fsl_common.c.obj
LOAD CMakeFiles/rpmsg_lite_str_echo_rtos_imxcm4.elf.dir/home/neuberfran/rpmsg_lite_files/devices/MCIMX7U5/drivers/fsl_common_arm.c.obj
LOAD CMakeFiles/rpmsg_lite_str_echo_rtos_imxcm4.elf.dir/home/neuberfran/rpmsg_lite_files/devices/MCIMX7U5/drivers/fsl_dmamux.c.obj
LOAD CMakeFiles/rpmsg_lite_str_echo_rtos_imxcm4.elf.dir/home/neuberfran/rpmsg_lite_files/devices/MCIMX7U5/drivers/fsl_edma.c.obj
LOAD CMakeFiles/rpmsg_lite_str_echo_rtos_imxcm4.elf.dir/home/neuberfran/rpmsg_lite_files/devices/MCIMX7U5/drivers/fsl_gpio.c.obj
LOAD CMakeFiles/rpmsg_lite_str_echo_rtos_imxcm4.elf.dir/home/neuberfran/rpmsg_lite_files/devices/MCIMX7U5/drivers/fsl_llwu.c.obj
LOAD CMakeFiles/rpmsg_lite_str_echo_rtos_imxcm4.elf.dir/home/neuberfran/rpmsg_lite_files/devices/MCIMX7U5/drivers/fsl_lpi2c.c.obj
LOAD CMakeFiles/rpmsg_lite_str_echo_rtos_imxcm4.elf.dir/home/neuberfran/rpmsg_lite_files/devices/MCIMX7U5/drivers/fsl_lpi2c_freertos.c.obj
LOAD CMakeFiles/rpmsg_lite_str_echo_rtos_imxcm4.elf.dir/home/neuberfran/rpmsg_lite_files/devices/MCIMX7U5/drivers/fsl_lpuart.c.obj
LOAD CMakeFiles/rpmsg_lite_str_echo_rtos_imxcm4.elf.dir/home/neuberfran/rpmsg_lite_files/devices/MCIMX7U5/drivers/fsl_msmc.c.obj
LOAD CMakeFiles/rpmsg_lite_str_echo_rtos_imxcm4.elf.dir/home/neuberfran/rpmsg_lite_files/devices/MCIMX7U5/drivers/fsl_mu.c.obj
LOAD CMakeFiles/rpmsg_lite_str_echo_rtos_imxcm4.elf.dir/home/neuberfran/rpmsg_lite_files/components/pf1550/fsl_pf1550.c.obj
LOAD CMakeFiles/rpmsg_lite_str_echo_rtos_imxcm4.elf.dir/home/neuberfran/rpmsg_lite_files/components/pf1550/fsl_pf1550_charger.c.obj
LOAD CMakeFiles/rpmsg_lite_str_echo_rtos_imxcm4.elf.dir/home/neuberfran/rpmsg_lite_files/devices/MCIMX7U5/drivers/fsl_sai.c.obj
LOAD CMakeFiles/rpmsg_lite_str_echo_rtos_imxcm4.elf.dir/home/neuberfran/rpmsg_lite_files/devices/MCIMX7U5/drivers/fsl_sai_edma.c.obj
LOAD CMakeFiles/rpmsg_lite_str_echo_rtos_imxcm4.elf.dir/home/neuberfran/rpmsg_lite_files/devices/MCIMX7U5/drivers/fsl_snvs_hp.c.obj
LOAD CMakeFiles/rpmsg_lite_str_echo_rtos_imxcm4.elf.dir/home/neuberfran/rpmsg_lite_files/devices/MCIMX7U5/drivers/fsl_snvs_lp.c.obj
LOAD CMakeFiles/rpmsg_lite_str_echo_rtos_imxcm4.elf.dir/home/neuberfran/rpmsg_lite_files/components/srtm/srtm/srtm_channel.c.obj
LOAD CMakeFiles/rpmsg_lite_str_echo_rtos_imxcm4.elf.dir/home/neuberfran/rpmsg_lite_files/components/srtm/srtm/srtm_dispatcher.c.obj
LOAD CMakeFiles/rpmsg_lite_str_echo_rtos_imxcm4.elf.dir/home/neuberfran/rpmsg_lite_files/components/srtm/srtm/srtm_message.c.obj
LOAD CMakeFiles/rpmsg_lite_str_echo_rtos_imxcm4.elf.dir/home/neuberfran/rpmsg_lite_files/components/srtm/srtm/srtm_peercore.c.obj
LOAD CMakeFiles/rpmsg_lite_str_echo_rtos_imxcm4.elf.dir/home/neuberfran/rpmsg_lite_files/components/srtm/srtm/srtm_service.c.obj
LOAD CMakeFiles/rpmsg_lite_str_echo_rtos_imxcm4.elf.dir/home/neuberfran/rpmsg_lite_files/components/srtm/port/srtm_message_pool.c.obj
LOAD CMakeFiles/rpmsg_lite_str_echo_rtos_imxcm4.elf.dir/home/neuberfran/rpmsg_lite_files/components/srtm/port/srtm_heap_freertos.c.obj
LOAD CMakeFiles/rpmsg_lite_str_echo_rtos_imxcm4.elf.dir/home/neuberfran/rpmsg_lite_files/components/srtm/port/srtm_mutex_freertos.c.obj
LOAD CMakeFiles/rpmsg_lite_str_echo_rtos_imxcm4.elf.dir/home/neuberfran/rpmsg_lite_files/components/srtm/port/srtm_sem_freertos.c.obj
LOAD CMakeFiles/rpmsg_lite_str_echo_rtos_imxcm4.elf.dir/home/neuberfran/rpmsg_lite_files/components/codec/wm8960/fsl_wm8960.c.obj
LOAD CMakeFiles/rpmsg_lite_str_echo_rtos_imxcm4.elf.dir/home/neuberfran/rpmsg_lite_files/rtos/freertos/freertos-kernel/croutine.c.obj
LOAD CMakeFiles/rpmsg_lite_str_echo_rtos_imxcm4.elf.dir/home/neuberfran/rpmsg_lite_files/rtos/freertos/freertos-kernel/event_groups.c.obj
LOAD CMakeFiles/rpmsg_lite_str_echo_rtos_imxcm4.elf.dir/home/neuberfran/rpmsg_lite_files/rtos/freertos/freertos-kernel/list.c.obj
LOAD CMakeFiles/rpmsg_lite_str_echo_rtos_imxcm4.elf.dir/home/neuberfran/rpmsg_lite_files/rtos/freertos/freertos-kernel/queue.c.obj
LOAD CMakeFiles/rpmsg_lite_str_echo_rtos_imxcm4.elf.dir/home/neuberfran/rpmsg_lite_files/rtos/freertos/freertos-kernel/stream_buffer.c.obj
LOAD CMakeFiles/rpmsg_lite_str_echo_rtos_imxcm4.elf.dir/home/neuberfran/rpmsg_lite_files/rtos/freertos/freertos-kernel/tasks.c.obj
LOAD CMakeFiles/rpmsg_lite_str_echo_rtos_imxcm4.elf.dir/home/neuberfran/rpmsg_lite_files/rtos/freertos/freertos-kernel/timers.c.obj
LOAD CMakeFiles/rpmsg_lite_str_echo_rtos_imxcm4.elf.dir/home/neuberfran/rpmsg_lite_files/rtos/freertos/freertos-kernel/portable/GCC/ARM_CM4F/port.c.obj
LOAD CMakeFiles/rpmsg_lite_str_echo_rtos_imxcm4.elf.dir/home/neuberfran/rpmsg_lite_files/rtos/freertos/freertos-kernel/portable/MemMang/heap_4.c.obj
LOAD CMakeFiles/rpmsg_lite_str_echo_rtos_imxcm4.elf.dir/home/neuberfran/rpmsg_lite_files/middleware/issdk/algorithms/pedometer/source/pedometer.c.obj
LOAD CMakeFiles/rpmsg_lite_str_echo_rtos_imxcm4.elf.dir/home/neuberfran/rpmsg_lite_files/middleware/multicore/rpmsg_lite/lib/common/llist.c.obj
LOAD CMakeFiles/rpmsg_lite_str_echo_rtos_imxcm4.elf.dir/home/neuberfran/rpmsg_lite_files/middleware/multicore/rpmsg_lite/lib/rpmsg_lite/rpmsg_lite.c.obj
LOAD CMakeFiles/rpmsg_lite_str_echo_rtos_imxcm4.elf.dir/home/neuberfran/rpmsg_lite_files/middleware/multicore/rpmsg_lite/lib/rpmsg_lite/rpmsg_ns.c.obj
LOAD CMakeFiles/rpmsg_lite_str_echo_rtos_imxcm4.elf.dir/home/neuberfran/rpmsg_lite_files/middleware/multicore/rpmsg_lite/lib/virtio/virtqueue.c.obj
LOAD CMakeFiles/rpmsg_lite_str_echo_rtos_imxcm4.elf.dir/home/neuberfran/rpmsg_lite_files/middleware/multicore/rpmsg_lite/lib/rpmsg_lite/porting/environment/rpmsg_env_freertos.c.obj
LOAD CMakeFiles/rpmsg_lite_str_echo_rtos_imxcm4.elf.dir/home/neuberfran/rpmsg_lite_files/middleware/multicore/rpmsg_lite/lib/rpmsg_lite/rpmsg_queue.c.obj
LOAD CMakeFiles/rpmsg_lite_str_echo_rtos_imxcm4.elf.dir/home/neuberfran/rpmsg_lite_files/middleware/multicore/rpmsg_lite/lib/rpmsg_lite/porting/platform/imx7ulp_m4/rpmsg_platform.c.obj
LOAD CMakeFiles/rpmsg_lite_str_echo_rtos_imxcm4.elf.dir/home/neuberfran/rpmsg_lite_files/devices/MCIMX7U5/utilities/fsl_sbrk.c.obj
LOAD CMakeFiles/rpmsg_lite_str_echo_rtos_imxcm4.elf.dir/home/neuberfran/rpmsg_lite_files/devices/MCIMX7U5/utilities/fsl_syscall_stub.c.obj
LOAD CMakeFiles/rpmsg_lite_str_echo_rtos_imxcm4.elf.dir/home/neuberfran/rpmsg_lite_files/devices/MCIMX7U5/utilities/fsl_memcpy.S.obj
LOAD CMakeFiles/rpmsg_lite_str_echo_rtos_imxcm4.elf.dir/home/neuberfran/rpmsg_lite_files/devices/MCIMX7U5/utilities/fsl_assert.c.obj
LOAD CMakeFiles/rpmsg_lite_str_echo_rtos_imxcm4.elf.dir/home/neuberfran/rpmsg_lite_files/devices/MCIMX7U5/utilities/str/fsl_str.c.obj
LOAD CMakeFiles/rpmsg_lite_str_echo_rtos_imxcm4.elf.dir/home/neuberfran/rpmsg_lite_files/devices/MCIMX7U5/utilities/debug_console/fsl_debug_console.c.obj
START GROUP
LOAD /home/neuberfran/rpmsg_lite_files/middleware/issdk/algorithms/pedometer/lib/libpedometerm4.a
END GROUP
START GROUP
LOAD /home/neuberfran/neuber/gcc-arm-none-eabi-10.3-2021.10/bin/../lib/gcc/arm-none-eabi/10.3.1/../../../../arm-none-eabi/lib/thumb/v7e-m+fp/hard/libm.a
LOAD /home/neuberfran/neuber/gcc-arm-none-eabi-10.3-2021.10/bin/../lib/gcc/arm-none-eabi/10.3.1/../../../../arm-none-eabi/lib/thumb/v7e-m+fp/hard/libc_nano.a
LOAD /home/neuberfran/neuber/gcc-arm-none-eabi-10.3-2021.10/bin/../lib/gcc/arm-none-eabi/10.3.1/thumb/v7e-m+fp/hard/libgcc.a
LOAD /home/neuberfran/neuber/gcc-arm-none-eabi-10.3-2021.10/bin/../lib/gcc/arm-none-eabi/10.3.1/../../../../arm-none-eabi/lib/thumb/v7e-m+fp/hard/libnosys.a
END GROUP
START GROUP
LOAD /home/neuberfran/neuber/gcc-arm-none-eabi-10.3-2021.10/bin/../lib/gcc/arm-none-eabi/10.3.1/thumb/v7e-m+fp/hard/libgcc.a
LOAD /home/neuberfran/neuber/gcc-arm-none-eabi-10.3-2021.10/bin/../lib/gcc/arm-none-eabi/10.3.1/../../../../arm-none-eabi/lib/thumb/v7e-m+fp/hard/libc_nano.a
END GROUP
START GROUP
LOAD /home/neuberfran/neuber/gcc-arm-none-eabi-10.3-2021.10/bin/../lib/gcc/arm-none-eabi/10.3.1/thumb/v7e-m+fp/hard/libgcc.a
LOAD /home/neuberfran/neuber/gcc-arm-none-eabi-10.3-2021.10/bin/../lib/gcc/arm-none-eabi/10.3.1/../../../../arm-none-eabi/lib/thumb/v7e-m+fp/hard/libc_nano.a
LOAD /home/neuberfran/neuber/gcc-arm-none-eabi-10.3-2021.10/bin/../lib/gcc/arm-none-eabi/10.3.1/../../../../arm-none-eabi/lib/thumb/v7e-m+fp/hard/libnosys.a
END GROUP
START GROUP
LOAD /home/neuberfran/neuber/gcc-arm-none-eabi-10.3-2021.10/bin/../lib/gcc/arm-none-eabi/10.3.1/thumb/v7e-m+fp/hard/libgcc.a
LOAD /home/neuberfran/neuber/gcc-arm-none-eabi-10.3-2021.10/bin/../lib/gcc/arm-none-eabi/10.3.1/../../../../arm-none-eabi/lib/thumb/v7e-m+fp/hard/libc_nano.a
LOAD /home/neuberfran/neuber/gcc-arm-none-eabi-10.3-2021.10/bin/../lib/gcc/arm-none-eabi/10.3.1/../../../../arm-none-eabi/lib/thumb/v7e-m+fp/hard/libnosys.a
END GROUP
LOAD /home/neuberfran/neuber/gcc-arm-none-eabi-10.3-2021.10/bin/../lib/gcc/arm-none-eabi/10.3.1/thumb/v7e-m+fp/hard/crtend.o
LOAD /home/neuberfran/neuber/gcc-arm-none-eabi-10.3-2021.10/bin/../lib/gcc/arm-none-eabi/10.3.1/thumb/v7e-m+fp/hard/crtn.o
                0x0000000000000400                HEAP_SIZE = DEFINED (__heap_size__)?__heap_size__:0x400
                0x0000000000000400                STACK_SIZE = DEFINED (__stack_size__)?__stack_size__:0x400
                0x0000000000000240                M_VECTOR_RAM_SIZE = DEFINED (__ram_vector_table__)?0x240:0x0

.interrupts     0x0000000004002000      0x240
                0x0000000004002000                __VECTOR_TABLE = .
                0x0000000004002000                __Vectors = .
                0x0000000004002000                . = ALIGN (0x4)
 *(.isr_vector)
 .isr_vector    0x0000000004002000      0x240 CMakeFiles/rpmsg_lite_str_echo_rtos_imxcm4.elf.dir/home/neuberfran/rpmsg_lite_files/devices/MCIMX7U5/gcc/startup_MCIMX7U5_cm4.S.obj
                0x0000000004002000                __isr_vector
                0x0000000004002240                . = ALIGN (0x4)

.resource_table
                0x0000000004002240       0xa0
                0x0000000004002240                . = ALIGN (0x8)
 *(.resource_table)
 .resource_table
                0x0000000004002240       0xa0 CMakeFiles/rpmsg_lite_str_echo_rtos_imxcm4.elf.dir/home/neuberfran/rpmsg_lite_files/boards/evkmcimx7ulp/multicore_examples/rpmsg_lite_str_echo_rtos/rsc_table.c.obj
                0x0000000004002240                resources
                0x00000000040022e0                . = ALIGN (0x8)

.text           0x00000000040022e0    0x10700
                0x00000000040022e0                . = ALIGN (0x4)
 *(.text)
 .text          0x00000000040022e0       0x40 /home/neuberfran/neuber/gcc-arm-none-eabi-10.3-2021.10/bin/../lib/gcc/arm-none-eabi/10.3.1/thumb/v7e-m+fp/hard/crtbegin.o
 .text          0x0000000004002320       0x7c /home/neuberfran/neuber/gcc-arm-none-eabi-10.3-2021.10/bin/../lib/gcc/arm-none-eabi/10.3.1/../../../../arm-none-eabi/lib/thumb/v7e-m+fp/hard/crt0.o
                0x0000000004002320                _stack_init
                0x0000000004002328                _mainCRTStartup
                0x0000000004002328                _start
 .text          0x000000000400239c      0x184 CMakeFiles/rpmsg_lite_str_echo_rtos_imxcm4.elf.dir/home/neuberfran/rpmsg_lite_files/devices/MCIMX7U5/gcc/startup_MCIMX7U5_cm4.S.obj
                0x000000000400239c                Reset_Handler
                0x00000000040023fc                Reserved96_IRQHandler
                0x00000000040023fc                Reserved134_IRQHandler
                0x00000000040023fc                DMA0_Error_DriverIRQHandler
                0x00000000040023fc                Reserved111_IRQHandler
                0x00000000040023fc                DebugMon_Handler
                0x00000000040023fc                Reserved88_IRQHandler
                0x00000000040023fc                Reserved103_IRQHandler
                0x00000000040023fc                Reserved114_IRQHandler
                0x00000000040023fc                Reserved89_IRQHandler
                0x00000000040023fc                Reserved137_IRQHandler
                0x00000000040023fc                Reserved99_IRQHandler
                0x00000000040023fc                TPM0_IRQHandler
                0x00000000040023fc                LPIT0_IRQHandler
                0x00000000040023fc                Reserved119_IRQHandler
                0x00000000040023fc                USB1_IRQHandler
                0x00000000040023fc                Reserved116_IRQHandler
                0x00000000040023fc                WDOG0_IRQHandler
                0x00000000040023fc                GPU2D_IRQHandler
                0x00000000040023fc                ADC0_IRQHandler
                0x00000000040023fc                Reserved39_IRQHandler
                0x00000000040023fc                DPM_IRQHandler
                0x00000000040023fc                FLEXIO0_DriverIRQHandler
                0x00000000040023fc                UsageFault_Handler
                0x00000000040023fc                WDOG1_IRQHandler
                0x00000000040023fc                DefaultISR
                0x00000000040023fc                Reserved129_IRQHandler
                0x00000000040023fc                CMP1_IRQHandler
                0x00000000040023fc                Reserved132_IRQHandler
                0x00000000040023fc                PMC0_IRQHandler
                0x00000000040023fc                ADC1_IRQHandler
                0x00000000040023fc                TPM2_IRQHandler
                0x00000000040023fc                Reserved128_IRQHandler
                0x00000000040023fc                CMC0_IRQHandler
                0x00000000040023fc                QSPI_DriverIRQHandler
                0x00000000040023fc                EWM_IRQHandler
                0x00000000040023fc                Reserved95_IRQHandler
                0x00000000040023fc                TPM3_IRQHandler
                0x00000000040023fc                WDOG2_IRQHandler
                0x00000000040023fc                Reserved121_IRQHandler
                0x00000000040023fc                Reserved126_IRQHandler
                0x00000000040023fc                Reserved140_IRQHandler
                0x00000000040023fc                Reserved108_IRQHandler
                0x00000000040023fc                TRNG0_IRQHandler
                0x00000000040023fc                Reserved117_IRQHandler
                0x00000000040023fc                Reserved110_IRQHandler
                0x00000000040023fc                Reserved107_IRQHandler
                0x00000000040023fc                Reserved125_IRQHandler
                0x00000000040023fc                Reserved98_IRQHandler
                0x00000000040023fc                SIM_IRQHandler
                0x00000000040023fc                Reserved102_IRQHandler
                0x00000000040023fc                LPSPI0_DriverIRQHandler
                0x00000000040023fc                CTI0_IRQHandler
                0x00000000040023fc                Reserved105_IRQHandler
                0x00000000040023fc                XRDC_IRQHandler
                0x00000000040023fc                Reserved104_IRQHandler
                0x00000000040023fc                Software1_IRQHandler
                0x00000000040023fc                Reserved101_IRQHandler
                0x00000000040023fc                USB0_IRQHandler
                0x00000000040023fc                Reserved135_IRQHandler
                0x00000000040023fc                MemManage_Handler
                0x00000000040023fc                Reserved90_IRQHandler
                0x00000000040023fc                Reserved83_IRQHandler
                0x00000000040023fc                Reserved133_IRQHandler
                0x00000000040023fc                Reserved115_IRQHandler
                0x00000000040023fc                SCG0_IRQHandler
                0x00000000040023fc                Reserved109_IRQHandler
                0x00000000040023fc                LTC_IRQHandler
                0x00000000040023fc                Reserved123_IRQHandler
                0x00000000040023fc                Reserved142_IRQHandler
                0x00000000040023fc                Reserved100_IRQHandler
                0x00000000040023fc                Reserved97_IRQHandler
                0x00000000040023fc                Reserved127_IRQHandler
                0x00000000040023fc                LPSPI1_DriverIRQHandler
                0x00000000040023fc                DAC0_IRQHandler
                0x00000000040023fc                Reserved118_IRQHandler
                0x00000000040023fc                Reserved131_IRQHandler
                0x00000000040023fc                Reserved143_IRQHandler
                0x00000000040023fc                GPU3D_IRQHandler
                0x00000000040023fc                Reserved94_IRQHandler
                0x00000000040023fc                Reserved136_IRQHandler
                0x00000000040023fc                Reserved138_IRQHandler
                0x00000000040023fc                Reserved139_IRQHandler
                0x00000000040023fc                Reserved112_IRQHandler
                0x00000000040023fc                Reserved130_IRQHandler
                0x00000000040023fc                TPM1_IRQHandler
                0x00000000040023fc                Reserved141_IRQHandler
                0x00000000040023fc                Reserved106_IRQHandler
                0x00000000040023fc                MCM0_IRQHandler
                0x00000000040023fc                DAC1_IRQHandler
                0x00000000040023fc                Software2_IRQHandler
                0x00000000040023fc                Reserved124_IRQHandler
                0x00000000040023fc                LPTMR0_IRQHandler
                0x00000000040023fc                BusFault_Handler
                0x00000000040023fc                Reserved87_IRQHandler
                0x00000000040023fc                Reserved93_IRQHandler
                0x00000000040023fc                LPTMR1_IRQHandler
                0x00000000040023fc                Reserved120_IRQHandler
                0x00000000040023fc                CMP0_IRQHandler
                0x00000000040023fc                Reserved122_IRQHandler
                0x00000000040023fc                Reserved113_IRQHandler
                0x0000000004002400                NMI_Handler
                0x0000000004002404                HardFault_Handler
                0x0000000004002414                DMA0_0_4_IRQHandler
                0x0000000004002418                DMA0_1_5_IRQHandler
                0x000000000400241c                DMA0_2_6_IRQHandler
                0x0000000004002420                DMA0_3_7_IRQHandler
                0x0000000004002424                DMA0_8_12_IRQHandler
                0x0000000004002428                DMA0_9_13_IRQHandler
                0x000000000400242c                DMA0_10_14_IRQHandler
                0x0000000004002430                DMA0_11_15_IRQHandler
                0x0000000004002434                DMA0_16_20_IRQHandler
                0x0000000004002438                DMA0_17_21_IRQHandler
                0x000000000400243c                DMA0_18_22_IRQHandler
                0x0000000004002440                DMA0_19_23_IRQHandler
                0x0000000004002444                DMA0_24_28_IRQHandler
                0x0000000004002448                DMA0_25_29_IRQHandler
                0x000000000400244c                DMA0_26_30_IRQHandler
                0x0000000004002450                DMA0_27_31_IRQHandler
                0x0000000004002454                DMA0_Error_IRQHandler
                0x0000000004002458                QSPI_IRQHandler
                0x000000000400245c                FLEXIO0_IRQHandler
                0x0000000004002460                LPI2C0_IRQHandler
                0x0000000004002464                LPI2C1_IRQHandler
                0x0000000004002468                LPI2C2_IRQHandler
                0x000000000400246c                LPI2C3_IRQHandler
                0x0000000004002470                I2S0_IRQHandler
                0x0000000004002474                I2S1_IRQHandler
                0x0000000004002478                LPSPI0_IRQHandler
                0x000000000400247c                LPSPI1_IRQHandler
                0x0000000004002480                LPUART0_IRQHandler
                0x0000000004002484                LPUART1_IRQHandler
                0x0000000004002488                LPUART2_IRQHandler
                0x000000000400248c                LPUART3_IRQHandler
 .text          0x0000000004002520       0xa0 CMakeFiles/rpmsg_lite_str_echo_rtos_imxcm4.elf.dir/home/neuberfran/rpmsg_lite_files/devices/MCIMX7U5/utilities/fsl_memcpy.S.obj
                0x0000000004002520                memcpy
 .text          0x00000000040025c0        0x4 /home/neuberfran/rpmsg_lite_files/middleware/issdk/algorithms/pedometer/lib/libpedometerm4.a(KeynetikPedometer.o)
                0x00000000040025c0                Keynetik::CircularBufferImpl::IsFull() const
 .text          0x00000000040025c4       0x56 /home/neuberfran/rpmsg_lite_files/middleware/issdk/algorithms/pedometer/lib/libpedometerm4.a(KeynetikPedometer.o)
                0x00000000040025c4                Keynetik::CircularBufferImpl::CalcOrder(unsigned short, unsigned short, unsigned short, unsigned short*, unsigned short*)
 .text          0x000000000400261a        0xe /home/neuberfran/rpmsg_lite_files/middleware/issdk/algorithms/pedometer/lib/libpedometerm4.a(KeynetikPedometer.o)
                0x000000000400261a                Keynetik::TCircularBuffer<(unsigned short)20, short>::MaxSpread() const
 .text          0x0000000004002628       0xa2 /home/neuberfran/rpmsg_lite_files/middleware/issdk/algorithms/pedometer/lib/libpedometerm4.a(KeynetikPedometer.o)
                0x0000000004002628                Keynetik::TCircularBuffer<(unsigned short)20, short>::MaxSpread(unsigned short&, unsigned short&) const
 .text          0x00000000040026ca        0x6 /home/neuberfran/rpmsg_lite_files/middleware/issdk/algorithms/pedometer/lib/libpedometerm4.a(KeynetikPedometer.o)
                0x00000000040026ca                Keynetik::Fixed::Fixed(int)
 .text          0x00000000040026d0        0x4 /home/neuberfran/rpmsg_lite_files/middleware/issdk/algorithms/pedometer/lib/libpedometerm4.a(KeynetikPedometer.o)
                0x00000000040026d0                Keynetik::PedometerCore::SetThreshold(short)
 .text          0x00000000040026d4        0x4 /home/neuberfran/rpmsg_lite_files/middleware/issdk/algorithms/pedometer/lib/libpedometerm4.a(KeynetikPedometer.o)
                0x00000000040026d4                Keynetik::PedometerCore::GetReadingCount() const
 .text          0x00000000040026d8        0x4 /home/neuberfran/rpmsg_lite_files/middleware/issdk/algorithms/pedometer/lib/libpedometerm4.a(KeynetikPedometer.o)
                0x00000000040026d8                Keynetik::PedometerStatsCore::SetGender(bool)
 .text          0x00000000040026dc        0x4 /home/neuberfran/rpmsg_lite_files/middleware/issdk/algorithms/pedometer/lib/libpedometerm4.a(KeynetikPedometer.o)
                0x00000000040026dc                Keynetik::PedometerStatsCore::SetHeight(unsigned char)
 .text          0x00000000040026e0        0x4 /home/neuberfran/rpmsg_lite_files/middleware/issdk/algorithms/pedometer/lib/libpedometerm4.a(KeynetikPedometer.o)
                0x00000000040026e0                Keynetik::PedometerStatsCore::SetWeight(unsigned char)
 .text          0x00000000040026e4        0x4 /home/neuberfran/rpmsg_lite_files/middleware/issdk/algorithms/pedometer/lib/libpedometerm4.a(KeynetikPedometer.o)
                0x00000000040026e4                Keynetik::PedometerStatsCore::SetStride(unsigned char)
 .text          0x00000000040026e8        0xe /home/neuberfran/rpmsg_lite_files/middleware/issdk/algorithms/pedometer/lib/libpedometerm4.a(KeynetikPedometer.o)
                0x00000000040026e8                Keynetik::PedometerStatsCore::SetStepDelay(unsigned char)
 .text          0x00000000040026f6        0x4 /home/neuberfran/rpmsg_lite_files/middleware/issdk/algorithms/pedometer/lib/libpedometerm4.a(KeynetikPedometer.o)
                0x00000000040026f6                Keynetik::PedometerStatsCore::SetDelayTime(unsigned char)
 .text          0x00000000040026fa        0x6 /home/neuberfran/rpmsg_lite_files/middleware/issdk/algorithms/pedometer/lib/libpedometerm4.a(KeynetikPedometer.o)
                0x00000000040026fa                Keynetik::PedometerStatsCore::GetStepCount() const
 .text          0x0000000004002700        0x6 /home/neuberfran/rpmsg_lite_files/middleware/issdk/algorithms/pedometer/lib/libpedometerm4.a(KeynetikPedometer.o)
                0x0000000004002700                Keynetik::PedometerStatsCore::GetDistance() const
 .text          0x0000000004002706        0x4 /home/neuberfran/rpmsg_lite_files/middleware/issdk/algorithms/pedometer/lib/libpedometerm4.a(KeynetikPedometer.o)
                0x0000000004002706                Keynetik::PedometerStatsCore::GetPedometer()
 .text          0x000000000400270a        0x4 /home/neuberfran/rpmsg_lite_files/middleware/issdk/algorithms/pedometer/lib/libpedometerm4.a(KeynetikPedometer.o)
                0x000000000400270a                Keynetik::PedometerActivity::GetSpeed() const
 *fill*         0x000000000400270e        0x2 
 .text          0x0000000004002710      0x256 /home/neuberfran/rpmsg_lite_files/middleware/issdk/algorithms/pedometer/lib/libpedometerm4.a(KeynetikPedometer.o)
                0x0000000004002710                KeynetikInitialize
                0x00000000040027f2                KeynetikHandleIncomingEvent
                0x00000000040028fc                KeynetikReset
                0x0000000004002964                KeynetikTerminate
 .text          0x0000000004002966        0x8 /home/neuberfran/rpmsg_lite_files/middleware/issdk/algorithms/pedometer/lib/libpedometerm4.a(KPedometerActivity.o)
                0x0000000004002966                Keynetik::CircularBufferImpl::CircularBufferImpl()
 .text          0x000000000400296e        0xe /home/neuberfran/rpmsg_lite_files/middleware/issdk/algorithms/pedometer/lib/libpedometerm4.a(KPedometerActivity.o)
                0x000000000400296e                Keynetik::CircularBufferImpl::CircularBufferImpl()
 .text          0x000000000400297c        0x4 /home/neuberfran/rpmsg_lite_files/middleware/issdk/algorithms/pedometer/lib/libpedometerm4.a(KPedometerActivity.o)
                0x000000000400297c                Keynetik::CircularBufferImpl::GetSize() const
 .text          0x0000000004002980       0x10 /home/neuberfran/rpmsg_lite_files/middleware/issdk/algorithms/pedometer/lib/libpedometerm4.a(KPedometerActivity.o)
                0x0000000004002980                Keynetik::CircularBufferImpl::GetOldestIdx() const
 .text          0x0000000004002990       0x22 /home/neuberfran/rpmsg_lite_files/middleware/issdk/algorithms/pedometer/lib/libpedometerm4.a(KPedometerActivity.o)
                0x0000000004002990                Keynetik::CircularBufferImpl::GetNewestIdx() const
 .text          0x00000000040029b2       0x1c /home/neuberfran/rpmsg_lite_files/middleware/issdk/algorithms/pedometer/lib/libpedometerm4.a(KPedometerActivity.o)
                0x00000000040029b2                Keynetik::CircularBufferImpl::GetNextIdx(unsigned short) const
 .text          0x00000000040029ce       0x2a /home/neuberfran/rpmsg_lite_files/middleware/issdk/algorithms/pedometer/lib/libpedometerm4.a(KPedometerActivity.o)
                0x00000000040029ce                Keynetik::CircularBufferImpl::GetPrevIdx(unsigned short) const
 .text          0x00000000040029f8       0x16 /home/neuberfran/rpmsg_lite_files/middleware/issdk/algorithms/pedometer/lib/libpedometerm4.a(KPedometerActivity.o)
                0x00000000040029f8                Keynetik::CircularBufferImpl::IsEmpty() const
 .text          0x0000000004002a0e       0x16 /home/neuberfran/rpmsg_lite_files/middleware/issdk/algorithms/pedometer/lib/libpedometerm4.a(KPedometerActivity.o)
                0x0000000004002a0e                Keynetik::TCircularBuffer<(unsigned short)15, unsigned char>::Clear()
 .text          0x0000000004002a24       0x1a /home/neuberfran/rpmsg_lite_files/middleware/issdk/algorithms/pedometer/lib/libpedometerm4.a(KPedometerActivity.o)
                0x0000000004002a24                Keynetik::TCircularBuffer<(unsigned short)15, unsigned char>::TCircularBuffer(unsigned short)
 .text          0x0000000004002a3e       0x16 /home/neuberfran/rpmsg_lite_files/middleware/issdk/algorithms/pedometer/lib/libpedometerm4.a(KPedometerActivity.o)
                0x0000000004002a3e                Keynetik::TCircularBuffer<(unsigned short)15, unsigned char>::GetData(unsigned short) const
 .text          0x0000000004002a54       0x1e /home/neuberfran/rpmsg_lite_files/middleware/issdk/algorithms/pedometer/lib/libpedometerm4.a(KPedometerActivity.o)
                0x0000000004002a54                Keynetik::TCircularBuffer<(unsigned short)15, unsigned char>::Append(unsigned char)
 .text          0x0000000004002a72       0x30 /home/neuberfran/rpmsg_lite_files/middleware/issdk/algorithms/pedometer/lib/libpedometerm4.a(KPedometerActivity.o)
                0x0000000004002a72                Keynetik::TCircularBuffer<(unsigned short)15, unsigned char>::Resize(unsigned short)
 .text          0x0000000004002aa2      0x220 /home/neuberfran/rpmsg_lite_files/middleware/issdk/algorithms/pedometer/lib/libpedometerm4.a(KPedometerActivity.o)
                0x0000000004002aa2                Keynetik::PedometerActivity::PedometerActivity()
                0x0000000004002aaa                Keynetik::PedometerActivity::~PedometerActivity()
                0x0000000004002ab2                Keynetik::PedometerActivity::PedometerActivity()
                0x0000000004002af0                Keynetik::PedometerActivity::~PedometerActivity()
                0x0000000004002af2                Keynetik::PedometerActivity::CalcActivityLevel() const
                0x0000000004002b1a                Keynetik::PedometerActivity::HandleReading(unsigned int)
                0x0000000004002b72                Keynetik::PedometerActivity::HandleStep(unsigned int, unsigned char)
                0x0000000004002bb2                Keynetik::PedometerActivity::InstaSpeed(unsigned int)
                0x0000000004002c96                Keynetik::PedometerActivity::Reset()
 .text          0x0000000004002cc2        0xa /home/neuberfran/rpmsg_lite_files/middleware/issdk/algorithms/pedometer/lib/libpedometerm4.a(KPedometerActivity.o)
                0x0000000004002cc2                Keynetik::CircularBufferConstIteratorImpl::CircularBufferConstIteratorImpl(unsigned short, Keynetik::CircularBufferImpl const&, int)
 .text          0x0000000004002ccc       0x58 /home/neuberfran/rpmsg_lite_files/middleware/issdk/algorithms/pedometer/lib/libpedometerm4.a(KPedometerActivity.o)
                0x0000000004002ccc                Keynetik::CircularBufferConstIteratorImpl::CircularBufferConstIteratorImpl(unsigned short, Keynetik::CircularBufferImpl const&, int)
 .text          0x0000000004002d24       0x28 /home/neuberfran/rpmsg_lite_files/middleware/issdk/algorithms/pedometer/lib/libpedometerm4.a(KPedometerActivity.o)
                0x0000000004002d24                Keynetik::CircularBufferConstIteratorImpl::Next()
 .text          0x0000000004002d4c       0x28 /home/neuberfran/rpmsg_lite_files/middleware/issdk/algorithms/pedometer/lib/libpedometerm4.a(KPedometerActivity.o)
                0x0000000004002d4c                Keynetik::CircularBufferConstIteratorImpl::Prev()
 .text          0x0000000004002d74       0x14 /home/neuberfran/rpmsg_lite_files/middleware/issdk/algorithms/pedometer/lib/libpedometerm4.a(KPedometerActivity.o)
                0x0000000004002d74                Keynetik::TCircularBufferConstIterator<(unsigned short)15, unsigned char>::TCircularBufferConstIterator(Keynetik::TCircularBuffer<(unsigned short)15, unsigned char> const&, int)
 .text          0x0000000004002d88       0x10 /home/neuberfran/rpmsg_lite_files/middleware/issdk/algorithms/pedometer/lib/libpedometerm4.a(KPedometerActivity.o)
                0x0000000004002d88                Keynetik::TCircularBufferConstIterator<(unsigned short)15, unsigned char>::IsGood() const
 .text          0x0000000004002d98        0x4 /home/neuberfran/rpmsg_lite_files/middleware/issdk/algorithms/pedometer/lib/libpedometerm4.a(KPedometerActivity.o)
                0x0000000004002d98                Keynetik::TCircularBufferConstIterator<(unsigned short)15, unsigned char>::GetIndex()
 .text          0x0000000004002d9c        0x8 /home/neuberfran/rpmsg_lite_files/middleware/issdk/algorithms/pedometer/lib/libpedometerm4.a(KPedometerActivity.o)
                0x0000000004002d9c                Keynetik::TCircularBufferConstIterator<(unsigned short)15, unsigned char>::Prev()
 .text          0x0000000004002da4        0xc /home/neuberfran/rpmsg_lite_files/middleware/issdk/algorithms/pedometer/lib/libpedometerm4.a(KPedometerActivity.o)
                0x0000000004002da4                Keynetik::AccelerometerReading::GetFrequency()
 .text          0x0000000004002db0      0x4b6 /home/neuberfran/rpmsg_lite_files/middleware/issdk/algorithms/pedometer/lib/libpedometerm4.a(KPedometerStatsCore.o)
                0x0000000004002db0                Keynetik::PedometerStatsCore::PedometerStatsCore(Keynetik::ColumnLogger*)
                0x0000000004002db8                Keynetik::PedometerStatsCore::~PedometerStatsCore()
                0x0000000004002dc0                Keynetik::PedometerStatsCore::PedometerStatsCore(Keynetik::ColumnLogger*)
                0x0000000004002e18                Keynetik::PedometerStatsCore::~PedometerStatsCore()
                0x0000000004002e30                Keynetik::PedometerStatsCore::HandleIncomingEvent(Keynetik::AccelerometerReading const&)
                0x0000000004002eb8                Keynetik::PedometerStatsCore::HandleIncomingEvent(short, short, short)
                0x0000000004002edc                Keynetik::PedometerStatsCore::HandleStep()
                0x0000000004002ff0                Keynetik::PedometerStatsCore::RegisterStep(unsigned short)
                0x0000000004003038                Keynetik::PedometerStatsCore::Reset()
                0x00000000040030b6                Keynetik::PedometerStatsCore::SpeedMtpH(unsigned int, unsigned int)
                0x0000000004003116                Keynetik::PedometerStatsCore::GetSpeed() const
                0x0000000004003144                Keynetik::PedometerStatsCore::GetSpeedMtpH() const
                0x0000000004003160                Keynetik::PedometerStatsCore::GetCalories() const
                0x000000000400316c                Keynetik::PedometerStatsCore::GetElapsedTimeSec() const
                0x00000000040031b0                Keynetik::PedometerStatsCore::HandleIncomingEvent(Keynetik::GpsReading const&)
                0x0000000004003238                Keynetik::PedometerStatsCore::SetMinStride(unsigned char)
                0x000000000400323c                Keynetik::PedometerStatsCore::SetMaxStride(unsigned char)
                0x0000000004003240                Keynetik::PedometerStatsCore::UpdateBaseStrideLength()
 .text          0x0000000004003266       0x16 /home/neuberfran/rpmsg_lite_files/middleware/issdk/algorithms/pedometer/lib/libpedometerm4.a(KPedometerStatsCore.o)
                0x0000000004003266                Keynetik::TCircularBuffer<(unsigned short)20, unsigned short>::Clear()
 .text          0x000000000400327c       0x1a /home/neuberfran/rpmsg_lite_files/middleware/issdk/algorithms/pedometer/lib/libpedometerm4.a(KPedometerStatsCore.o)
                0x000000000400327c                Keynetik::TCircularBuffer<(unsigned short)20, unsigned short>::TCircularBuffer(unsigned short)
 .text          0x0000000004003296       0x18 /home/neuberfran/rpmsg_lite_files/middleware/issdk/algorithms/pedometer/lib/libpedometerm4.a(KPedometerStatsCore.o)
                0x0000000004003296                Keynetik::TCircularBuffer<(unsigned short)20, unsigned short>::GetData(unsigned short) const
 .text          0x00000000040032ae       0x20 /home/neuberfran/rpmsg_lite_files/middleware/issdk/algorithms/pedometer/lib/libpedometerm4.a(KPedometerStatsCore.o)
                0x00000000040032ae                Keynetik::TCircularBuffer<(unsigned short)20, unsigned short>::Append(unsigned short)
 .text          0x00000000040032ce       0x30 /home/neuberfran/rpmsg_lite_files/middleware/issdk/algorithms/pedometer/lib/libpedometerm4.a(KPedometerStatsCore.o)
                0x00000000040032ce                Keynetik::TCircularBuffer<(unsigned short)20, unsigned short>::Resize(unsigned short)
 .text          0x00000000040032fe        0x6 /home/neuberfran/rpmsg_lite_files/middleware/issdk/algorithms/pedometer/lib/libpedometerm4.a(KPedometerStatsCore.o)
                0x00000000040032fe                Keynetik::Fixed::Fixed(Keynetik::Fixed const&)
 .text          0x0000000004003304        0x6 /home/neuberfran/rpmsg_lite_files/middleware/issdk/algorithms/pedometer/lib/libpedometerm4.a(KPedometerStatsCore.o)
                0x0000000004003304                Keynetik::Fixed::Fixed(unsigned int)
 .text          0x000000000400330a        0x4 /home/neuberfran/rpmsg_lite_files/middleware/issdk/algorithms/pedometer/lib/libpedometerm4.a(KPedometerStatsCore.o)
                0x000000000400330a                Keynetik::Fixed::Fixed(void*)
 .text          0x000000000400330e        0x6 /home/neuberfran/rpmsg_lite_files/middleware/issdk/algorithms/pedometer/lib/libpedometerm4.a(KPedometerStatsCore.o)
                0x000000000400330e                Keynetik::Fixed::ToInt() const
 .text          0x0000000004003314       0x14 /home/neuberfran/rpmsg_lite_files/middleware/issdk/algorithms/pedometer/lib/libpedometerm4.a(KPedometerStatsCore.o)
                0x0000000004003314                Keynetik::TCircularBufferConstIterator<(unsigned short)20, unsigned short>::TCircularBufferConstIterator(Keynetik::TCircularBuffer<(unsigned short)20, unsigned short> const&)
 .text          0x0000000004003328       0x14 /home/neuberfran/rpmsg_lite_files/middleware/issdk/algorithms/pedometer/lib/libpedometerm4.a(KPedometerStatsCore.o)
                0x0000000004003328                Keynetik::TCircularBufferConstIterator<(unsigned short)20, unsigned short>::TCircularBufferConstIterator(Keynetik::TCircularBuffer<(unsigned short)20, unsigned short> const&, int)
 .text          0x000000000400333c        0x4 /home/neuberfran/rpmsg_lite_files/middleware/issdk/algorithms/pedometer/lib/libpedometerm4.a(KPedometerStatsCore.o)
                0x000000000400333c                Keynetik::TCircularBufferConstIterator<(unsigned short)20, unsigned short>::GetBuffer() const
 .text          0x0000000004003340       0x10 /home/neuberfran/rpmsg_lite_files/middleware/issdk/algorithms/pedometer/lib/libpedometerm4.a(KPedometerStatsCore.o)
                0x0000000004003340                Keynetik::TCircularBufferConstIterator<(unsigned short)20, unsigned short>::IsGood() const
 .text          0x0000000004003350       0x12 /home/neuberfran/rpmsg_lite_files/middleware/issdk/algorithms/pedometer/lib/libpedometerm4.a(KPedometerStatsCore.o)
                0x0000000004003350                Keynetik::TCircularBufferConstIterator<(unsigned short)20, unsigned short>::GetValue() const
 .text          0x0000000004003362        0x8 /home/neuberfran/rpmsg_lite_files/middleware/issdk/algorithms/pedometer/lib/libpedometerm4.a(KPedometerStatsCore.o)
                0x0000000004003362                Keynetik::TCircularBufferConstIterator<(unsigned short)20, unsigned short>::Next()
 .text          0x000000000400336a        0x8 /home/neuberfran/rpmsg_lite_files/middleware/issdk/algorithms/pedometer/lib/libpedometerm4.a(KPedometerStatsCore.o)
                0x000000000400336a                Keynetik::XYZ::X() const
 .text          0x0000000004003372        0xa /home/neuberfran/rpmsg_lite_files/middleware/issdk/algorithms/pedometer/lib/libpedometerm4.a(KPedometerStatsCore.o)
                0x0000000004003372                Keynetik::XYZ::Y() const
 .text          0x000000000400337c        0xa /home/neuberfran/rpmsg_lite_files/middleware/issdk/algorithms/pedometer/lib/libpedometerm4.a(KPedometerStatsCore.o)
                0x000000000400337c                Keynetik::XYZ::Z() const
 .text          0x0000000004003386        0x8 /home/neuberfran/rpmsg_lite_files/middleware/issdk/algorithms/pedometer/lib/libpedometerm4.a(KPedometerStatsCore.o)
                0x0000000004003386                Keynetik::AccelerometerReading::X() const
 .text          0x000000000400338e        0x8 /home/neuberfran/rpmsg_lite_files/middleware/issdk/algorithms/pedometer/lib/libpedometerm4.a(KPedometerStatsCore.o)
                0x000000000400338e                Keynetik::AccelerometerReading::Y() const
 .text          0x0000000004003396        0x8 /home/neuberfran/rpmsg_lite_files/middleware/issdk/algorithms/pedometer/lib/libpedometerm4.a(KPedometerStatsCore.o)
                0x0000000004003396                Keynetik::AccelerometerReading::Z() const
 .text          0x000000000400339e        0x4 /home/neuberfran/rpmsg_lite_files/middleware/issdk/algorithms/pedometer/lib/libpedometerm4.a(KPedometerStatsCore.o)
                0x000000000400339e                Keynetik::PedometerCore::GetStepRate() const
 .text          0x00000000040033a2        0x6 /home/neuberfran/rpmsg_lite_files/middleware/issdk/algorithms/pedometer/lib/libpedometerm4.a(KPedometerStatsCore.o)
                0x00000000040033a2                Keynetik::PedometerStride::SetMinStride(unsigned char)
 .text          0x00000000040033a8        0x6 /home/neuberfran/rpmsg_lite_files/middleware/issdk/algorithms/pedometer/lib/libpedometerm4.a(KPedometerStatsCore.o)
                0x00000000040033a8                Keynetik::PedometerStride::SetMaxStride(unsigned char)
 .text          0x00000000040033ae        0x6 /home/neuberfran/rpmsg_lite_files/middleware/issdk/algorithms/pedometer/lib/libpedometerm4.a(KPedometerStatsCore.o)
                0x00000000040033ae                Keynetik::PedometerStride::IsLearning() const
 .text          0x00000000040033b4        0x6 /home/neuberfran/rpmsg_lite_files/middleware/issdk/algorithms/pedometer/lib/libpedometerm4.a(KPedometerStatsCore.o)
                0x00000000040033b4                Keynetik::PedometerStride::GetBaseStride() const
 .text          0x00000000040033ba        0x4 /home/neuberfran/rpmsg_lite_files/middleware/issdk/algorithms/pedometer/lib/libpedometerm4.a(KPedometerStatsCore.o)
                0x00000000040033ba                Keynetik::PedometerStatsCore::GetStrideCalculator()
 *fill*         0x00000000040033be        0x2 
 .text          0x00000000040033c0      0x42e /home/neuberfran/rpmsg_lite_files/middleware/issdk/algorithms/pedometer/lib/libpedometerm4.a(KPedometerStride.o)
                0x00000000040033c0                Keynetik::PedometerStride::PedometerStride()
                0x00000000040033c8                Keynetik::PedometerStride::~PedometerStride()
                0x00000000040033d0                Keynetik::PedometerStride::PedometerStride()
                0x00000000040033fc                Keynetik::PedometerStride::~PedometerStride()
                0x00000000040033fe                Keynetik::PedometerStride::Reset()
                0x000000000400343e                Keynetik::PedometerStride::SetFixedStride(unsigned char)
                0x0000000004003444                Keynetik::PedometerStride::SetUserStride(bool, unsigned char)
                0x0000000004003478                Keynetik::PedometerStride::GetIntensityLevel(unsigned short, unsigned char)
                0x00000000040034bc                Keynetik::PedometerStride::ProcessStep(unsigned short, unsigned char, unsigned char&, unsigned short&)
                0x0000000004003526                Keynetik::PedometerStride::ClearSteps(unsigned int*)
                0x0000000004003538                Keynetik::PedometerStride::CalculateBaseStride(unsigned int const*, Keynetik::Fixed)
                0x00000000040035e0                Keynetik::PedometerStride::CheckDistanceUpdate(Keynetik::Fixed) const
                0x0000000004003616                Keynetik::PedometerStride::StartLearning()
                0x0000000004003644                Keynetik::PedometerStride::UpdateDistance(Keynetik::Fixed)
                0x00000000040036f0                Keynetik::PedometerStride::StopLearning()
                0x0000000004003706                Keynetik::PedometerStride::Confidence(Keynetik::Fixed, Keynetik::Fixed, Keynetik::Fixed)
 .text          0x00000000040037ee        0x6 /home/neuberfran/rpmsg_lite_files/middleware/issdk/algorithms/pedometer/lib/libpedometerm4.a(KPedometerStride.o)
                0x00000000040037ee                Keynetik::Fixed::Fixed()
 .text          0x00000000040037f4       0x12 /home/neuberfran/rpmsg_lite_files/middleware/issdk/algorithms/pedometer/lib/libpedometerm4.a(KPedometerStride.o)
                0x00000000040037f4                Keynetik::Fixed::operator<(Keynetik::Fixed) const
 .text          0x0000000004003806       0x18 /home/neuberfran/rpmsg_lite_files/middleware/issdk/algorithms/pedometer/lib/libpedometerm4.a(KPedometerStride.o)
                0x0000000004003806                Keynetik::Fixed::operator-(Keynetik::Fixed) const
 .text          0x000000000400381e        0x6 /home/neuberfran/rpmsg_lite_files/middleware/issdk/algorithms/pedometer/lib/libpedometerm4.a(KPedometerStride.o)
                0x000000000400381e                Keynetik::Fixed::operator=(Keynetik::Fixed)
 .text          0x0000000004003824        0xa /home/neuberfran/rpmsg_lite_files/middleware/issdk/algorithms/pedometer/lib/libpedometerm4.a(KPedometerStride.o)
                0x0000000004003824                Keynetik::Fixed::operator+=(Keynetik::Fixed)
 .text          0x000000000400382e       0x1e /home/neuberfran/rpmsg_lite_files/middleware/issdk/algorithms/pedometer/lib/libpedometerm4.a(KPedometerStride.o)
                0x000000000400382e                Keynetik::Fixed::Abs() const
 .text          0x000000000400384c      0x2d4 /home/neuberfran/rpmsg_lite_files/middleware/issdk/algorithms/pedometer/lib/libpedometerm4.a(KAccelerometerReading.o)
                0x000000000400384c                Keynetik::AccelerometerReading::AccelerometerReading()
                0x0000000004003854                Keynetik::AccelerometerReading::AccelerometerReading(Keynetik::Fixed, Keynetik::Fixed, Keynetik::Fixed, bool)
                0x0000000004003864                Keynetik::AccelerometerReading::AccelerometerReading(Keynetik::AccelerometerReading const&)
                0x0000000004003878                Keynetik::AccelerometerReading::Set1G(Keynetik::Fixed)
                0x00000000040038a8                Keynetik::AccelerometerReading::SetFrequency(unsigned short)
                0x00000000040038be                Keynetik::AccelerometerReading::AccelerometerReading()
                0x00000000040038e8                Keynetik::AccelerometerReading::AccelerometerReading(Keynetik::AccelerometerReading const&)
                0x0000000004003928                Keynetik::AccelerometerReading::AccelerometerReading(Keynetik::Fixed, Keynetik::Fixed, Keynetik::Fixed, bool)
                0x0000000004003978                Keynetik::AccelerometerReading::operator=(Keynetik::AccelerometerReading const&)
                0x00000000040039a8                Keynetik::AccelerometerReading::Clear()
                0x00000000040039da                Keynetik::AccelerometerReading::AxisValue(Keynetik::Axis) const
                0x0000000004003a10                Keynetik::AccelerometerReading::Set(Keynetik::Fixed, Keynetik::Fixed, Keynetik::Fixed, bool)
                0x0000000004003aba                Keynetik::AccelerometerReading::A() const
 .text          0x0000000004003b20       0x12 /home/neuberfran/rpmsg_lite_files/middleware/issdk/algorithms/pedometer/lib/libpedometerm4.a(KAccelerometerReading.o)
                0x0000000004003b20                Keynetik::Fixed::operator==(Keynetik::Fixed) const
 .text          0x0000000004003b32       0x12 /home/neuberfran/rpmsg_lite_files/middleware/issdk/algorithms/pedometer/lib/libpedometerm4.a(KAccelerometerReading.o)
                0x0000000004003b32                Keynetik::Fixed::operator!=(Keynetik::Fixed) const
 .text          0x0000000004003b44        0x8 /home/neuberfran/rpmsg_lite_files/middleware/issdk/algorithms/pedometer/lib/libpedometerm4.a(KAccelerometerReading.o)
                0x0000000004003b44                Keynetik::XYZ::XYZ()
 .text          0x0000000004003b4c       0x1c /home/neuberfran/rpmsg_lite_files/middleware/issdk/algorithms/pedometer/lib/libpedometerm4.a(KAccelerometerReading.o)
                0x0000000004003b4c                Keynetik::XYZ::XYZ()
 .text          0x0000000004003b68       0x2e /home/neuberfran/rpmsg_lite_files/middleware/issdk/algorithms/pedometer/lib/libpedometerm4.a(KAccelerometerReading.o)
                0x0000000004003b68                Keynetik::XYZ::operator=(Keynetik::XYZ const&)
 .text          0x0000000004003b96       0x3c /home/neuberfran/rpmsg_lite_files/middleware/issdk/algorithms/pedometer/lib/libpedometerm4.a(KAccelerometerReading.o)
                0x0000000004003b96                Keynetik::XYZ::Set(Keynetik::Fixed, Keynetik::Fixed, Keynetik::Fixed)
 .text          0x0000000004003bd2        0x4 /home/neuberfran/rpmsg_lite_files/middleware/issdk/algorithms/pedometer/lib/libpedometerm4.a(KAccelerometerReading.o)
                0x0000000004003bd2                Keynetik::AccelerometerReading::GetReadingID() const
 .text          0x0000000004003bd6        0x2 /home/neuberfran/rpmsg_lite_files/middleware/issdk/algorithms/pedometer/lib/libpedometerm4.a(KAccelerometerReading.o)
                0x0000000004003bd6                Keynetik::AccelerometerReading::GetXYZ() const
 .text          0x0000000004003bd8        0xe /home/neuberfran/rpmsg_lite_files/middleware/issdk/algorithms/pedometer/lib/libpedometerm4.a(KAccelerometerReading.o)
                0x0000000004003bd8                Keynetik::AccelerometerReading::XYZ_Access::XYZ_Access()
 .text          0x0000000004003be6        0xe /home/neuberfran/rpmsg_lite_files/middleware/issdk/algorithms/pedometer/lib/libpedometerm4.a(KAccelerometerReading.o)
                0x0000000004003be6                Keynetik::AccelerometerReading::XYZ_Access::operator=(Keynetik::XYZ const&)
 .text          0x0000000004003bf4      0xdd0 /home/neuberfran/rpmsg_lite_files/middleware/issdk/algorithms/pedometer/lib/libpedometerm4.a(KFixed.o)
                0x0000000004003bf4                Keynetik::Fixed::Fixed(double)
                0x0000000004003c18                Keynetik::Fixed::Fixed(double)
                0x0000000004003c30                Keynetik::Fixed::ToDouble() const
                0x0000000004003cdc                Keynetik::Fixed::operator*(Keynetik::Fixed) const
                0x0000000004003cf6                Keynetik::Fixed::operator*=(Keynetik::Fixed)
                0x0000000004003d08                Keynetik::Fixed::Square()
                0x0000000004003d92                Keynetik::Fixed::operator/(Keynetik::Fixed) const
                0x0000000004003dd4                Keynetik::Fixed::Sqrt() const
                0x0000000004003eb8                Keynetik::Fixed::Round() const
                0x0000000004003f50                Keynetik::Fixed::Arccos() const
                0x0000000004004480                Keynetik::Fixed::Arctan() const
 .text          0x00000000040049c4       0x18 /home/neuberfran/rpmsg_lite_files/middleware/issdk/algorithms/pedometer/lib/libpedometerm4.a(KFixed.o)
                0x00000000040049c4                Keynetik::Fixed::operator+(Keynetik::Fixed) const
 .text          0x00000000040049dc        0x4 /home/neuberfran/rpmsg_lite_files/middleware/issdk/algorithms/pedometer/lib/libpedometerm4.a(KFixed.o)
                0x00000000040049dc                Keynetik::Fixed::GetInternal() const
 .text          0x00000000040049e0        0xa /home/neuberfran/rpmsg_lite_files/middleware/issdk/algorithms/pedometer/lib/libpedometerm4.a(KFixed.o)
                0x00000000040049e0                long Keynetik::Abs<long>(long)
 .text          0x00000000040049ea       0x12 /home/neuberfran/rpmsg_lite_files/middleware/issdk/algorithms/pedometer/lib/libpedometerm4.a(KMathUtilities.o)
                0x00000000040049ea                Keynetik::Fixed::operator>(Keynetik::Fixed) const
 .text          0x00000000040049fc       0x14 /home/neuberfran/rpmsg_lite_files/middleware/issdk/algorithms/pedometer/lib/libpedometerm4.a(KMathUtilities.o)
                0x00000000040049fc                Keynetik::SharedBuffer::Iterator::IsGood() const
 .text          0x0000000004004a10        0xc /home/neuberfran/rpmsg_lite_files/middleware/issdk/algorithms/pedometer/lib/libpedometerm4.a(KMathUtilities.o)
                0x0000000004004a10                Keynetik::SharedBuffer::Iterator::GetValue() const
 .text          0x0000000004004a1c        0xc /home/neuberfran/rpmsg_lite_files/middleware/issdk/algorithms/pedometer/lib/libpedometerm4.a(KMathUtilities.o)
                0x0000000004004a1c                Keynetik::SharedBuffer::Iterator::Next()
 .text          0x0000000004004a28       0x1a /home/neuberfran/rpmsg_lite_files/middleware/issdk/algorithms/pedometer/lib/libpedometerm4.a(KMathUtilities.o)
                0x0000000004004a28                Keynetik::SharedBuffer::IsFull(unsigned short) const
 .text          0x0000000004004a42        0xe /home/neuberfran/rpmsg_lite_files/middleware/issdk/algorithms/pedometer/lib/libpedometerm4.a(KMathUtilities.o)
                0x0000000004004a42                Keynetik::SharedBuffer::GetAt(Keynetik::SharedBuffer::Iterator const&) const
 .text          0x0000000004004a50      0x802 /home/neuberfran/rpmsg_lite_files/middleware/issdk/algorithms/pedometer/lib/libpedometerm4.a(KMathUtilities.o)
                0x0000000004004a50                Keynetik::MathUtilities::BufferSize(Keynetik::Fixed)
                0x0000000004004a78                Keynetik::MathUtilities::BufferSize(unsigned char)
                0x0000000004004a90                Keynetik::MathUtilities::TimeWindow(unsigned short)
                0x0000000004004acc                Keynetik::MathUtilities::Average(Keynetik::SharedBuffer const&, Keynetik::Axis, unsigned short)
                0x0000000004004b58                Keynetik::MathUtilities::MaxSpread(Keynetik::SharedBuffer const&, Keynetik::Axis, unsigned short)
                0x0000000004004c5c                Keynetik::MathUtilities::CalcA(Keynetik::Fixed, Keynetik::Fixed, Keynetik::Fixed)
                0x0000000004004cbe                Keynetik::MathUtilities::CalcA(double, double, double)
                0x0000000004004d12                Keynetik::MathUtilities::CalcA(Keynetik::XYZ const&)
                0x0000000004004d3e                Keynetik::MathUtilities::RadToDegrees(Keynetik::Fixed)
                0x0000000004004d84                Keynetik::MathUtilities::RotationAngle(Keynetik::Fixed, Keynetik::Fixed, Keynetik::Fixed, Keynetik::Fixed)
                0x0000000004004e86                Keynetik::MathUtilities::DotProduct(Keynetik::Fixed, Keynetik::Fixed, Keynetik::Fixed, Keynetik::Fixed, Keynetik::Fixed, Keynetik::Fixed)
                0x0000000004004eea                Keynetik::MathUtilities::DotProduct(Keynetik::XYZ const&, Keynetik::XYZ const&)
                0x0000000004004f40                Keynetik::MathUtilities::CosineOfAngle(Keynetik::Fixed, Keynetik::Fixed, Keynetik::Fixed, Keynetik::Fixed, Keynetik::Fixed, Keynetik::Fixed)
                0x0000000004005012                Keynetik::MathUtilities::CosineOfAngle(Keynetik::XYZ const&, Keynetik::XYZ const&)
                0x000000000400504a                Keynetik::MathUtilities::CrossProduct(Keynetik::XYZ const&, Keynetik::XYZ const&, Keynetik::XYZ&)
                0x000000000400511e                Keynetik::MathUtilities::MinPowerOfTwoGreaterThan(unsigned char)
                0x0000000004005136                Keynetik::MathUtilities::Arctan2(Keynetik::Fixed, Keynetik::Fixed)
                0x0000000004005238                Keynetik::MathUtilities::Sqrt(unsigned int)
 .text          0x0000000004005252      0x1c6 /home/neuberfran/rpmsg_lite_files/middleware/issdk/algorithms/pedometer/lib/libpedometerm4.a(KPedometerCore.o)
                0x0000000004005252                Keynetik::PedometerCore::PedometerCore(Keynetik::ColumnLogger*)
                0x000000000400525a                Keynetik::PedometerCore::~PedometerCore()
                0x0000000004005262                Keynetik::PedometerCore::BufferSize(unsigned char)
                0x0000000004005278                Keynetik::PedometerCore::PedometerCore(Keynetik::ColumnLogger*)
                0x000000000400529c                Keynetik::PedometerCore::~PedometerCore()
                0x000000000400529e                Keynetik::PedometerCore::SaveAvgA(short)
                0x00000000040052c8                Keynetik::PedometerCore::HandleEvent()
                0x00000000040052fc                Keynetik::PedometerCore::HandleIncomingEvent(short, short, short)
                0x0000000004005322                Keynetik::PedometerCore::AnalyzeStep(short)
                0x0000000004005370                Keynetik::PedometerCore::HandleStep()
                0x00000000040053cc                Keynetik::PedometerCore::Reset()
 .text          0x0000000004005418       0x1a /home/neuberfran/rpmsg_lite_files/middleware/issdk/algorithms/pedometer/lib/libpedometerm4.a(KPedometerCore.o)
                0x0000000004005418                Keynetik::TCircularBuffer<(unsigned short)20, short>::TCircularBuffer(unsigned short)
 .text          0x0000000004005432       0x20 /home/neuberfran/rpmsg_lite_files/middleware/issdk/algorithms/pedometer/lib/libpedometerm4.a(KPedometerCore.o)
                0x0000000004005432                Keynetik::TCircularBuffer<(unsigned short)20, short>::Append(short)
 .text          0x0000000004005452       0x52 /home/neuberfran/rpmsg_lite_files/middleware/issdk/algorithms/pedometer/lib/libpedometerm4.a(KPedometerCore.o)
                0x0000000004005452                Keynetik::TCircularBuffer<(unsigned short)20, short>::Average() const
 .text          0x00000000040054a4       0x30 /home/neuberfran/rpmsg_lite_files/middleware/issdk/algorithms/pedometer/lib/libpedometerm4.a(KPedometerCore.o)
                0x00000000040054a4                Keynetik::TCircularBuffer<(unsigned short)20, short>::Resize(unsigned short)
 .text          0x00000000040054d4      0x190 /home/neuberfran/rpmsg_lite_files/middleware/issdk/algorithms/pedometer/lib/libpedometerm4.a(KSharedBuffer.o)
                0x00000000040054d4                Keynetik::SharedBuffer::SharedBuffer(unsigned int, Keynetik::AccelerometerReading*)
                0x00000000040054dc                Keynetik::SharedBuffer::~SharedBuffer()
                0x0000000004005504                Keynetik::SharedBuffer::SharedBuffer(unsigned int, Keynetik::AccelerometerReading*)
                0x0000000004005522                Keynetik::SharedBuffer::~SharedBuffer()
                0x0000000004005524                Keynetik::SharedBuffer::Clear()
                0x0000000004005556                Keynetik::SharedBuffer::Begin(unsigned short) const
                0x00000000040055b8                Keynetik::SharedBuffer::Next(Keynetik::SharedBuffer::Iterator&) const
                0x00000000040055f6                Keynetik::SharedBuffer::PushBack(Keynetik::AccelerometerReading const&)
 .text          0x0000000004005664        0xa /home/neuberfran/rpmsg_lite_files/middleware/issdk/algorithms/pedometer/lib/libpedometerm4.a(KSharedBuffer.o)
                0x0000000004005664                Keynetik::SharedBuffer::Iterator::Iterator(Keynetik::SharedBuffer::Iterator const&)
 .text          0x000000000400566e        0xa /home/neuberfran/rpmsg_lite_files/middleware/issdk/algorithms/pedometer/lib/libpedometerm4.a(KSharedBuffer.o)
                0x000000000400566e                Keynetik::SharedBuffer::Iterator::Iterator(Keynetik::SharedBuffer const&)
 .text          0x0000000004005678        0x6 /home/neuberfran/rpmsg_lite_files/middleware/issdk/algorithms/pedometer/lib/libpedometerm4.a(KSharedBuffer.o)
                0x0000000004005678                Keynetik::SharedBuffer::Iterator::Iterator(Keynetik::SharedBuffer const&, unsigned short)
 .text          0x000000000400567e       0x10 /home/neuberfran/neuber/gcc-arm-none-eabi-10.3-2021.10/bin/../lib/gcc/arm-none-eabi/10.3.1/../../../../arm-none-eabi/lib/thumb/v7e-m+fp/hard/libc_nano.a(lib_a-strlen.o)
                0x000000000400567e                strlen
 *fill*         0x000000000400568e        0x2 
 .text          0x0000000004005690      0x378 /home/neuberfran/neuber/gcc-arm-none-eabi-10.3-2021.10/bin/../lib/gcc/arm-none-eabi/10.3.1/thumb/v7e-m+fp/hard/libgcc.a(_arm_addsubdf3.o)
                0x0000000004005690                __aeabi_drsub
                0x0000000004005698                __aeabi_dsub
                0x0000000004005698                __subdf3
                0x000000000400569c                __adddf3
                0x000000000400569c                __aeabi_dadd
                0x0000000004005914                __aeabi_ui2d
                0x0000000004005914                __floatunsidf
                0x0000000004005934                __floatsidf
                0x0000000004005934                __aeabi_i2d
                0x0000000004005958                __extendsfdf2
                0x0000000004005958                __aeabi_f2d
                0x000000000400599c                __aeabi_ul2d
                0x000000000400599c                __floatundidf
                0x00000000040059ac                __floatdidf
                0x00000000040059ac                __aeabi_l2d
 .text          0x0000000004005a08      0x424 /home/neuberfran/neuber/gcc-arm-none-eabi-10.3-2021.10/bin/../lib/gcc/arm-none-eabi/10.3.1/thumb/v7e-m+fp/hard/libgcc.a(_arm_muldivdf3.o)
                0x0000000004005a08                __aeabi_dmul
                0x0000000004005a08                __muldf3
                0x0000000004005c5c                __aeabi_ddiv
                0x0000000004005c5c                __divdf3
 .text          0x0000000004005e2c      0x110 /home/neuberfran/neuber/gcc-arm-none-eabi-10.3-2021.10/bin/../lib/gcc/arm-none-eabi/10.3.1/thumb/v7e-m+fp/hard/libgcc.a(_arm_cmpdf2.o)
                0x0000000004005e2c                __gtdf2
                0x0000000004005e2c                __gedf2
                0x0000000004005e34                __ltdf2
                0x0000000004005e34                __ledf2
                0x0000000004005e3c                __cmpdf2
                0x0000000004005e3c                __eqdf2
                0x0000000004005e3c                __nedf2
                0x0000000004005eb8                __aeabi_cdrcmple
                0x0000000004005ec8                __aeabi_cdcmple
                0x0000000004005ec8                __aeabi_cdcmpeq
                0x0000000004005ed8                __aeabi_dcmpeq
                0x0000000004005eec                __aeabi_dcmplt
                0x0000000004005f00                __aeabi_dcmple
                0x0000000004005f14                __aeabi_dcmpge
                0x0000000004005f28                __aeabi_dcmpgt
 .text          0x0000000004005f3c       0x2c /home/neuberfran/neuber/gcc-arm-none-eabi-10.3-2021.10/bin/../lib/gcc/arm-none-eabi/10.3.1/thumb/v7e-m+fp/hard/libgcc.a(_arm_unorddf2.o)
                0x0000000004005f3c                __aeabi_dcmpun
                0x0000000004005f3c                __unorddf2
 .text          0x0000000004005f68       0x50 /home/neuberfran/neuber/gcc-arm-none-eabi-10.3-2021.10/bin/../lib/gcc/arm-none-eabi/10.3.1/thumb/v7e-m+fp/hard/libgcc.a(_arm_fixdfsi.o)
                0x0000000004005f68                __fixdfsi
                0x0000000004005f68                __aeabi_d2iz
 .text          0x0000000004005fb8       0x30 /home/neuberfran/neuber/gcc-arm-none-eabi-10.3-2021.10/bin/../lib/gcc/arm-none-eabi/10.3.1/thumb/v7e-m+fp/hard/libgcc.a(_aeabi_uldivmod.o)
                0x0000000004005fb8                __aeabi_uldivmod
 .text          0x0000000004005fe8      0x2d0 /home/neuberfran/neuber/gcc-arm-none-eabi-10.3-2021.10/bin/../lib/gcc/arm-none-eabi/10.3.1/thumb/v7e-m+fp/hard/libgcc.a(_udivmoddi4.o)
                0x0000000004005fe8                __udivmoddi4
 .text          0x00000000040062b8        0x4 /home/neuberfran/neuber/gcc-arm-none-eabi-10.3-2021.10/bin/../lib/gcc/arm-none-eabi/10.3.1/thumb/v7e-m+fp/hard/libgcc.a(_dvmd_tls.o)
                0x00000000040062b8                __aeabi_ldiv0
                0x00000000040062b8                __aeabi_idiv0
 *(.text*)
 .text.app_task
                0x00000000040062bc       0xfc CMakeFiles/rpmsg_lite_str_echo_rtos_imxcm4.elf.dir/home/neuberfran/rpmsg_lite_files/boards/evkmcimx7ulp/multicore_examples/rpmsg_lite_str_echo_rtos/main_remote.c.obj
                0x00000000040062bc                app_task
 .text.app_create_task
                0x00000000040063b8       0x3c CMakeFiles/rpmsg_lite_str_echo_rtos_imxcm4.elf.dir/home/neuberfran/rpmsg_lite_files/boards/evkmcimx7ulp/multicore_examples/rpmsg_lite_str_echo_rtos/main_remote.c.obj
                0x00000000040063b8                app_create_task
 .text.startup.main
                0x00000000040063f4       0xb4 CMakeFiles/rpmsg_lite_str_echo_rtos_imxcm4.elf.dir/home/neuberfran/rpmsg_lite_files/boards/evkmcimx7ulp/multicore_examples/rpmsg_lite_str_echo_rtos/main_remote.c.obj
                0x00000000040063f4                main
 .text.IOMUXC_SetPinConfig.part.0
                0x00000000040064a8        0xc CMakeFiles/rpmsg_lite_str_echo_rtos_imxcm4.elf.dir/home/neuberfran/rpmsg_lite_files/boards/evkmcimx7ulp/multicore_examples/rpmsg_lite_str_echo_rtos/pin_mux.c.obj
 .text.BOARD_InitPins_Core1
                0x00000000040064b4      0x240 CMakeFiles/rpmsg_lite_str_echo_rtos_imxcm4.elf.dir/home/neuberfran/rpmsg_lite_files/boards/evkmcimx7ulp/multicore_examples/rpmsg_lite_str_echo_rtos/pin_mux.c.obj
                0x00000000040064b4                BOARD_InitPins_Core1
 .text.BOARD_InitBootPins
                0x00000000040066f4        0x4 CMakeFiles/rpmsg_lite_str_echo_rtos_imxcm4.elf.dir/home/neuberfran/rpmsg_lite_files/boards/evkmcimx7ulp/multicore_examples/rpmsg_lite_str_echo_rtos/pin_mux.c.obj
                0x00000000040066f4                BOARD_InitBootPins
 .text.BOARD_I2C_ConfigurePins
                0x00000000040066f8       0x80 CMakeFiles/rpmsg_lite_str_echo_rtos_imxcm4.elf.dir/home/neuberfran/rpmsg_lite_files/boards/evkmcimx7ulp/multicore_examples/rpmsg_lite_str_echo_rtos/pin_mux.c.obj
                0x00000000040066f8                BOARD_I2C_ConfigurePins
 .text.copyResourceTable
                0x0000000004006778       0x14 CMakeFiles/rpmsg_lite_str_echo_rtos_imxcm4.elf.dir/home/neuberfran/rpmsg_lite_files/boards/evkmcimx7ulp/multicore_examples/rpmsg_lite_str_echo_rtos/rsc_table.c.obj
                0x0000000004006778                copyResourceTable
 .text.BOARD_InitDebugConsole
                0x000000000400678c       0x40 CMakeFiles/rpmsg_lite_str_echo_rtos_imxcm4.elf.dir/home/neuberfran/rpmsg_lite_files/boards/evkmcimx7ulp/multicore_examples/rpmsg_lite_str_echo_rtos/board.c.obj
                0x000000000400678c                BOARD_InitDebugConsole
 .text.BOARD_InitClock
                0x00000000040067cc       0xd4 CMakeFiles/rpmsg_lite_str_echo_rtos_imxcm4.elf.dir/home/neuberfran/rpmsg_lite_files/boards/evkmcimx7ulp/multicore_examples/rpmsg_lite_str_echo_rtos/clock_config.c.obj
 .text.BOARD_BootClockRUN
                0x00000000040068a0       0x90 CMakeFiles/rpmsg_lite_str_echo_rtos_imxcm4.elf.dir/home/neuberfran/rpmsg_lite_files/boards/evkmcimx7ulp/multicore_examples/rpmsg_lite_str_echo_rtos/clock_config.c.obj
                0x00000000040068a0                BOARD_BootClockRUN
 .text.APP_IO_GetIoIndex
                0x0000000004006930       0x20 CMakeFiles/rpmsg_lite_str_echo_rtos_imxcm4.elf.dir/home/neuberfran/rpmsg_lite_files/boards/evkmcimx7ulp/multicore_examples/rpmsg_lite_str_echo_rtos/app_srtm.c.obj
 .text.APP_IO_SetOutput
                0x0000000004006950       0x38 CMakeFiles/rpmsg_lite_str_echo_rtos_imxcm4.elf.dir/home/neuberfran/rpmsg_lite_files/boards/evkmcimx7ulp/multicore_examples/rpmsg_lite_str_echo_rtos/app_srtm.c.obj
 .text.APP_IO_GetInput
                0x0000000004006988       0x20 CMakeFiles/rpmsg_lite_str_echo_rtos_imxcm4.elf.dir/home/neuberfran/rpmsg_lite_files/boards/evkmcimx7ulp/multicore_examples/rpmsg_lite_str_echo_rtos/app_srtm.c.obj
 .text.APP_SRTM_Sensor_SetPollDelay
                0x00000000040069a8       0x20 CMakeFiles/rpmsg_lite_str_echo_rtos_imxcm4.elf.dir/home/neuberfran/rpmsg_lite_files/boards/evkmcimx7ulp/multicore_examples/rpmsg_lite_str_echo_rtos/app_srtm.c.obj
 .text.APP_SRTM_NotifyPeerCoreReady
                0x00000000040069c8       0x18 CMakeFiles/rpmsg_lite_str_echo_rtos_imxcm4.elf.dir/home/neuberfran/rpmsg_lite_files/boards/evkmcimx7ulp/multicore_examples/rpmsg_lite_str_echo_rtos/app_srtm.c.obj
 .text.APP_SRTM_I2C_ReleaseBusDelay
                0x00000000040069e0        0xa CMakeFiles/rpmsg_lite_str_echo_rtos_imxcm4.elf.dir/home/neuberfran/rpmsg_lite_files/boards/evkmcimx7ulp/multicore_examples/rpmsg_lite_str_echo_rtos/app_srtm.c.obj
 *fill*         0x00000000040069ea        0x2 
 .text.APP_SRTM_RecycleWakeupProc
                0x00000000040069ec        0xc CMakeFiles/rpmsg_lite_str_echo_rtos_imxcm4.elf.dir/home/neuberfran/rpmsg_lite_files/boards/evkmcimx7ulp/multicore_examples/rpmsg_lite_str_echo_rtos/app_srtm.c.obj
 .text.APP_SRTM_WakeupCA7InIRQ
                0x00000000040069f8       0x20 CMakeFiles/rpmsg_lite_str_echo_rtos_imxcm4.elf.dir/home/neuberfran/rpmsg_lite_files/boards/evkmcimx7ulp/multicore_examples/rpmsg_lite_str_echo_rtos/app_srtm.c.obj
 .text.APP_PedometerTimerCallback
                0x0000000004006a18       0x28 CMakeFiles/rpmsg_lite_str_echo_rtos_imxcm4.elf.dir/home/neuberfran/rpmsg_lite_files/boards/evkmcimx7ulp/multicore_examples/rpmsg_lite_str_echo_rtos/app_srtm.c.obj
 .text.APP_LinkupTimerCallback
                0x0000000004006a40       0x28 CMakeFiles/rpmsg_lite_str_echo_rtos_imxcm4.elf.dir/home/neuberfran/rpmsg_lite_files/boards/evkmcimx7ulp/multicore_examples/rpmsg_lite_str_echo_rtos/app_srtm.c.obj
 .text.APP_SuspendTimerCallback
                0x0000000004006a68       0x28 CMakeFiles/rpmsg_lite_str_echo_rtos_imxcm4.elf.dir/home/neuberfran/rpmsg_lite_files/boards/evkmcimx7ulp/multicore_examples/rpmsg_lite_str_echo_rtos/app_srtm.c.obj
 .text.SRTM_DispatcherTask
                0x0000000004006a90        0xc CMakeFiles/rpmsg_lite_str_echo_rtos_imxcm4.elf.dir/home/neuberfran/rpmsg_lite_files/boards/evkmcimx7ulp/multicore_examples/rpmsg_lite_str_echo_rtos/app_srtm.c.obj
 .text.APP_SRTM_ReadCodecRegMap
                0x0000000004006a9c        0xa CMakeFiles/rpmsg_lite_str_echo_rtos_imxcm4.elf.dir/home/neuberfran/rpmsg_lite_files/boards/evkmcimx7ulp/multicore_examples/rpmsg_lite_str_echo_rtos/app_srtm.c.obj
 .text.APP_SRTM_WriteCodecRegMap
                0x0000000004006aa6        0xa CMakeFiles/rpmsg_lite_str_echo_rtos_imxcm4.elf.dir/home/neuberfran/rpmsg_lite_files/boards/evkmcimx7ulp/multicore_examples/rpmsg_lite_str_echo_rtos/app_srtm.c.obj
 .text.APP_ResetSRTM
                0x0000000004006ab0       0x1c CMakeFiles/rpmsg_lite_str_echo_rtos_imxcm4.elf.dir/home/neuberfran/rpmsg_lite_files/boards/evkmcimx7ulp/multicore_examples/rpmsg_lite_str_echo_rtos/app_srtm.c.obj
 .text.APP_PowerOnCA7
                0x0000000004006acc       0x64 CMakeFiles/rpmsg_lite_str_echo_rtos_imxcm4.elf.dir/home/neuberfran/rpmsg_lite_files/boards/evkmcimx7ulp/multicore_examples/rpmsg_lite_str_echo_rtos/app_srtm.c.obj
 .text.APP_SRTM_Linkup
                0x0000000004006b30      0x108 CMakeFiles/rpmsg_lite_str_echo_rtos_imxcm4.elf.dir/home/neuberfran/rpmsg_lite_files/boards/evkmcimx7ulp/multicore_examples/rpmsg_lite_str_echo_rtos/app_srtm.c.obj
 .text.APP_ResetCA7Regulators
                0x0000000004006c38       0x54 CMakeFiles/rpmsg_lite_str_echo_rtos_imxcm4.elf.dir/home/neuberfran/rpmsg_lite_files/boards/evkmcimx7ulp/multicore_examples/rpmsg_lite_str_echo_rtos/app_srtm.c.obj
 .text.APP_SRTM_InitPeerCore.part.0
                0x0000000004006c8c       0x24 CMakeFiles/rpmsg_lite_str_echo_rtos_imxcm4.elf.dir/home/neuberfran/rpmsg_lite_files/boards/evkmcimx7ulp/multicore_examples/rpmsg_lite_str_echo_rtos/app_srtm.c.obj
 .text.APP_SRTM_InitPeerCore
                0x0000000004006cb0       0x3c CMakeFiles/rpmsg_lite_str_echo_rtos_imxcm4.elf.dir/home/neuberfran/rpmsg_lite_files/boards/evkmcimx7ulp/multicore_examples/rpmsg_lite_str_echo_rtos/app_srtm.c.obj
 .text.APP_SRTM_PollLinkup
                0x0000000004006cec       0x4c CMakeFiles/rpmsg_lite_str_echo_rtos_imxcm4.elf.dir/home/neuberfran/rpmsg_lite_files/boards/evkmcimx7ulp/multicore_examples/rpmsg_lite_str_echo_rtos/app_srtm.c.obj
 .text.APP_SRTM_InitPeriph.constprop.0
                0x0000000004006d38       0x3c CMakeFiles/rpmsg_lite_str_echo_rtos_imxcm4.elf.dir/home/neuberfran/rpmsg_lite_files/boards/evkmcimx7ulp/multicore_examples/rpmsg_lite_str_echo_rtos/app_srtm.c.obj
 .text.APP_SRTM_InitCodecDevice.part.0
                0x0000000004006d74       0x44 CMakeFiles/rpmsg_lite_str_echo_rtos_imxcm4.elf.dir/home/neuberfran/rpmsg_lite_files/boards/evkmcimx7ulp/multicore_examples/rpmsg_lite_str_echo_rtos/app_srtm.c.obj
 .text.Sensor_I2C_ReceiveFunc.constprop.0
                0x0000000004006db8       0x30 CMakeFiles/rpmsg_lite_str_echo_rtos_imxcm4.elf.dir/home/neuberfran/rpmsg_lite_files/boards/evkmcimx7ulp/multicore_examples/rpmsg_lite_str_echo_rtos/app_srtm.c.obj
 .text.APP_SRTM_PollSensor
                0x0000000004006de8       0xb8 CMakeFiles/rpmsg_lite_str_echo_rtos_imxcm4.elf.dir/home/neuberfran/rpmsg_lite_files/boards/evkmcimx7ulp/multicore_examples/rpmsg_lite_str_echo_rtos/app_srtm.c.obj
 .text.Sensor_I2C_SendFunc.constprop.0
                0x0000000004006ea0       0x30 CMakeFiles/rpmsg_lite_str_echo_rtos_imxcm4.elf.dir/home/neuberfran/rpmsg_lite_files/boards/evkmcimx7ulp/multicore_examples/rpmsg_lite_str_echo_rtos/app_srtm.c.obj
 .text.APP_SRTM_Sensor_DeinitPedometer
                0x0000000004006ed0       0x50 CMakeFiles/rpmsg_lite_str_echo_rtos_imxcm4.elf.dir/home/neuberfran/rpmsg_lite_files/boards/evkmcimx7ulp/multicore_examples/rpmsg_lite_str_echo_rtos/app_srtm.c.obj
 .text.APP_SRTM_Sensor_InitPedometer
                0x0000000004006f20       0xd8 CMakeFiles/rpmsg_lite_str_echo_rtos_imxcm4.elf.dir/home/neuberfran/rpmsg_lite_files/boards/evkmcimx7ulp/multicore_examples/rpmsg_lite_str_echo_rtos/app_srtm.c.obj
 .text.APP_SRTM_Sensor_EnableDataReport
                0x0000000004006ff8       0x50 CMakeFiles/rpmsg_lite_str_echo_rtos_imxcm4.elf.dir/home/neuberfran/rpmsg_lite_files/boards/evkmcimx7ulp/multicore_examples/rpmsg_lite_str_echo_rtos/app_srtm.c.obj
 .text.APP_SRTM_Sensor_EnableStateDetector
                0x0000000004007048       0x40 CMakeFiles/rpmsg_lite_str_echo_rtos_imxcm4.elf.dir/home/neuberfran/rpmsg_lite_files/boards/evkmcimx7ulp/multicore_examples/rpmsg_lite_str_echo_rtos/app_srtm.c.obj
 .text.APP_SRTM_InitRtcDevice
                0x0000000004007088       0x3c CMakeFiles/rpmsg_lite_str_echo_rtos_imxcm4.elf.dir/home/neuberfran/rpmsg_lite_files/boards/evkmcimx7ulp/multicore_examples/rpmsg_lite_str_echo_rtos/app_srtm.c.obj
 .text.APP_DisableRebootMonitor
                0x00000000040070c4       0x40 CMakeFiles/rpmsg_lite_str_echo_rtos_imxcm4.elf.dir/home/neuberfran/rpmsg_lite_files/boards/evkmcimx7ulp/multicore_examples/rpmsg_lite_str_echo_rtos/app_srtm.c.obj
 .text.PMIC_I2C_SendFunc
                0x0000000004007104       0x30 CMakeFiles/rpmsg_lite_str_echo_rtos_imxcm4.elf.dir/home/neuberfran/rpmsg_lite_files/boards/evkmcimx7ulp/multicore_examples/rpmsg_lite_str_echo_rtos/app_srtm.c.obj
 .text.PMIC_I2C_ReceiveFunc
                0x0000000004007134       0x30 CMakeFiles/rpmsg_lite_str_echo_rtos_imxcm4.elf.dir/home/neuberfran/rpmsg_lite_files/boards/evkmcimx7ulp/multicore_examples/rpmsg_lite_str_echo_rtos/app_srtm.c.obj
 .text.APP_SRTM_InitAudioDevice
                0x0000000004007164       0x5c CMakeFiles/rpmsg_lite_str_echo_rtos_imxcm4.elf.dir/home/neuberfran/rpmsg_lite_files/boards/evkmcimx7ulp/multicore_examples/rpmsg_lite_str_echo_rtos/app_srtm.c.obj
 .text.APP_SRTM_InitPmicDevice
                0x00000000040071c0       0x50 CMakeFiles/rpmsg_lite_str_echo_rtos_imxcm4.elf.dir/home/neuberfran/rpmsg_lite_files/boards/evkmcimx7ulp/multicore_examples/rpmsg_lite_str_echo_rtos/app_srtm.c.obj
 .text.APP_SRTM_InitSensorDevice
                0x0000000004007210       0x50 CMakeFiles/rpmsg_lite_str_echo_rtos_imxcm4.elf.dir/home/neuberfran/rpmsg_lite_files/boards/evkmcimx7ulp/multicore_examples/rpmsg_lite_str_echo_rtos/app_srtm.c.obj
 .text.APP_IO_ConfInput
                0x0000000004007260       0xec CMakeFiles/rpmsg_lite_str_echo_rtos_imxcm4.elf.dir/home/neuberfran/rpmsg_lite_files/boards/evkmcimx7ulp/multicore_examples/rpmsg_lite_str_echo_rtos/app_srtm.c.obj
 .text.APP_IO_ConfKEvent
                0x000000000400734c       0x5c CMakeFiles/rpmsg_lite_str_echo_rtos_imxcm4.elf.dir/home/neuberfran/rpmsg_lite_files/boards/evkmcimx7ulp/multicore_examples/rpmsg_lite_str_echo_rtos/app_srtm.c.obj
 .text.APP_IO_ConfIEvent
                0x00000000040073a8       0x28 CMakeFiles/rpmsg_lite_str_echo_rtos_imxcm4.elf.dir/home/neuberfran/rpmsg_lite_files/boards/evkmcimx7ulp/multicore_examples/rpmsg_lite_str_echo_rtos/app_srtm.c.obj
 .text.APP_SRTM_DeinitPeerCore
                0x00000000040073d0       0xd8 CMakeFiles/rpmsg_lite_str_echo_rtos_imxcm4.elf.dir/home/neuberfran/rpmsg_lite_files/boards/evkmcimx7ulp/multicore_examples/rpmsg_lite_str_echo_rtos/app_srtm.c.obj
 .text.APP_SRTM_InitIoKeyDevice
                0x00000000040074a8       0x80 CMakeFiles/rpmsg_lite_str_echo_rtos_imxcm4.elf.dir/home/neuberfran/rpmsg_lite_files/boards/evkmcimx7ulp/multicore_examples/rpmsg_lite_str_echo_rtos/app_srtm.c.obj
 .text.APP_VolMinusTimerCallback
                0x0000000004007528       0x54 CMakeFiles/rpmsg_lite_str_echo_rtos_imxcm4.elf.dir/home/neuberfran/rpmsg_lite_files/boards/evkmcimx7ulp/multicore_examples/rpmsg_lite_str_echo_rtos/app_srtm.c.obj
 .text.APP_VolPlusTimerCallback
                0x000000000400757c       0x4c CMakeFiles/rpmsg_lite_str_echo_rtos_imxcm4.elf.dir/home/neuberfran/rpmsg_lite_files/boards/evkmcimx7ulp/multicore_examples/rpmsg_lite_str_echo_rtos/app_srtm.c.obj
 .text.SNVS_IRQHandler
                0x00000000040075c8       0xa4 CMakeFiles/rpmsg_lite_str_echo_rtos_imxcm4.elf.dir/home/neuberfran/rpmsg_lite_files/boards/evkmcimx7ulp/multicore_examples/rpmsg_lite_str_echo_rtos/app_srtm.c.obj
                0x00000000040075c8                SNVS_IRQHandler
 .text.PCTLA_IRQHandler
                0x000000000400766c       0xf8 CMakeFiles/rpmsg_lite_str_echo_rtos_imxcm4.elf.dir/home/neuberfran/rpmsg_lite_files/boards/evkmcimx7ulp/multicore_examples/rpmsg_lite_str_echo_rtos/app_srtm.c.obj
                0x000000000400766c                PCTLA_IRQHandler
 .text.PCTLB_IRQHandler
                0x0000000004007764       0x60 CMakeFiles/rpmsg_lite_str_echo_rtos_imxcm4.elf.dir/home/neuberfran/rpmsg_lite_files/boards/evkmcimx7ulp/multicore_examples/rpmsg_lite_str_echo_rtos/app_srtm.c.obj
                0x0000000004007764                PCTLB_IRQHandler
 .text.CMC1_IRQHandler
                0x00000000040077c4       0x8c CMakeFiles/rpmsg_lite_str_echo_rtos_imxcm4.elf.dir/home/neuberfran/rpmsg_lite_files/boards/evkmcimx7ulp/multicore_examples/rpmsg_lite_str_echo_rtos/app_srtm.c.obj
                0x00000000040077c4                CMC1_IRQHandler
 .text.APP_UpdateSimDgo
                0x0000000004007850       0x84 CMakeFiles/rpmsg_lite_str_echo_rtos_imxcm4.elf.dir/home/neuberfran/rpmsg_lite_files/boards/evkmcimx7ulp/multicore_examples/rpmsg_lite_str_echo_rtos/app_srtm.c.obj
                0x0000000004007850                APP_UpdateSimDgo
 .text.APP_SRTM_ConfigUSBWakeup
                0x00000000040078d4       0x8c CMakeFiles/rpmsg_lite_str_echo_rtos_imxcm4.elf.dir/home/neuberfran/rpmsg_lite_files/boards/evkmcimx7ulp/multicore_examples/rpmsg_lite_str_echo_rtos/app_srtm.c.obj
 .text.LLWU0_IRQHandler
                0x0000000004007960       0x48 CMakeFiles/rpmsg_lite_str_echo_rtos_imxcm4.elf.dir/home/neuberfran/rpmsg_lite_files/boards/evkmcimx7ulp/multicore_examples/rpmsg_lite_str_echo_rtos/app_srtm.c.obj
                0x0000000004007960                LLWU0_IRQHandler
 .text.USBPHY_IRQHandler
                0x00000000040079a8       0x26 CMakeFiles/rpmsg_lite_str_echo_rtos_imxcm4.elf.dir/home/neuberfran/rpmsg_lite_files/boards/evkmcimx7ulp/multicore_examples/rpmsg_lite_str_echo_rtos/app_srtm.c.obj
                0x00000000040079a8                USBPHY_IRQHandler
 *fill*         0x00000000040079ce        0x2 
 .text.APP_SRTM_DoWakeupCA7
                0x00000000040079d0       0x68 CMakeFiles/rpmsg_lite_str_echo_rtos_imxcm4.elf.dir/home/neuberfran/rpmsg_lite_files/boards/evkmcimx7ulp/multicore_examples/rpmsg_lite_str_echo_rtos/app_srtm.c.obj
 .text.APP_SRTM_LfclEventHandler
                0x0000000004007a38      0x12c CMakeFiles/rpmsg_lite_str_echo_rtos_imxcm4.elf.dir/home/neuberfran/rpmsg_lite_files/boards/evkmcimx7ulp/multicore_examples/rpmsg_lite_str_echo_rtos/app_srtm.c.obj
 .text.APP_SRTM_PollSuspend
                0x0000000004007b64      0x110 CMakeFiles/rpmsg_lite_str_echo_rtos_imxcm4.elf.dir/home/neuberfran/rpmsg_lite_files/boards/evkmcimx7ulp/multicore_examples/rpmsg_lite_str_echo_rtos/app_srtm.c.obj
 .text.APP_SRTM_ControlCA7
                0x0000000004007c74       0x78 CMakeFiles/rpmsg_lite_str_echo_rtos_imxcm4.elf.dir/home/neuberfran/rpmsg_lite_files/boards/evkmcimx7ulp/multicore_examples/rpmsg_lite_str_echo_rtos/app_srtm.c.obj
 .text.SRTM_MonitorTask
                0x0000000004007cec      0x4b0 CMakeFiles/rpmsg_lite_str_echo_rtos_imxcm4.elf.dir/home/neuberfran/rpmsg_lite_files/boards/evkmcimx7ulp/multicore_examples/rpmsg_lite_str_echo_rtos/app_srtm.c.obj
 .text.APP_SRTM_I2C_ReleaseBus
                0x000000000400819c      0x118 CMakeFiles/rpmsg_lite_str_echo_rtos_imxcm4.elf.dir/home/neuberfran/rpmsg_lite_files/boards/evkmcimx7ulp/multicore_examples/rpmsg_lite_str_echo_rtos/app_srtm.c.obj
                0x000000000400819c                APP_SRTM_I2C_ReleaseBus
 .text.APP_SRTM_Init
                0x00000000040082b4      0x190 CMakeFiles/rpmsg_lite_str_echo_rtos_imxcm4.elf.dir/home/neuberfran/rpmsg_lite_files/boards/evkmcimx7ulp/multicore_examples/rpmsg_lite_str_echo_rtos/app_srtm.c.obj
                0x00000000040082b4                APP_SRTM_Init
 .text.APP_SRTM_BootCA7
                0x0000000004008444       0x24 CMakeFiles/rpmsg_lite_str_echo_rtos_imxcm4.elf.dir/home/neuberfran/rpmsg_lite_files/boards/evkmcimx7ulp/multicore_examples/rpmsg_lite_str_echo_rtos/app_srtm.c.obj
                0x0000000004008444                APP_SRTM_BootCA7
 .text.APP_OnOffTimerCallback
                0x0000000004008468       0x70 CMakeFiles/rpmsg_lite_str_echo_rtos_imxcm4.elf.dir/home/neuberfran/rpmsg_lite_files/boards/evkmcimx7ulp/multicore_examples/rpmsg_lite_str_echo_rtos/app_srtm.c.obj
 .text.APP_SRTM_RebootCA7
                0x00000000040084d8       0x30 CMakeFiles/rpmsg_lite_str_echo_rtos_imxcm4.elf.dir/home/neuberfran/rpmsg_lite_files/boards/evkmcimx7ulp/multicore_examples/rpmsg_lite_str_echo_rtos/app_srtm.c.obj
                0x00000000040084d8                APP_SRTM_RebootCA7
 .text.APP_HeartBeatTimerCallback
                0x0000000004008508       0x14 CMakeFiles/rpmsg_lite_str_echo_rtos_imxcm4.elf.dir/home/neuberfran/rpmsg_lite_files/boards/evkmcimx7ulp/multicore_examples/rpmsg_lite_str_echo_rtos/app_srtm.c.obj
 .text.SRTM_RPMsgEndpoint_Start
                0x000000000400851c        0xa CMakeFiles/rpmsg_lite_str_echo_rtos_imxcm4.elf.dir/home/neuberfran/rpmsg_lite_files/boards/evkmcimx7ulp/multicore_examples/rpmsg_lite_str_echo_rtos/srtm/channels/srtm_rpmsg_endpoint.c.obj
 .text.SRTM_RPMsgEndpoint_Stop
                0x0000000004008526        0xa CMakeFiles/rpmsg_lite_str_echo_rtos_imxcm4.elf.dir/home/neuberfran/rpmsg_lite_files/boards/evkmcimx7ulp/multicore_examples/rpmsg_lite_str_echo_rtos/srtm/channels/srtm_rpmsg_endpoint.c.obj
 .text.SRTM_RPMsgEndpoint_Destroy
                0x0000000004008530       0x16 CMakeFiles/rpmsg_lite_str_echo_rtos_imxcm4.elf.dir/home/neuberfran/rpmsg_lite_files/boards/evkmcimx7ulp/multicore_examples/rpmsg_lite_str_echo_rtos/srtm/channels/srtm_rpmsg_endpoint.c.obj
                0x0000000004008530                SRTM_RPMsgEndpoint_Destroy
 .text.SRTM_RPMsgEndpoint_SendData
                0x0000000004008546       0x2e CMakeFiles/rpmsg_lite_str_echo_rtos_imxcm4.elf.dir/home/neuberfran/rpmsg_lite_files/boards/evkmcimx7ulp/multicore_examples/rpmsg_lite_str_echo_rtos/srtm/channels/srtm_rpmsg_endpoint.c.obj
 .text.SRTM_RPMsgEndpoint_RxHandler
                0x0000000004008574       0x3a CMakeFiles/rpmsg_lite_str_echo_rtos_imxcm4.elf.dir/home/neuberfran/rpmsg_lite_files/boards/evkmcimx7ulp/multicore_examples/rpmsg_lite_str_echo_rtos/srtm/channels/srtm_rpmsg_endpoint.c.obj
 *fill*         0x00000000040085ae        0x2 
 .text.SRTM_RPMsgEndpoint_Create
                0x00000000040085b0       0x7c CMakeFiles/rpmsg_lite_str_echo_rtos_imxcm4.elf.dir/home/neuberfran/rpmsg_lite_files/boards/evkmcimx7ulp/multicore_examples/rpmsg_lite_str_echo_rtos/srtm/channels/srtm_rpmsg_endpoint.c.obj
                0x00000000040085b0                SRTM_RPMsgEndpoint_Create
 .text.SRTM_LfclService_DeactivatePeerCore
                0x000000000400862c       0x10 CMakeFiles/rpmsg_lite_str_echo_rtos_imxcm4.elf.dir/home/neuberfran/rpmsg_lite_files/boards/evkmcimx7ulp/multicore_examples/rpmsg_lite_str_echo_rtos/srtm/services/srtm_lfcl_service.c.obj
 .text.SRTM_LfclService_NotifySubscribers.constprop.0
                0x000000000400863c       0x44 CMakeFiles/rpmsg_lite_str_echo_rtos_imxcm4.elf.dir/home/neuberfran/rpmsg_lite_files/boards/evkmcimx7ulp/multicore_examples/rpmsg_lite_str_echo_rtos/srtm/services/srtm_lfcl_service.c.obj
 .text.SRTM_LfclService_Notify
                0x0000000004008680       0x3a CMakeFiles/rpmsg_lite_str_echo_rtos_imxcm4.elf.dir/home/neuberfran/rpmsg_lite_files/boards/evkmcimx7ulp/multicore_examples/rpmsg_lite_str_echo_rtos/srtm/services/srtm_lfcl_service.c.obj
 *fill*         0x00000000040086ba        0x2 
 .text.SRTM_LfclService_Request
                0x00000000040086bc      0x14c CMakeFiles/rpmsg_lite_str_echo_rtos_imxcm4.elf.dir/home/neuberfran/rpmsg_lite_files/boards/evkmcimx7ulp/multicore_examples/rpmsg_lite_str_echo_rtos/srtm/services/srtm_lfcl_service.c.obj
 .text.SRTM_LfclService_WakeupPeerCore
                0x0000000004008808        0xc CMakeFiles/rpmsg_lite_str_echo_rtos_imxcm4.elf.dir/home/neuberfran/rpmsg_lite_files/boards/evkmcimx7ulp/multicore_examples/rpmsg_lite_str_echo_rtos/srtm/services/srtm_lfcl_service.c.obj
 .text.SRTM_LfclService_Destroy
                0x0000000004008814       0x30 CMakeFiles/rpmsg_lite_str_echo_rtos_imxcm4.elf.dir/home/neuberfran/rpmsg_lite_files/boards/evkmcimx7ulp/multicore_examples/rpmsg_lite_str_echo_rtos/srtm/services/srtm_lfcl_service.c.obj
                0x0000000004008814                SRTM_LfclService_Destroy
 .text.SRTM_LfclService_Create
                0x0000000004008844       0x40 CMakeFiles/rpmsg_lite_str_echo_rtos_imxcm4.elf.dir/home/neuberfran/rpmsg_lite_files/boards/evkmcimx7ulp/multicore_examples/rpmsg_lite_str_echo_rtos/srtm/services/srtm_lfcl_service.c.obj
                0x0000000004008844                SRTM_LfclService_Create
 .text.SRTM_LfclService_Subscribe
                0x0000000004008884       0x38 CMakeFiles/rpmsg_lite_str_echo_rtos_imxcm4.elf.dir/home/neuberfran/rpmsg_lite_files/boards/evkmcimx7ulp/multicore_examples/rpmsg_lite_str_echo_rtos/srtm/services/srtm_lfcl_service.c.obj
                0x0000000004008884                SRTM_LfclService_Subscribe
 .text.SRTM_PmicService_Notify
                0x00000000040088bc        0x4 CMakeFiles/rpmsg_lite_str_echo_rtos_imxcm4.elf.dir/home/neuberfran/rpmsg_lite_files/boards/evkmcimx7ulp/multicore_examples/rpmsg_lite_str_echo_rtos/srtm/services/srtm_pmic_service.c.obj