Archive member included to satisfy reference by file (symbol)

/home/neuberfran/neuber/gcc-arm-none-eabi-10.3-2021.10/bin/../lib/gcc/arm-none-eabi/10.3.1/../../../../arm-none-eabi/lib/thumb/v7e-m+fp/hard/libc_nano.a(lib_a-assert.o)
                              CMakeFiles/rpmsg_str_echo_rpmsglite_example.dir/home/neuberfran/projects/freertos-tn/middleware/multicore/open-amp/lib/rpmsg_lite/porting/platform/imx7d_m4/rpmsg_platform.c.obj (__assert_func)
/home/neuberfran/neuber/gcc-arm-none-eabi-10.3-2021.10/bin/../lib/gcc/arm-none-eabi/10.3.1/../../../../arm-none-eabi/lib/thumb/v7e-m+fp/hard/libc_nano.a(lib_a-exit.o)
                              /home/neuberfran/neuber/gcc-arm-none-eabi-10.3-2021.10/bin/../lib/gcc/arm-none-eabi/10.3.1/../../../../arm-none-eabi/lib/thumb/v7e-m+fp/hard/crt0.o (exit)
/home/neuberfran/neuber/gcc-arm-none-eabi-10.3-2021.10/bin/../lib/gcc/arm-none-eabi/10.3.1/../../../../arm-none-eabi/lib/thumb/v7e-m+fp/hard/libc_nano.a(lib_a-fprintf.o)
                              /home/neuberfran/neuber/gcc-arm-none-eabi-10.3-2021.10/bin/../lib/gcc/arm-none-eabi/10.3.1/../../../../arm-none-eabi/lib/thumb/v7e-m+fp/hard/libc_nano.a(lib_a-assert.o) (fiprintf)
/home/neuberfran/neuber/gcc-arm-none-eabi-10.3-2021.10/bin/../lib/gcc/arm-none-eabi/10.3.1/../../../../arm-none-eabi/lib/thumb/v7e-m+fp/hard/libc_nano.a(lib_a-impure.o)
                              /home/neuberfran/neuber/gcc-arm-none-eabi-10.3-2021.10/bin/../lib/gcc/arm-none-eabi/10.3.1/../../../../arm-none-eabi/lib/thumb/v7e-m+fp/hard/libc_nano.a(lib_a-exit.o) (_global_impure_ptr)
/home/neuberfran/neuber/gcc-arm-none-eabi-10.3-2021.10/bin/../lib/gcc/arm-none-eabi/10.3.1/../../../../arm-none-eabi/lib/thumb/v7e-m+fp/hard/libc_nano.a(lib_a-init.o)
                              /home/neuberfran/neuber/gcc-arm-none-eabi-10.3-2021.10/bin/../lib/gcc/arm-none-eabi/10.3.1/../../../../arm-none-eabi/lib/thumb/v7e-m+fp/hard/crt0.o (__libc_init_array)
/home/neuberfran/neuber/gcc-arm-none-eabi-10.3-2021.10/bin/../lib/gcc/arm-none-eabi/10.3.1/../../../../arm-none-eabi/lib/thumb/v7e-m+fp/hard/libc_nano.a(lib_a-memcpy-stub.o)
                              CMakeFiles/rpmsg_str_echo_rpmsglite_example.dir/home/neuberfran/projects/freertos-tn/middleware/multicore/open-amp/lib/rpmsg_lite/porting/environment/rpmsg_env_freertos.c.obj (memcpy)
/home/neuberfran/neuber/gcc-arm-none-eabi-10.3-2021.10/bin/../lib/gcc/arm-none-eabi/10.3.1/../../../../arm-none-eabi/lib/thumb/v7e-m+fp/hard/libc_nano.a(lib_a-memset.o)
                              /home/neuberfran/neuber/gcc-arm-none-eabi-10.3-2021.10/bin/../lib/gcc/arm-none-eabi/10.3.1/../../../../arm-none-eabi/lib/thumb/v7e-m+fp/hard/crt0.o (memset)
/home/neuberfran/neuber/gcc-arm-none-eabi-10.3-2021.10/bin/../lib/gcc/arm-none-eabi/10.3.1/../../../../arm-none-eabi/lib/thumb/v7e-m+fp/hard/libc_nano.a(lib_a-nano-vfprintf.o)
                              /home/neuberfran/neuber/gcc-arm-none-eabi-10.3-2021.10/bin/../lib/gcc/arm-none-eabi/10.3.1/../../../../arm-none-eabi/lib/thumb/v7e-m+fp/hard/libc_nano.a(lib_a-fprintf.o) (_vfprintf_r)
/home/neuberfran/neuber/gcc-arm-none-eabi-10.3-2021.10/bin/../lib/gcc/arm-none-eabi/10.3.1/../../../../arm-none-eabi/lib/thumb/v7e-m+fp/hard/libc_nano.a(lib_a-nano-vfprintf_i.o)
                              /home/neuberfran/neuber/gcc-arm-none-eabi-10.3-2021.10/bin/../lib/gcc/arm-none-eabi/10.3.1/../../../../arm-none-eabi/lib/thumb/v7e-m+fp/hard/libc_nano.a(lib_a-nano-vfprintf.o) (_printf_i)
/home/neuberfran/neuber/gcc-arm-none-eabi-10.3-2021.10/bin/../lib/gcc/arm-none-eabi/10.3.1/../../../../arm-none-eabi/lib/thumb/v7e-m+fp/hard/libc_nano.a(lib_a-printf.o)
                              CMakeFiles/rpmsg_str_echo_rpmsglite_example.dir/home/neuberfran/projects/freertos-tn/examples/imx7d_pico_m4/demo_apps/rpmsg/str_echo_rpmsglite/str_echo_rpmsglite.c.obj (printf)
/home/neuberfran/neuber/gcc-arm-none-eabi-10.3-2021.10/bin/../lib/gcc/arm-none-eabi/10.3.1/../../../../arm-none-eabi/lib/thumb/v7e-m+fp/hard/libc_nano.a(lib_a-strcmp.o)
                              CMakeFiles/rpmsg_str_echo_rpmsglite_example.dir/home/neuberfran/projects/freertos-tn/middleware/multicore/open-amp/lib/rpmsg_lite/porting/environment/rpmsg_env_freertos.c.obj (strcmp)
/home/neuberfran/neuber/gcc-arm-none-eabi-10.3-2021.10/bin/../lib/gcc/arm-none-eabi/10.3.1/../../../../arm-none-eabi/lib/thumb/v7e-m+fp/hard/libc_nano.a(lib_a-strlen.o)
                              CMakeFiles/rpmsg_str_echo_rpmsglite_example.dir/home/neuberfran/projects/freertos-tn/platform/utilities/src/print_scan.c.obj (strlen)
/home/neuberfran/neuber/gcc-arm-none-eabi-10.3-2021.10/bin/../lib/gcc/arm-none-eabi/10.3.1/../../../../arm-none-eabi/lib/thumb/v7e-m+fp/hard/libc_nano.a(lib_a-strncmp.o)
                              CMakeFiles/rpmsg_str_echo_rpmsglite_example.dir/home/neuberfran/projects/freertos-tn/middleware/multicore/open-amp/lib/rpmsg_lite/porting/environment/rpmsg_env_freertos.c.obj (strncmp)
[...]
Memory Configuration

Name             Origin             Length             Attributes
m_interrupts     0x000000001fff8000 0x0000000000000240 xr
m_text           0x000000001fff8240 0x0000000000007dc0 xr
m_data           0x0000000020000000 0x0000000000008000 rw
*default*        0x0000000000000000 0xffffffffffffffff

Linker script and memory map

LOAD /home/neuberfran/neuber/gcc-arm-none-eabi-10.3-2021.10/bin/../lib/gcc/arm-none-eabi/10.3.1/thumb/v7e-m+fp/hard/crti.o
LOAD /home/neuberfran/neuber/gcc-arm-none-eabi-10.3-2021.10/bin/../lib/gcc/arm-none-eabi/10.3.1/thumb/v7e-m+fp/hard/crtbegin.o
LOAD /home/neuberfran/neuber/gcc-arm-none-eabi-10.3-2021.10/bin/../lib/gcc/arm-none-eabi/10.3.1/../../../../arm-none-eabi/lib/thumb/v7e-m+fp/hard/crt0.o
LOAD /home/neuberfran/neuber/gcc-arm-none-eabi-10.3-2021.10/bin/../lib/gcc/arm-none-eabi/10.3.1/../../../../arm-none-eabi/lib/thumb/v7e-m+fp/hard/libm.a
LOAD CMakeFiles/rpmsg_str_echo_rpmsglite_example.dir/home/neuberfran/projects/freertos-tn/rtos/FreeRTOS/Source/portable/GCC/ARM_CM4F/port.c.obj
LOAD CMakeFiles/rpmsg_str_echo_rpmsglite_example.dir/home/neuberfran/projects/freertos-tn/platform/devices/MCIMX7D/startup/gcc/startup_MCIMX7D_M4.S.obj
LOAD CMakeFiles/rpmsg_str_echo_rpmsglite_example.dir/home/neuberfran/projects/freertos-tn/rtos/FreeRTOS/Source/portable/MemMang/heap_2.c.obj
LOAD CMakeFiles/rpmsg_str_echo_rpmsglite_example.dir/home/neuberfran/projects/freertos-tn/examples/imx7d_pico_m4/demo_apps/rpmsg/str_echo_rpmsglite/str_echo_rpmsglite.c.obj
LOAD CMakeFiles/rpmsg_str_echo_rpmsglite_example.dir/home/neuberfran/projects/freertos-tn/middleware/multicore/open-amp/lib/rpmsg_lite/rpmsg_lite.c.obj
LOAD CMakeFiles/rpmsg_str_echo_rpmsglite_example.dir/home/neuberfran/projects/freertos-tn/middleware/multicore/open-amp/lib/rpmsg_lite/rpmsg_ns.c.obj
LOAD CMakeFiles/rpmsg_str_echo_rpmsglite_example.dir/home/neuberfran/projects/freertos-tn/middleware/multicore/open-amp/lib/rpmsg_lite/rpmsg_queue.c.obj
LOAD CMakeFiles/rpmsg_str_echo_rpmsglite_example.dir/home/neuberfran/projects/freertos-tn/middleware/multicore/open-amp/lib/rpmsg_lite/porting/environment/rpmsg_env_freertos.c.obj
LOAD CMakeFiles/rpmsg_str_echo_rpmsglite_example.dir/home/neuberfran/projects/freertos-tn/middleware/multicore/open-amp/lib/rpmsg_lite/porting/platform/imx7d_m4/rpmsg_platform.c.obj
LOAD CMakeFiles/rpmsg_str_echo_rpmsglite_example.dir/home/neuberfran/projects/freertos-tn/middleware/multicore/open-amp/lib/virtio/virtqueue.c.obj
LOAD CMakeFiles/rpmsg_str_echo_rpmsglite_example.dir/home/neuberfran/projects/freertos-tn/rtos/FreeRTOS/Source/croutine.c.obj
LOAD CMakeFiles/rpmsg_str_echo_rpmsglite_example.dir/home/neuberfran/projects/freertos-tn/rtos/FreeRTOS/Source/event_groups.c.obj
LOAD CMakeFiles/rpmsg_str_echo_rpmsglite_example.dir/home/neuberfran/projects/freertos-tn/rtos/FreeRTOS/Source/list.c.obj
LOAD CMakeFiles/rpmsg_str_echo_rpmsglite_example.dir/home/neuberfran/projects/freertos-tn/rtos/FreeRTOS/Source/queue.c.obj
LOAD CMakeFiles/rpmsg_str_echo_rpmsglite_example.dir/home/neuberfran/projects/freertos-tn/rtos/FreeRTOS/Source/tasks.c.obj
LOAD CMakeFiles/rpmsg_str_echo_rpmsglite_example.dir/home/neuberfran/projects/freertos-tn/rtos/FreeRTOS/Source/timers.c.obj
LOAD CMakeFiles/rpmsg_str_echo_rpmsglite_example.dir/home/neuberfran/projects/freertos-tn/platform/drivers/src/ccm_analog_imx7d.c.obj
LOAD CMakeFiles/rpmsg_str_echo_rpmsglite_example.dir/home/neuberfran/projects/freertos-tn/platform/drivers/src/ccm_imx7d.c.obj
LOAD CMakeFiles/rpmsg_str_echo_rpmsglite_example.dir/home/neuberfran/projects/freertos-tn/platform/drivers/src/lmem.c.obj
LOAD CMakeFiles/rpmsg_str_echo_rpmsglite_example.dir/home/neuberfran/projects/freertos-tn/platform/drivers/src/rdc.c.obj
LOAD CMakeFiles/rpmsg_str_echo_rpmsglite_example.dir/home/neuberfran/projects/freertos-tn/platform/drivers/src/wdog_imx.c.obj
LOAD CMakeFiles/rpmsg_str_echo_rpmsglite_example.dir/home/neuberfran/projects/freertos-tn/platform/utilities/src/debug_console_imx.c.obj
LOAD CMakeFiles/rpmsg_str_echo_rpmsglite_example.dir/home/neuberfran/projects/freertos-tn/platform/utilities/src/print_scan.c.obj
LOAD CMakeFiles/rpmsg_str_echo_rpmsglite_example.dir/home/neuberfran/projects/freertos-tn/platform/devices/MCIMX7D/startup/system_MCIMX7D_M4.c.obj
LOAD CMakeFiles/rpmsg_str_echo_rpmsglite_example.dir/home/neuberfran/projects/freertos-tn/examples/imx7d_pico_m4/pin_mux.c.obj
LOAD CMakeFiles/rpmsg_str_echo_rpmsglite_example.dir/home/neuberfran/projects/freertos-tn/examples/imx7d_pico_m4/board.c.obj
LOAD CMakeFiles/rpmsg_str_echo_rpmsglite_example.dir/home/neuberfran/projects/freertos-tn/examples/imx7d_pico_m4/clock_freq.c.obj
LOAD CMakeFiles/rpmsg_str_echo_rpmsglite_example.dir/home/neuberfran/projects/freertos-tn/examples/imx7d_pico_m4/demo_apps/rpmsg/str_echo_rpmsglite/hardware_init.c.obj
LOAD CMakeFiles/rpmsg_str_echo_rpmsglite_example.dir/home/neuberfran/projects/freertos-tn/platform/drivers/src/uart_imx.c.obj
LOAD CMakeFiles/rpmsg_str_echo_rpmsglite_example.dir/home/neuberfran/projects/freertos-tn/platform/drivers/src/mu_imx.c.obj
START GROUP
LOAD /home/neuberfran/neuber/gcc-arm-none-eabi-10.3-2021.10/bin/../lib/gcc/arm-none-eabi/10.3.1/../../../../arm-none-eabi/lib/thumb/v7e-m+fp/hard/libm.a
LOAD /home/neuberfran/neuber/gcc-arm-none-eabi-10.3-2021.10/bin/../lib/gcc/arm-none-eabi/10.3.1/../../../../arm-none-eabi/lib/thumb/v7e-m+fp/hard/libc_nano.a
LOAD /home/neuberfran/neuber/gcc-arm-none-eabi-10.3-2021.10/bin/../lib/gcc/arm-none-eabi/10.3.1/thumb/v7e-m+fp/hard/libgcc.a
LOAD /home/neuberfran/neuber/gcc-arm-none-eabi-10.3-2021.10/bin/../lib/gcc/arm-none-eabi/10.3.1/../../../../arm-none-eabi/lib/thumb/v7e-m+fp/hard/libnosys.a
END GROUP
START GROUP
LOAD /home/neuberfran/neuber/gcc-arm-none-eabi-10.3-2021.10/bin/../lib/gcc/arm-none-eabi/10.3.1/thumb/v7e-m+fp/hard/libgcc.a
LOAD /home/neuberfran/neuber/gcc-arm-none-eabi-10.3-2021.10/bin/../lib/gcc/arm-none-eabi/10.3.1/../../../../arm-none-eabi/lib/thumb/v7e-m+fp/hard/libc_nano.a
END GROUP
START GROUP
LOAD /home/neuberfran/neuber/gcc-arm-none-eabi-10.3-2021.10/bin/../lib/gcc/arm-none-eabi/10.3.1/thumb/v7e-m+fp/hard/libgcc.a
LOAD /home/neuberfran/neuber/gcc-arm-none-eabi-10.3-2021.10/bin/../lib/gcc/arm-none-eabi/10.3.1/../../../../arm-none-eabi/lib/thumb/v7e-m+fp/hard/libc_nano.a
LOAD /home/neuberfran/neuber/gcc-arm-none-eabi-10.3-2021.10/bin/../lib/gcc/arm-none-eabi/10.3.1/../../../../arm-none-eabi/lib/thumb/v7e-m+fp/hard/libnosys.a
END GROUP
START GROUP
LOAD /home/neuberfran/neuber/gcc-arm-none-eabi-10.3-2021.10/bin/../lib/gcc/arm-none-eabi/10.3.1/thumb/v7e-m+fp/hard/libgcc.a
LOAD /home/neuberfran/neuber/gcc-arm-none-eabi-10.3-2021.10/bin/../lib/gcc/arm-none-eabi/10.3.1/../../../../arm-none-eabi/lib/thumb/v7e-m+fp/hard/libc_nano.a
LOAD /home/neuberfran/neuber/gcc-arm-none-eabi-10.3-2021.10/bin/../lib/gcc/arm-none-eabi/10.3.1/../../../../arm-none-eabi/lib/thumb/v7e-m+fp/hard/libnosys.a
END GROUP
LOAD /home/neuberfran/neuber/gcc-arm-none-eabi-10.3-2021.10/bin/../lib/gcc/arm-none-eabi/10.3.1/thumb/v7e-m+fp/hard/crtend.o
LOAD /home/neuberfran/neuber/gcc-arm-none-eabi-10.3-2021.10/bin/../lib/gcc/arm-none-eabi/10.3.1/thumb/v7e-m+fp/hard/crtn.o
                0x0000000000000400                HEAP_SIZE = DEFINED (__heap_size__)?__heap_size__:0x400
                0x0000000000000400                STACK_SIZE = DEFINED (__stack_size__)?__stack_size__:0x400

.interrupts     0x000000001fff8000      0x240
                0x000000001fff8000                __VECTOR_TABLE = .
                0x000000001fff8000                . = ALIGN (0x4)
 *(.isr_vector)
 .isr_vector    0x000000001fff8000      0x240 CMakeFiles/rpmsg_str_echo_rpmsglite_example.dir/home/neuberfran/projects/freertos-tn/platform/devices/MCIMX7D/startup/gcc/startup_MCIMX7D_M4.S.obj
                0x000000001fff8000                __isr_vector
                0x000000001fff8240                . = ALIGN (0x4)

.text           0x000000001fff8240     0x37d8
                0x000000001fff8240                . = ALIGN (0x4)
 *(.text)
 .text          0x000000001fff8240       0x40 /home/neuberfran/neuber/gcc-arm-none-eabi-10.3-2021.10/bin/../lib/gcc/arm-none-eabi/10.3.1/thumb/v7e-m+fp/hard/crtbegin.o
 .text          0x000000001fff8280       0x7c /home/neuberfran/neuber/gcc-arm-none-eabi-10.3-2021.10/bin/../lib/gcc/arm-none-eabi/10.3.1/../../../../arm-none-eabi/lib/thumb/v7e-m+fp/hard/crt0.o
                0x000000001fff8280                _stack_init
                0x000000001fff8288                _mainCRTStartup
                0x000000001fff8288                _start
 .text          0x000000001fff82fc       0x30 CMakeFiles/rpmsg_str_echo_rpmsglite_example.dir/home/neuberfran/projects/freertos-tn/platform/devices/MCIMX7D/startup/gcc/startup_MCIMX7D_M4.S.obj
                0x000000001fff82fc                Reset_Handler
                0x000000001fff8328                ENET2_MAC0_TRANS1_Handler
                0x000000001fff8328                SAI3_Handler
                0x000000001fff8328                DebugMon_Handler
                0x000000001fff8328                USB_OH3_OTG2_1_Handler
                0x000000001fff8328                GPIO3_INT31_16_Handler
                0x000000001fff8328                eCSPI4_Handler
                0x000000001fff8328                SIM2_Handler
                0x000000001fff8328                FLEXCAN1_Handler
                0x000000001fff8328                UART3_Handler
                0x000000001fff8328                UART2_Handler
                0x000000001fff8328                GPIO1_INT3_Handler
                0x000000001fff8328                HardFault_Handler
                0x000000001fff8328                SNVS_SECURITY_Handler
                0x000000001fff8328                SEMA4_HS_M4_Handler
                0x000000001fff8328                GPIO6_INT31_16_Handler
                0x000000001fff8328                SRC_Handler
                0x000000001fff8328                GPT2_Handler
                0x000000001fff8328                CCM2_Handler
                0x000000001fff8328                I2C1_Handler
                0x000000001fff8328                CPU_CTI_Handler
                0x000000001fff8328                NMI_Handler
                0x000000001fff8328                SAI1_Handler
                0x000000001fff8328                ENET2_MAC0_IRQ_Handler
                0x000000001fff8328                KPP_Handler
                0x000000001fff8328                USB_OTG1_Handler
                0x000000001fff8328                MIPI_CSI_Handler
                0x000000001fff8328                WDOG4_Handler
                0x000000001fff8328                Reserved9_Handler
                0x000000001fff8328                QSPI_Handler
                0x000000001fff8328                CAAM_QUEUE_Handler
                0x000000001fff8328                GPIO2_INT15_0_Handler
                0x000000001fff8328                PCIE_CTRL4_Handler
                0x000000001fff8328                uSDHC2_Handler
                0x000000001fff8328                GPIO1_INT6_Handler
                0x000000001fff8328                PCIE_CTRL_REQUEST_Handler
                0x000000001fff8328                SCTR1_Handler
                0x000000001fff8328                RDC_Handler
                0x000000001fff8328                EPDC_Handler
                0x000000001fff8328                CCM1_Handler
                0x000000001fff8328                UsageFault_Handler
                0x000000001fff8328                ADC1_Handler
                0x000000001fff8328                GPIO1_INT0_Handler
                0x000000001fff8328                Analog_brown_out_Handler
                0x000000001fff8328                PXP2_Handler
                0x000000001fff8328                SEMA4_HS_A7_Handler
                0x000000001fff8328                RTIC_Handler
                0x000000001fff8328                DefaultISR
                0x000000001fff8328                GPIO6_INT15_0_Handler
                0x000000001fff8328                SCTR2_Handler
                0x000000001fff8328                WDOG3_Handler
                0x000000001fff8328                USB_OH2_OTG_Handler
                0x000000001fff8328                SAI2_Handler
                0x000000001fff8328                GPIO3_INT15_0_Handler
                0x000000001fff8328                FTM2_Handler
                0x000000001fff8328                eCSPI1_Handler
                0x000000001fff8328                GPC_Handler
                0x000000001fff8328                GPIO1_INT15_0_Handler
                0x000000001fff8328                UART1_Handler
                0x000000001fff8328                ENET1_MAC0_TRANS2_Handler
                0x000000001fff8328                eCSPI3_Handler
                0x000000001fff8328                BCH_Handler
                0x000000001fff8328                CAAM_ERROR_Handler
                0x000000001fff8328                Analog_TempSensor_Handler
                0x000000001fff8328                PXP1_Handler
                0x000000001fff8328                SNVS_Handler
                0x000000001fff8328                GPT4_Handler
                0x000000001fff8328                GPIO5_INT15_0_Handler
                0x000000001fff8328                ENET2_MAC0_TRANS2_Handler
                0x000000001fff8328                GPMI_Handler
                0x000000001fff8328                I2C4_Handler
                0x000000001fff8328                CCM_SRC_GPC_Handler
                0x000000001fff8328                CPU_Handler
                0x000000001fff8328                UART4_Handler
                0x000000001fff8328                GPIO1_INT1_Handler
                0x000000001fff8328                uSDHC3_Handler
                0x000000001fff8328                EIM_Handler
                0x000000001fff8328                PWM1_Handler
                0x000000001fff8328                ENET2_1588_TIMER_IRQ_Handler
                0x000000001fff8328                UART6_Handler
                0x000000001fff8328                GPIO1_INT4_Handler
                0x000000001fff8328                GPIO1_INT31_16_Handler
                0x000000001fff8328                APBHDMA_Handler
                0x000000001fff8328                uSDHC1_Handler
                0x000000001fff8328                DBGMON_Handler
                0x000000001fff8328                UART7_Handler
                0x000000001fff8328                SDMA_Handler
                0x000000001fff8328                GPT1_Handler
                0x000000001fff8328                PWM3_Handler
                0x000000001fff8328                PCIE_CTRL2_Handler
                0x000000001fff8328                MemManage_Handler
                0x000000001fff8328                GPIO5_INT31_16_Handler
                0x000000001fff8328                TZASC1_Handler
                0x000000001fff8328                I2C2_Handler
                0x000000001fff8328                DAP_Handler
                0x000000001fff8328                GPIO4_INT15_0_Handler
                0x000000001fff8328                CSI_Handler
                0x000000001fff8328                eCSPI2_Handler
                0x000000001fff8328                ENET1_1588_TIMER_Handler
                0x000000001fff8328                WDOG2_Handler
                0x000000001fff8328                FLEXCAN2_Handler
                0x000000001fff8328                PCIE_CTRL1_Handler
                0x000000001fff8328                PCIE_CTRL3_Handler
                0x000000001fff8328                GPT3_Handler
                0x000000001fff8328                GPIO1_INT5_Handler
                0x000000001fff8328                CAAM_WRAPPER2_Handler
                0x000000001fff8328                SNVS_CONSOLIDATED_Handler
                0x000000001fff8328                CAAM_WRAPPER1_Handler
                0x000000001fff8328                GPIO4_INT31_16_Handler
                0x000000001fff8328                GPIO1_INT2_Handler
                0x000000001fff8328                LCDIF_Handler
                0x000000001fff8328                UART5_Handler
                0x000000001fff8328                PERFMON1_Handler
                0x000000001fff8328                GPIO1_INT7_Handler
                0x000000001fff8328                I2C3_Handler
                0x000000001fff8328                CSU_Handler
                0x000000001fff8328                MIPI_DSI_Handler
                0x000000001fff8328                PWM2_Handler
                0x000000001fff8328                GPR_Handler
                0x000000001fff8328                SIM1_Handler
                0x000000001fff8328                USB_OTG2_Handler
                0x000000001fff8328                ENET1_MAC0_TRANS1_Handler
                0x000000001fff8328                BusFault_Handler
                0x000000001fff8328                USB_OH3_OTG2_2_Handler
                0x000000001fff8328                ENET1_MAC0_Handler
                0x000000001fff8328                PERFMON2_Handler
                0x000000001fff8328                GPIO7_INT31_16_Handler
                0x000000001fff8328                PWM4_Handler
                0x000000001fff8328                GPIO2_INT31_16_Handler
                0x000000001fff8328                FTM1_Handler
                0x000000001fff8328                GPIO7_INT15_0_Handler
                0x000000001fff8328                WDOG1_Handler
                0x000000001fff8328                MU_A7_Handler
                0x000000001fff8328                ADC2_Handler
                0x000000001fff8328                TPR_Handler
 .text          0x000000001fff832c       0x10 /home/neuberfran/neuber/gcc-arm-none-eabi-10.3-2021.10/bin/../lib/gcc/arm-none-eabi/10.3.1/../../../../arm-none-eabi/lib/thumb/v7e-m+fp/hard/libc_nano.a(lib_a-strlen.o)
                0x000000001fff832c                strlen
 *fill*         0x000000001fff833c        0x4 
 .text          0x000000001fff8340       0xa0 /home/neuberfran/neuber/gcc-arm-none-eabi-10.3-2021.10/bin/../lib/gcc/arm-none-eabi/10.3.1/../../../../arm-none-eabi/lib/thumb/v7e-m+fp/hard/libc_nano.a(lib_a-memchr.o)
                0x000000001fff8340                memchr
 *(.text*)
 .text.prvPortStartFirstTask
                0x000000001fff83e0       0x1c CMakeFiles/rpmsg_str_echo_rpmsglite_example.dir/home/neuberfran/projects/freertos-tn/rtos/FreeRTOS/Source/portable/GCC/ARM_CM4F/port.c.obj
 .text.vPortEnableVFP
                0x000000001fff83fc       0x14 CMakeFiles/rpmsg_str_echo_rpmsglite_example.dir/home/neuberfran/projects/freertos-tn/rtos/FreeRTOS/Source/portable/GCC/ARM_CM4F/port.c.obj
 .text.pxPortInitialiseStack
                0x000000001fff8410       0x24 CMakeFiles/rpmsg_str_echo_rpmsglite_example.dir/home/neuberfran/projects/freertos-tn/rtos/FreeRTOS/Source/portable/GCC/ARM_CM4F/port.c.obj
                0x000000001fff8410                pxPortInitialiseStack
 .text.SVC_Handler
                0x000000001fff8434       0x20 CMakeFiles/rpmsg_str_echo_rpmsglite_example.dir/home/neuberfran/projects/freertos-tn/rtos/FreeRTOS/Source/portable/GCC/ARM_CM4F/port.c.obj
                0x000000001fff8434                SVC_Handler
 .text.vPortYield
                0x000000001fff8454       0x16 CMakeFiles/rpmsg_str_echo_rpmsglite_example.dir/home/neuberfran/projects/freertos-tn/rtos/FreeRTOS/Source/portable/GCC/ARM_CM4F/port.c.obj
                0x000000001fff8454                vPortYield
 .text.ulPortSetInterruptMask
                0x000000001fff846a       0x10 CMakeFiles/rpmsg_str_echo_rpmsglite_example.dir/home/neuberfran/projects/freertos-tn/rtos/FreeRTOS/Source/portable/GCC/ARM_CM4F/port.c.obj
                0x000000001fff846a                ulPortSetInterruptMask
 *fill*         0x000000001fff847a        0x2 
 .text.prvTaskExitError
                0x000000001fff847c       0x1c CMakeFiles/rpmsg_str_echo_rpmsglite_example.dir/home/neuberfran/projects/freertos-tn/rtos/FreeRTOS/Source/portable/GCC/ARM_CM4F/port.c.obj
 .text.vPortEnterCritical
                0x000000001fff8498       0x1c CMakeFiles/rpmsg_str_echo_rpmsglite_example.dir/home/neuberfran/projects/freertos-tn/rtos/FreeRTOS/Source/portable/GCC/ARM_CM4F/port.c.obj
                0x000000001fff8498                vPortEnterCritical
 .text.vPortClearInterruptMask
                0x000000001fff84b4        0x6 CMakeFiles/rpmsg_str_echo_rpmsglite_example.dir/home/neuberfran/projects/freertos-tn/rtos/FreeRTOS/Source/portable/GCC/ARM_CM4F/port.c.obj
                0x000000001fff84b4                vPortClearInterruptMask
 *fill*         0x000000001fff84ba        0x2 
 .text.vPortExitCritical
                0x000000001fff84bc       0x24 CMakeFiles/rpmsg_str_echo_rpmsglite_example.dir/home/neuberfran/projects/freertos-tn/rtos/FreeRTOS/Source/portable/GCC/ARM_CM4F/port.c.obj
                0x000000001fff84bc                vPortExitCritical
 .text.PendSV_Handler
                0x000000001fff84e0       0x58 CMakeFiles/rpmsg_str_echo_rpmsglite_example.dir/home/neuberfran/projects/freertos-tn/rtos/FreeRTOS/Source/portable/GCC/ARM_CM4F/port.c.obj
                0x000000001fff84e0                PendSV_Handler
 .text.SysTick_Handler
                0x000000001fff8538       0x22 CMakeFiles/rpmsg_str_echo_rpmsglite_example.dir/home/neuberfran/projects/freertos-tn/rtos/FreeRTOS/Source/portable/GCC/ARM_CM4F/port.c.obj
                0x000000001fff8538                SysTick_Handler
 *fill*         0x000000001fff855a        0x2 
 .text.vPortSetupTimerInterrupt
                0x000000001fff855c       0x14 CMakeFiles/rpmsg_str_echo_rpmsglite_example.dir/home/neuberfran/projects/freertos-tn/rtos/FreeRTOS/Source/portable/GCC/ARM_CM4F/port.c.obj
                0x000000001fff855c                vPortSetupTimerInterrupt
 .text.xPortStartScheduler
                0x000000001fff8570       0xac CMakeFiles/rpmsg_str_echo_rpmsglite_example.dir/home/neuberfran/projects/freertos-tn/rtos/FreeRTOS/Source/portable/GCC/ARM_CM4F/port.c.obj
                0x000000001fff8570                xPortStartScheduler
 .text.pvPortMalloc
                0x000000001fff861c       0xb4 CMakeFiles/rpmsg_str_echo_rpmsglite_example.dir/home/neuberfran/projects/freertos-tn/rtos/FreeRTOS/Source/portable/MemMang/heap_2.c.obj
                0x000000001fff861c                pvPortMalloc
 .text.vPortFree
                0x000000001fff86d0       0x44 CMakeFiles/rpmsg_str_echo_rpmsglite_example.dir/home/neuberfran/projects/freertos-tn/rtos/FreeRTOS/Source/portable/MemMang/heap_2.c.obj
                0x000000001fff86d0                vPortFree
 .text.StrEchoTask
                0x000000001fff8714       0x48 CMakeFiles/rpmsg_str_echo_rpmsglite_example.dir/home/neuberfran/projects/freertos-tn/examples/imx7d_pico_m4/demo_apps/rpmsg/str_echo_rpmsglite/str_echo_rpmsglite.c.obj
 .text.MU_M4_Handler
                0x000000001fff875c        0x2 CMakeFiles/rpmsg_str_echo_rpmsglite_example.dir/home/neuberfran/projects/freertos-tn/examples/imx7d_pico_m4/demo_apps/rpmsg/str_echo_rpmsglite/str_echo_rpmsglite.c.obj
                0x000000001fff875c                MU_M4_Handler
 *fill*         0x000000001fff875e        0x2 
 .text.startup.main
                0x000000001fff8760       0x50 CMakeFiles/rpmsg_str_echo_rpmsglite_example.dir/home/neuberfran/projects/freertos-tn/examples/imx7d_pico_m4/demo_apps/rpmsg/str_echo_rpmsglite/str_echo_rpmsglite.c.obj
                0x000000001fff8760                main
 .text.virtqueue_notify
                0x000000001fff87b0        0x8 CMakeFiles/rpmsg_str_echo_rpmsglite_example.dir/home/neuberfran/projects/freertos-tn/middleware/multicore/open-amp/lib/rpmsg_lite/rpmsg_lite.c.obj
 .text.rpmsg_lite_tx_callback
                0x000000001fff87b8       0x10 CMakeFiles/rpmsg_str_echo_rpmsglite_example.dir/home/neuberfran/projects/freertos-tn/middleware/multicore/open-amp/lib/rpmsg_lite/rpmsg_lite.c.obj
 .text.vq_tx_remote
                0x000000001fff87c8        0xe CMakeFiles/rpmsg_str_echo_rpmsglite_example.dir/home/neuberfran/projects/freertos-tn/middleware/multicore/open-amp/lib/rpmsg_lite/rpmsg_lite.c.obj
 .text.vq_rx_free_remote
                0x000000001fff87d6        0x4 CMakeFiles/rpmsg_str_echo_rpmsglite_example.dir/home/neuberfran/projects/freertos-tn/middleware/multicore/open-amp/lib/rpmsg_lite/rpmsg_lite.c.obj
 .text.vq_tx_alloc_remote
                0x000000001fff87da        0xa CMakeFiles/rpmsg_str_echo_rpmsglite_example.dir/home/neuberfran/projects/freertos-tn/middleware/multicore/open-amp/lib/rpmsg_lite/rpmsg_lite.c.obj
 .text.rpmsg_lite_get_endpoint_from_addr.isra.0
                0x000000001fff87e4       0x10 CMakeFiles/rpmsg_str_echo_rpmsglite_example.dir/home/neuberfran/projects/freertos-tn/middleware/multicore/open-amp/lib/rpmsg_lite/rpmsg_lite.c.obj
 .text.rpmsg_lite_rx_callback
                0x000000001fff87f4       0x56 CMakeFiles/rpmsg_str_echo_rpmsglite_example.dir/home/neuberfran/projects/freertos-tn/middleware/multicore/open-amp/lib/rpmsg_lite/rpmsg_lite.c.obj
 .text.vq_rx_remote
                0x000000001fff884a        0xa CMakeFiles/rpmsg_str_echo_rpmsglite_example.dir/home/neuberfran/projects/freertos-tn/middleware/multicore/open-amp/lib/rpmsg_lite/rpmsg_lite.c.obj
 .text.rpmsg_lite_is_link_up
                0x000000001fff8854        0xc CMakeFiles/rpmsg_str_echo_rpmsglite_example.dir/home/neuberfran/projects/freertos-tn/middleware/multicore/open-amp/lib/rpmsg_lite/rpmsg_lite.c.obj
                0x000000001fff8854                rpmsg_lite_is_link_up
 .text.rpmsg_lite_remote_init
                0x000000001fff8860      0x144 CMakeFiles/rpmsg_str_echo_rpmsglite_example.dir/home/neuberfran/projects/freertos-tn/middleware/multicore/open-amp/lib/rpmsg_lite/rpmsg_lite.c.obj
                0x000000001fff8860                rpmsg_lite_remote_init
 .text.env_tx_callback
                0x000000001fff89a4       0x44 CMakeFiles/rpmsg_str_echo_rpmsglite_example.dir/home/neuberfran/projects/freertos-tn/middleware/multicore/open-amp/lib/rpmsg_lite/porting/environment/rpmsg_env_freertos.c.obj
                0x000000001fff89a4                env_tx_callback
 .text.env_init
                0x000000001fff89e8       0x8c CMakeFiles/rpmsg_str_echo_rpmsglite_example.dir/home/neuberfran/projects/freertos-tn/middleware/multicore/open-amp/lib/rpmsg_lite/porting/environment/rpmsg_env_freertos.c.obj
                0x000000001fff89e8                env_init
 .text.env_allocate_memory
                0x000000001fff8a74        0x4 CMakeFiles/rpmsg_str_echo_rpmsglite_example.dir/home/neuberfran/projects/freertos-tn/middleware/multicore/open-amp/lib/rpmsg_lite/porting/environment/rpmsg_env_freertos.c.obj
                0x000000001fff8a74                env_allocate_memory
 .text.env_free_memory
                0x000000001fff8a78        0x8 CMakeFiles/rpmsg_str_echo_rpmsglite_example.dir/home/neuberfran/projects/freertos-tn/middleware/multicore/open-amp/lib/rpmsg_lite/porting/environment/rpmsg_env_freertos.c.obj
                0x000000001fff8a78                env_free_memory
 .text.env_memset
                0x000000001fff8a80        0x4 CMakeFiles/rpmsg_str_echo_rpmsglite_example.dir/home/neuberfran/projects/freertos-tn/middleware/multicore/open-amp/lib/rpmsg_lite/porting/environment/rpmsg_env_freertos.c.obj
                0x000000001fff8a80                env_memset
 .text.env_strncpy
                0x000000001fff8a84        0x4 CMakeFiles/rpmsg_str_echo_rpmsglite_example.dir/home/neuberfran/projects/freertos-tn/middleware/multicore/open-amp/lib/rpmsg_lite/porting/environment/rpmsg_env_freertos.c.obj
                0x000000001fff8a84                env_strncpy
 .text.env_rmb  0x000000001fff8a88        0x6 CMakeFiles/rpmsg_str_echo_rpmsglite_example.dir/home/neuberfran/projects/freertos-tn/middleware/multicore/open-amp/lib/rpmsg_lite/porting/environment/rpmsg_env_freertos.c.obj
                0x000000001fff8a88                env_rmb
 .text.env_wmb  0x000000001fff8a8e        0x6 CMakeFiles/rpmsg_str_echo_rpmsglite_example.dir/home/neuberfran/projects/freertos-tn/middleware/multicore/open-amp/lib/rpmsg_lite/porting/environment/rpmsg_env_freertos.c.obj
                0x000000001fff8a8e                env_wmb
 .text.env_map_patova
                0x000000001fff8a94        0x4 CMakeFiles/rpmsg_str_echo_rpmsglite_example.dir/home/neuberfran/projects/freertos-tn/middleware/multicore/open-amp/lib/rpmsg_lite/porting/environment/rpmsg_env_freertos.c.obj
                0x000000001fff8a94                env_map_patova
 .text.env_create_mutex
                0x000000001fff8a98       0x20 CMakeFiles/rpmsg_str_echo_rpmsglite_example.dir/home/neuberfran/projects/freertos-tn/middleware/multicore/open-amp/lib/rpmsg_lite/porting/environment/rpmsg_env_freertos.c.obj
                0x000000001fff8a98                env_create_mutex
 .text.env_lock_mutex
                0x000000001fff8ab8       0x1e CMakeFiles/rpmsg_str_echo_rpmsglite_example.dir/home/neuberfran/projects/freertos-tn/middleware/multicore/open-amp/lib/rpmsg_lite/porting/environment/rpmsg_env_freertos.c.obj
                0x000000001fff8ab8                env_lock_mutex
 .text.env_unlock_mutex
                0x000000001fff8ad6       0x1c CMakeFiles/rpmsg_str_echo_rpmsglite_example.dir/home/neuberfran/projects/freertos-tn/middleware/multicore/open-amp/lib/rpmsg_lite/porting/environment/rpmsg_env_freertos.c.obj
                0x000000001fff8ad6                env_unlock_mutex
 *fill*         0x000000001fff8af2        0x2 
 .text.env_register_isr
                0x000000001fff8af4       0x14 CMakeFiles/rpmsg_str_echo_rpmsglite_example.dir/home/neuberfran/projects/freertos-tn/middleware/multicore/open-amp/lib/rpmsg_lite/porting/environment/rpmsg_env_freertos.c.obj
                0x000000001fff8af4                env_register_isr
 .text.env_enable_interrupt
                0x000000001fff8b08        0x4 CMakeFiles/rpmsg_str_echo_rpmsglite_example.dir/home/neuberfran/projects/freertos-tn/middleware/multicore/open-amp/lib/rpmsg_lite/porting/environment/rpmsg_env_freertos.c.obj
                0x000000001fff8b08                env_enable_interrupt
 .text.env_disable_interrupt
                0x000000001fff8b0c        0x4 CMakeFiles/rpmsg_str_echo_rpmsglite_example.dir/home/neuberfran/projects/freertos-tn/middleware/multicore/open-amp/lib/rpmsg_lite/porting/environment/rpmsg_env_freertos.c.obj
                0x000000001fff8b0c                env_disable_interrupt
 .text.platform_init_interrupt
                0x000000001fff8b10       0x58 CMakeFiles/rpmsg_str_echo_rpmsglite_example.dir/home/neuberfran/projects/freertos-tn/middleware/multicore/open-amp/lib/rpmsg_lite/porting/platform/imx7d_m4/rpmsg_platform.c.obj
                0x000000001fff8b10                platform_init_interrupt
 .text.platform_notify
                0x000000001fff8b68       0x2c CMakeFiles/rpmsg_str_echo_rpmsglite_example.dir/home/neuberfran/projects/freertos-tn/middleware/multicore/open-amp/lib/rpmsg_lite/porting/platform/imx7d_m4/rpmsg_platform.c.obj
                0x000000001fff8b68                platform_notify
 .text.platform_in_isr
                0x000000001fff8b94       0x14 CMakeFiles/rpmsg_str_echo_rpmsglite_example.dir/home/neuberfran/projects/freertos-tn/middleware/multicore/open-amp/lib/rpmsg_lite/porting/platform/imx7d_m4/rpmsg_platform.c.obj
                0x000000001fff8b94                platform_in_isr
 .text.platform_interrupt_enable
                0x000000001fff8ba8       0x40 CMakeFiles/rpmsg_str_echo_rpmsglite_example.dir/home/neuberfran/projects/freertos-tn/middleware/multicore/open-amp/lib/rpmsg_lite/porting/platform/imx7d_m4/rpmsg_platform.c.obj
                0x000000001fff8ba8                platform_interrupt_enable
 .text.platform_interrupt_disable
                0x000000001fff8be8       0x40 CMakeFiles/rpmsg_str_echo_rpmsglite_example.dir/home/neuberfran/projects/freertos-tn/middleware/multicore/open-amp/lib/rpmsg_lite/porting/platform/imx7d_m4/rpmsg_platform.c.obj
                0x000000001fff8be8                platform_interrupt_disable
 .text.platform_patova
                0x000000001fff8c28        0x2 CMakeFiles/rpmsg_str_echo_rpmsglite_example.dir/home/neuberfran/projects/freertos-tn/middleware/multicore/open-amp/lib/rpmsg_lite/porting/platform/imx7d_m4/rpmsg_platform.c.obj
                0x000000001fff8c28                platform_patova
 *fill*         0x000000001fff8c2a        0x2 
 .text.platform_init
                0x000000001fff8c2c       0x34 CMakeFiles/rpmsg_str_echo_rpmsglite_example.dir/home/neuberfran/projects/freertos-tn/middleware/multicore/open-amp/lib/rpmsg_lite/porting/platform/imx7d_m4/rpmsg_platform.c.obj
                0x000000001fff8c2c                platform_init
 .text.vq_ring_update_used
                0x000000001fff8c60       0x26 CMakeFiles/rpmsg_str_echo_rpmsglite_example.dir/home/neuberfran/projects/freertos-tn/middleware/multicore/open-amp/lib/virtio/virtqueue.c.obj
 *fill*         0x000000001fff8c86        0x2 
 .text.virtqueue_create
                0x000000001fff8c88       0x9c CMakeFiles/rpmsg_str_echo_rpmsglite_example.dir/home/neuberfran/projects/freertos-tn/middleware/multicore/open-amp/lib/virtio/virtqueue.c.obj
                0x000000001fff8c88                virtqueue_create
 .text.virtqueue_free
                0x000000001fff8d24       0x12 CMakeFiles/rpmsg_str_echo_rpmsglite_example.dir/home/neuberfran/projects/freertos-tn/middleware/multicore/open-amp/lib/virtio/virtqueue.c.obj
                0x000000001fff8d24                virtqueue_free
 .text.virtqueue_get_available_buffer
                0x000000001fff8d36       0x4c CMakeFiles/rpmsg_str_echo_rpmsglite_example.dir/home/neuberfran/projects/freertos-tn/middleware/multicore/open-amp/lib/virtio/virtqueue.c.obj
                0x000000001fff8d36                virtqueue_get_available_buffer
 *fill*         0x000000001fff8d82        0x2 
 .text.virtqueue_add_consumed_buffer
                0x000000001fff8d84       0x1c CMakeFiles/rpmsg_str_echo_rpmsglite_example.dir/home/neuberfran/projects/freertos-tn/middleware/multicore/open-amp/lib/virtio/virtqueue.c.obj
                0x000000001fff8d84                virtqueue_add_consumed_buffer
 .text.xEventGroupCreate
                0x000000001fff8da0       0x1a CMakeFiles/rpmsg_str_echo_rpmsglite_example.dir/home/neuberfran/projects/freertos-tn/rtos/FreeRTOS/Source/event_groups.c.obj
                0x000000001fff8da0                xEventGroupCreate
 .text.xEventGroupClearBits
                0x000000001fff8dba       0x26 CMakeFiles/rpmsg_str_echo_rpmsglite_example.dir/home/neuberfran/projects/freertos-tn/rtos/FreeRTOS/Source/event_groups.c.obj
                0x000000001fff8dba                xEventGroupClearBits
 .text.xEventGroupSetBits
                0x000000001fff8de0       0x66 CMakeFiles/rpmsg_str_echo_rpmsglite_example.dir/home/neuberfran/projects/freertos-tn/rtos/FreeRTOS/Source/event_groups.c.obj
                0x000000001fff8de0                xEventGroupSetBits
 .text.vEventGroupSetBitsCallback
                0x000000001fff8e46        0x4 CMakeFiles/rpmsg_str_echo_rpmsglite_example.dir/home/neuberfran/projects/freertos-tn/rtos/FreeRTOS/Source/event_groups.c.obj
                0x000000001fff8e46                vEventGroupSetBitsCallback
 .text.vListInitialise
                0x000000001fff8e4a       0x16 CMakeFiles/rpmsg_str_echo_rpmsglite_example.dir/home/neuberfran/projects/freertos-tn/rtos/FreeRTOS/Source/list.c.obj
                0x000000001fff8e4a                vListInitialise
 .text.vListInitialiseItem
                0x000000001fff8e60        0x6 CMakeFiles/rpmsg_str_echo_rpmsglite_example.dir/home/neuberfran/projects/freertos-tn/rtos/FreeRTOS/Source/list.c.obj
                0x000000001fff8e60                vListInitialiseItem
 .text.vListInsertEnd
                0x000000001fff8e66       0x16 CMakeFiles/rpmsg_str_echo_rpmsglite_example.dir/home/neuberfran/projects/freertos-tn/rtos/FreeRTOS/Source/list.c.obj
                0x000000001fff8e66                vListInsertEnd
 .text.vListInsert
                0x000000001fff8e7c       0x2e CMakeFiles/rpmsg_str_echo_rpmsglite_example.dir/home/neuberfran/projects/freertos-tn/rtos/FreeRTOS/Source/list.c.obj
                0x000000001fff8e7c                vListInsert
 .text.uxListRemove
                0x000000001fff8eaa       0x22 CMakeFiles/rpmsg_str_echo_rpmsglite_example.dir/home/neuberfran/projects/freertos-tn/rtos/FreeRTOS/Source/list.c.obj
                0x000000001fff8eaa                uxListRemove
 .text.prvCopyDataToQueue
                0x000000001fff8ecc       0x5a CMakeFiles/rpmsg_str_echo_rpmsglite_example.dir/home/neuberfran/projects/freertos-tn/rtos/FreeRTOS/Source/queue.c.obj
 .text.prvCopyDataFromQueue
                0x000000001fff8f26       0x24 CMakeFiles/rpmsg_str_echo_rpmsglite_example.dir/home/neuberfran/projects/freertos-tn/rtos/FreeRTOS/Source/queue.c.obj
 .text.prvUnlockQueue
                0x000000001fff8f4a       0x6c CMakeFiles/rpmsg_str_echo_rpmsglite_example.dir/home/neuberfran/projects/freertos-tn/rtos/FreeRTOS/Source/queue.c.obj
 .text.xQueueGenericReset
                0x000000001fff8fb6       0x62 CMakeFiles/rpmsg_str_echo_rpmsglite_example.dir/home/neuberfran/projects/freertos-tn/rtos/FreeRTOS/Source/queue.c.obj
                0x000000001fff8fb6                xQueueGenericReset
 .text.xQueueGenericCreate
                0x000000001fff9018       0x3c CMakeFiles/rpmsg_str_echo_rpmsglite_example.dir/home/neuberfran/projects/freertos-tn/rtos/FreeRTOS/Source/queue.c.obj
                0x000000001fff9018                xQueueGenericCreate
 .text.xQueueCreateCountingSemaphore
                0x000000001fff9054       0x2a CMakeFiles/rpmsg_str_echo_rpmsglite_example.dir/home/neuberfran/projects/freertos-tn/rtos/FreeRTOS/Source/queue.c.obj
                0x000000001fff9054                xQueueCreateCountingSemaphore
 .text.xQueueGenericSend
                0x000000001fff907e      0x108 CMakeFiles/rpmsg_str_echo_rpmsglite_example.dir/home/neuberfran/projects/freertos-tn/rtos/FreeRTOS/Source/queue.c.obj
                0x000000001fff907e                xQueueGenericSend
 .text.xQueueGenericReceive
                0x000000001fff9186      0x112 CMakeFiles/rpmsg_str_echo_rpmsglite_example.dir/home/neuberfran/projects/freertos-tn/rtos/FreeRTOS/Source/queue.c.obj
                0x000000001fff9186                xQueueGenericReceive
 .text.prvIdleTask
                0x000000001fff9298        0x2 CMakeFiles/rpmsg_str_echo_rpmsglite_example.dir/home/neuberfran/projects/freertos-tn/rtos/FreeRTOS/Source/tasks.c.obj
 *fill*         0x000000001fff929a        0x2 
 .text.prvResetNextTaskUnblockTime
                0x000000001fff929c       0x24 CMakeFiles/rpmsg_str_echo_rpmsglite_example.dir/home/neuberfran/projects/freertos-tn/rtos/FreeRTOS/Source/tasks.c.obj
 .text.prvAddCurrentTaskToDelayedList
                0x000000001fff92c0       0x50 CMakeFiles/rpmsg_str_echo_rpmsglite_example.dir/home/neuberfran/projects/freertos-tn/rtos/FreeRTOS/Source/tasks.c.obj
 .text.xTaskGenericCreate.part.0.isra.0
                0x000000001fff9310      0x184 CMakeFiles/rpmsg_str_echo_rpmsglite_example.dir/home/neuberfran/projects/freertos-tn/rtos/FreeRTOS/Source/tasks.c.obj
 .text.xTaskGenericCreate
                0x000000001fff9494       0x1e CMakeFiles/rpmsg_str_echo_rpmsglite_example.dir/home/neuberfran/projects/freertos-tn/rtos/FreeRTOS/Source/tasks.c.obj
                0x000000001fff9494                xTaskGenericCreate
 *fill*         0x000000001fff94b2        0x2 
 .text.vTaskStartScheduler
                0x000000001fff94b4       0x50 CMakeFiles/rpmsg_str_echo_rpmsglite_example.dir/home/neuberfran/projects/freertos-tn/rtos/FreeRTOS/Source/tasks.c.obj
                0x000000001fff94b4                vTaskStartScheduler
 .text.vTaskSuspendAll
                0x000000001fff9504       0x10 CMakeFiles/rpmsg_str_echo_rpmsglite_example.dir/home/neuberfran/projects/freertos-tn/rtos/FreeRTOS/Source/tasks.c.obj
                0x000000001fff9504                vTaskSuspendAll
 .text.xTaskIncrementTick
                0x000000001fff9514      0x124 CMakeFiles/rpmsg_str_echo_rpmsglite_example.dir/home/neuberfran/projects/freertos-tn/rtos/FreeRTOS/Source/tasks.c.obj
                0x000000001fff9514                xTaskIncrementTick
 .text.xTaskResumeAll
                0x000000001fff9638       0xc8 CMakeFiles/rpmsg_str_echo_rpmsglite_example.dir/home/neuberfran/projects/freertos-tn/rtos/FreeRTOS/Source/tasks.c.obj
                0x000000001fff9638                xTaskResumeAll
 .text.vTaskSwitchContext
                0x000000001fff9700       0x6c CMakeFiles/rpmsg_str_echo_rpmsglite_example.dir/home/neuberfran/projects/freertos-tn/rtos/FreeRTOS/Source/tasks.c.obj
                0x000000001fff9700                vTaskSwitchContext
 .text.vTaskPlaceOnEventList
                0x000000001fff976c       0x4c CMakeFiles/rpmsg_str_echo_rpmsglite_example.dir/home/neuberfran/projects/freertos-tn/rtos/FreeRTOS/Source/tasks.c.obj
                0x000000001fff976c                vTaskPlaceOnEventList
 .text.xTaskRemoveFromEventList
                0x000000001fff97b8       0x7c CMakeFiles/rpmsg_str_echo_rpmsglite_example.dir/home/neuberfran/projects/freertos-tn/rtos/FreeRTOS/Source/tasks.c.obj
                0x000000001fff97b8                xTaskRemoveFromEventList
 .text.xTaskRemoveFromUnorderedEventList
                0x000000001fff9834       0x74 CMakeFiles/rpmsg_str_echo_rpmsglite_example.dir/home/neuberfran/projects/freertos-tn/rtos/FreeRTOS/Source/tasks.c.obj
                0x000000001fff9834                xTaskRemoveFromUnorderedEventList
 .text.vTaskSetTimeOutState
                0x000000001fff98a8       0x20 CMakeFiles/rpmsg_str_echo_rpmsglite_example.dir/home/neuberfran/projects/freertos-tn/rtos/FreeRTOS/Source/tasks.c.obj
                0x000000001fff98a8                vTaskSetTimeOutState
 .text.xTaskCheckForTimeOut
                0x000000001fff98c8       0x5c CMakeFiles/rpmsg_str_echo_rpmsglite_example.dir/home/neuberfran/projects/freertos-tn/rtos/FreeRTOS/Source/tasks.c.obj
                0x000000001fff98c8                xTaskCheckForTimeOut
 .text.vTaskMissedYield
                0x000000001fff9924        0xc CMakeFiles/rpmsg_str_echo_rpmsglite_example.dir/home/neuberfran/projects/freertos-tn/rtos/FreeRTOS/Source/tasks.c.obj
                0x000000001fff9924                vTaskMissedYield
 .text.CCM_ANALOG_GetSysPllFreq
                0x000000001fff9930       0x30 CMakeFiles/rpmsg_str_echo_rpmsglite_example.dir/home/neuberfran/projects/freertos-tn/platform/drivers/src/ccm_analog_imx7d.c.obj
                0x000000001fff9930                CCM_ANALOG_GetSysPllFreq
 .text.CCM_GetRootDivider
                0x000000001fff9960       0x30 CMakeFiles/rpmsg_str_echo_rpmsglite_example.dir/home/neuberfran/projects/freertos-tn/platform/drivers/src/ccm_imx7d.c.obj
                0x000000001fff9960                CCM_GetRootDivider
 .text.CCM_UpdateRoot
                0x000000001fff9990       0x4c CMakeFiles/rpmsg_str_echo_rpmsglite_example.dir/home/neuberfran/projects/freertos-tn/platform/drivers/src/ccm_imx7d.c.obj
                0x000000001fff9990                CCM_UpdateRoot
 .text.debug_putc
                0x000000001fff99dc       0x28 CMakeFiles/rpmsg_str_echo_rpmsglite_example.dir/home/neuberfran/projects/freertos-tn/platform/utilities/src/debug_console_imx.c.obj
 .text.UART_ReceiveDataPolling
                0x000000001fff9a04       0x24 CMakeFiles/rpmsg_str_echo_rpmsglite_example.dir/home/neuberfran/projects/freertos-tn/platform/utilities/src/debug_console_imx.c.obj
 .text.UART_SendDataPolling
                0x000000001fff9a28       0x40 CMakeFiles/rpmsg_str_echo_rpmsglite_example.dir/home/neuberfran/projects/freertos-tn/platform/utilities/src/debug_console_imx.c.obj
 .text.DbgConsole_Init
                0x000000001fff9a68       0x54 CMakeFiles/rpmsg_str_echo_rpmsglite_example.dir/home/neuberfran/projects/freertos-tn/platform/utilities/src/debug_console_imx.c.obj
                0x000000001fff9a68                DbgConsole_Init
 .text._write   0x000000001fff9abc       0x28 CMakeFiles/rpmsg_str_echo_rpmsglite_example.dir/home/neuberfran/projects/freertos-tn/platform/utilities/src/debug_console_imx.c.obj
                0x000000001fff9abc                _write
 .text._read    0x000000001fff9ae4       0x20 CMakeFiles/rpmsg_str_echo_rpmsglite_example.dir/home/neuberfran/projects/freertos-tn/platform/utilities/src/debug_console_imx.c.obj
                0x000000001fff9ae4                _read
 .text.debug_printf
                0x000000001fff9b04       0x38 CMakeFiles/rpmsg_str_echo_rpmsglite_example.dir/home/neuberfran/projects/freertos-tn/platform/utilities/src/debug_console_imx.c.obj
                0x000000001fff9b04                debug_printf
 .text.mknumstr
                0x000000001fff9b3c       0x7c CMakeFiles/rpmsg_str_echo_rpmsglite_example.dir/home/neuberfran/projects/freertos-tn/platform/utilities/src/print_scan.c.obj
 .text.fput_pad.constprop.0
                0x000000001fff9bb8       0x26 CMakeFiles/rpmsg_str_echo_rpmsglite_example.dir/home/neuberfran/projects/freertos-tn/platform/utilities/src/print_scan.c.obj
 *fill*         0x000000001fff9bde        0x2 
 .text._doprint
                0x000000001fff9be0      0x40c CMakeFiles/rpmsg_str_echo_rpmsglite_example.dir/home/neuberfran/projects/freertos-tn/platform/utilities/src/print_scan.c.obj
                0x000000001fff9be0                _doprint
 .text.SystemInit
                0x000000001fff9fec      0x108 CMakeFiles/rpmsg_str_echo_rpmsglite_example.dir/home/neuberfran/projects/freertos-tn/platform/devices/MCIMX7D/startup/system_MCIMX7D_M4.c.obj
                0x000000001fff9fec                SystemInit
 .text.configure_uart_pins
                0x000000001fffa0f4       0x78 CMakeFiles/rpmsg_str_echo_rpmsglite_example.dir/home/neuberfran/projects/freertos-tn/examples/imx7d_pico_m4/pin_mux.c.obj
                0x000000001fffa0f4                configure_uart_pins
 .text.BOARD_ClockInit
                0x000000001fffa16c       0x7c CMakeFiles/rpmsg_str_echo_rpmsglite_example.dir/home/neuberfran/projects/freertos-tn/examples/imx7d_pico_m4/board.c.obj
                0x000000001fffa16c                BOARD_ClockInit
 .text.dbg_uart_init
                0x000000001fffa1e8       0x64 CMakeFiles/rpmsg_str_echo_rpmsglite_example.dir/home/neuberfran/projects/freertos-tn/examples/imx7d_pico_m4/board.c.obj
                0x000000001fffa1e8                dbg_uart_init
 .text.BOARD_RdcInit
                0x000000001fffa24c       0x10 CMakeFiles/rpmsg_str_echo_rpmsglite_example.dir/home/neuberfran/projects/freertos-tn/examples/imx7d_pico_m4/board.c.obj
                0x000000001fffa24c                BOARD_RdcInit
 .text.get_uart_clock_freq
                0x000000001fffa25c       0xa4 CMakeFiles/rpmsg_str_echo_rpmsglite_example.dir/home/neuberfran/projects/freertos-tn/examples/imx7d_pico_m4/clock_freq.c.obj
                0x000000001fffa25c                get_uart_clock_freq
 .text.hardware_init
                0x000000001fffa300       0x28 CMakeFiles/rpmsg_str_echo_rpmsglite_example.dir/home/neuberfran/projects/freertos-tn/examples/imx7d_pico_m4/demo_apps/rpmsg/str_echo_rpmsglite/hardware_init.c.obj
                0x000000001fffa300                hardware_init
 .text.UART_Deinit
                0x000000001fffa328       0x5e CMakeFiles/rpmsg_str_echo_rpmsglite_example.dir/home/neuberfran/projects/freertos-tn/platform/drivers/src/uart_imx.c.obj
                0x000000001fffa328                UART_Deinit
 *fill*         0x000000001fffa386        0x2 
 .text.UART_SetBaudRate
                0x000000001fffa388       0xc0 CMakeFiles/rpmsg_str_echo_rpmsglite_example.dir/home/neuberfran/projects/freertos-tn/platform/drivers/src/uart_imx.c.obj
                0x000000001fffa388                UART_SetBaudRate
 .text.UART_Init
                0x000000001fffa448       0x60 CMakeFiles/rpmsg_str_echo_rpmsglite_example.dir/home/neuberfran/projects/freertos-tn/platform/drivers/src/uart_imx.c.obj
                0x000000001fffa448                UART_Init
 .text.UART_GetStatusFlag
                0x000000001fffa4a8        0xe CMakeFiles/rpmsg_str_echo_rpmsglite_example.dir/home/neuberfran/projects/freertos-tn/platform/drivers/src/uart_imx.c.obj
                0x000000001fffa4a8                UART_GetStatusFlag
 *fill*         0x000000001fffa4b6        0x2 
 .text.MU_SendMsg
                0x000000001fffa4b8       0x30 CMakeFiles/rpmsg_str_echo_rpmsglite_example.dir/home/neuberfran/projects/freertos-tn/platform/drivers/src/mu_imx.c.obj
                0x000000001fffa4b8                MU_SendMsg
 .text.__assert_func
                0x000000001fffa4e8       0x3c /home/neuberfran/neuber/gcc-arm-none-eabi-10.3-2021.10/bin/../lib/gcc/arm-none-eabi/10.3.1/../../../../arm-none-eabi/lib/thumb/v7e-m+fp/hard/libc_nano.a(lib_a-assert.o)
                0x000000001fffa4e8                __assert_func
 .text.exit     0x000000001fffa524       0x28 /home/neuberfran/neuber/gcc-arm-none-eabi-10.3-2021.10/bin/../lib/gcc/arm-none-eabi/10.3.1/../../../../arm-none-eabi/lib/thumb/v7e-m+fp/hard/libc_nano.a(lib_a-exit.o)
                0x000000001fffa524                exit
 .text.fprintf  0x000000001fffa54c       0x24 /home/neuberfran/neuber/gcc-arm-none-eabi-10.3-2021.10/bin/../lib/gcc/arm-none-eabi/10.3.1/../../../../arm-none-eabi/lib/thumb/v7e-m+fp/hard/libc_nano.a(lib_a-fprintf.o)
                0x000000001fffa54c                fprintf
                0x000000001fffa54c                fiprintf
 .text.__libc_init_array
                0x000000001fffa570       0x48 /home/neuberfran/neuber/gcc-arm-none-eabi-10.3-2021.10/bin/../lib/gcc/arm-none-eabi/10.3.1/../../../../arm-none-eabi/lib/thumb/v7e-m+fp/hard/libc_nano.a(lib_a-init.o)
                0x000000001fffa570                __libc_init_array
 .text.memcpy   0x000000001fffa5b8       0x1c /home/neuberfran/neuber/gcc-arm-none-eabi-10.3-2021.10/bin/../lib/gcc/arm-none-eabi/10.3.1/../../../../arm-none-eabi/lib/thumb/v7e-m+fp/hard/libc_nano.a(lib_a-memcpy-stub.o)
                0x000000001fffa5b8                memcpy
 .text.memset   0x000000001fffa5d4       0x10 /home/neuberfran/neuber/gcc-arm-none-eabi-10.3-2021.10/bin/../lib/gcc/arm-none-eabi/10.3.1/../../../../arm-none-eabi/lib/thumb/v7e-m+fp/hard/libc_nano.a(lib_a-memset.o)
                0x000000001fffa5d4                memset
 .text.__sfputc_r
                0x000000001fffa5e4       0x2e /home/neuberfran/neuber/gcc-arm-none-eabi-10.3-2021.10/bin/../lib/gcc/arm-none-eabi/10.3.1/../../../../arm-none-eabi/lib/thumb/v7e-m+fp/hard/libc_nano.a(lib_a-nano-vfprintf.o)
 .text.__sfputs_r
                0x000000001fffa612       0x24 /home/neuberfran/neuber/gcc-arm-none-eabi-10.3-2021.10/bin/../lib/gcc/arm-none-eabi/10.3.1/../../../../arm-none-eabi/lib/thumb/v7e-m+fp/hard/libc_nano.a(lib_a-nano-vfprintf.o)
                0x000000001fffa612                __sfputs_r
 *fill*         0x000000001fffa636        0x2 
 .text._vfprintf_r
                0x000000001fffa638      0x260 /home/neuberfran/neuber/gcc-arm-none-eabi-10.3-2021.10/bin/../lib/gcc/arm-none-eabi/10.3.1/../../../../arm-none-eabi/lib/thumb/v7e-m+fp/hard/libc_nano.a(lib_a-nano-vfprintf.o)
                0x000000001fffa638                _vfiprintf_r
                0x000000001fffa638                _vfprintf_r
 .text._printf_common
                0x000000001fffa898       0xda /home/neuberfran/neuber/gcc-arm-none-eabi-10.3-2021.10/bin/../lib/gcc/arm-none-eabi/10.3.1/../../../../arm-none-eabi/lib/thumb/v7e-m+fp/hard/libc_nano.a(lib_a-nano-vfprintf_i.o)
                0x000000001fffa898                _printf_common
 *fill*         0x000000001fffa972        0x2 
 .text._printf_i
                0x000000001fffa974      0x24c /home/neuberfran/neuber/gcc-arm-none-eabi-10.3-2021.10/bin/../lib/gcc/arm-none-eabi/10.3.1/../../../../arm-none-eabi/lib/thumb/v7e-m+fp/hard/libc_nano.a(lib_a-nano-vfprintf_i.o)
                0x000000001fffa974                _printf_i
 .text.printf   0x000000001fffabc0       0x30 /home/neuberfran/neuber/gcc-arm-none-eabi-10.3-2021.10/bin/../lib/gcc/arm-none-eabi/10.3.1/../../../../arm-none-eabi/lib/thumb/v7e-m+fp/hard/libc_nano.a(lib_a-printf.o)
                0x000000001fffabc0                printf
                0x000000001fffabc0                iprintf
 .text.strncpy  0x000000001fffabf0       0x26 /home/neuberfran/neuber/gcc-arm-none-eabi-10.3-2021.10/bin/../lib/gcc/arm-none-eabi/10.3.1/../../../../arm-none-eabi/lib/thumb/v7e-m+fp/hard/libc_nano.a(lib_a-strncpy.o)
                0x000000001fffabf0                strncpy
 *fill*         0x000000001fffac16        0x2 
 .text.__swbuf_r
                0x000000001fffac18       0xa4 /home/neuberfran/neuber/gcc-arm-none-eabi-10.3-2021.10/bin/../lib/gcc/arm-none-eabi/10.3.1/../../../../arm-none-eabi/lib/thumb/v7e-m+fp/hard/libc_nano.a(lib_a-wbuf.o)
                0x000000001fffac18                __swbuf_r
 .text.__swsetup_r
                0x000000001fffacbc       0xdc /home/neuberfran/neuber/gcc-arm-none-eabi-10.3-2021.10/bin/../lib/gcc/arm-none-eabi/10.3.1/../../../../arm-none-eabi/lib/thumb/v7e-m+fp/hard/libc_nano.a(lib_a-wsetup.o)
                0x000000001fffacbc                __swsetup_r
 .text.abort    0x000000001fffad98        0xe /home/neuberfran/neuber/gcc-arm-none-eabi-10.3-2021.10/bin/../lib/gcc/arm-none-eabi/10.3.1/../../../../arm-none-eabi/lib/thumb/v7e-m+fp/hard/libc_nano.a(lib_a-abort.o)
                0x000000001fffad98                abort
 *fill*         0x000000001fffada6        0x2 
 .text.__sflush_r
                0x000000001fffada8      0x10c /home/neuberfran/neuber/gcc-arm-none-eabi-10.3-2021.10/bin/../lib/gcc/arm-none-eabi/10.3.1/../../../../arm-none-eabi/lib/thumb/v7e-m+fp/hard/libc_nano.a(lib_a-fflush.o)
                0x000000001fffada8                __sflush_r
 .text._fflush_r
                0x000000001fffaeb4       0x78 /home/neuberfran/neuber/gcc-arm-none-eabi-10.3-2021.10/bin/../lib/gcc/arm-none-eabi/10.3.1/../../../../arm-none-eabi/lib/thumb/v7e-m+fp/hard/libc_nano.a(lib_a-fflush.o)
                0x000000001fffaeb4                _fflush_r
 .text.std      0x000000001fffaf2c       0x48 /home/neuberfran/neuber/gcc-arm-none-eabi-10.3-2021.10/bin/../lib/gcc/arm-none-eabi/10.3.1/../../../../arm-none-eabi/lib/thumb/v7e-m+fp/hard/libc_nano.a(lib_a-findfp.o)
 .text._cleanup_r
                0x000000001fffaf74        0xc /home/neuberfran/neuber/gcc-arm-none-eabi-10.3-2021.10/bin/../lib/gcc/arm-none-eabi/10.3.1/../../../../arm-none-eabi/lib/thumb/v7e-m+fp/hard/libc_nano.a(lib_a-findfp.o)
                0x000000001fffaf74                _cleanup_r
 .text.__sfmoreglue
                0x000000001fffaf80       0x2c /home/neuberfran/neuber/gcc-arm-none-eabi-10.3-2021.10/bin/../lib/gcc/arm-none-eabi/10.3.1/../../../../arm-none-eabi/lib/thumb/v7e-m+fp/hard/libc_nano.a(lib_a-findfp.o)
                0x000000001fffaf80                __sfmoreglue
 .text.__sfp_lock_acquire
                0x000000001fffafac        0xc /home/neuberfran/neuber/gcc-arm-none-eabi-10.3-2021.10/bin/../lib/gcc/arm-none-eabi/10.3.1/../../../../arm-none-eabi/lib/thumb/v7e-m+fp/hard/libc_nano.a(lib_a-findfp.o)
                0x000000001fffafac                __sfp_lock_acquire
 .text.__sfp_lock_release
                0x000000001fffafb8        0xc /home/neuberfran/neuber/gcc-arm-none-eabi-10.3-2021.10/bin/../lib/gcc/arm-none-eabi/10.3.1/../../../../arm-none-eabi/lib/thumb/v7e-m+fp/hard/libc_nano.a(lib_a-findfp.o)
                0x000000001fffafb8                __sfp_lock_release
 .text.__sinit_lock_acquire
                0x000000001fffafc4        0xc /home/neuberfran/neuber/gcc-arm-none-eabi-10.3-2021.10/bin/../lib/gcc/arm-none-eabi/10.3.1/../../../../arm-none-eabi/lib/thumb/v7e-m+fp/hard/libc_nano.a(lib_a-findfp.o)
                0x000000001fffafc4                __sinit_lock_acquire
 .text.__sinit_lock_release
                0x000000001fffafd0        0xc /home/neuberfran/neuber/gcc-arm-none-eabi-10.3-2021.10/bin/../lib/gcc/arm-none-eabi/10.3.1/../../../../arm-none-eabi/lib/thumb/v7e-m+fp/hard/libc_nano.a(lib_a-findfp.o)
                0x000000001fffafd0                __sinit_lock_release
 .text.__sinit  0x000000001fffafdc       0x70 /home/neuberfran/neuber/gcc-arm-none-eabi-10.3-2021.10/bin/../lib/gcc/arm-none-eabi/10.3.1/../../../../arm-none-eabi/lib/thumb/v7e-m+fp/hard/libc_nano.a(lib_a-findfp.o)
                0x000000001fffafdc                __sinit
 .text.__sfp    0x000000001fffb04c       0x8c /home/neuberfran/neuber/gcc-arm-none-eabi-10.3-2021.10/bin/../lib/gcc/arm-none-eabi/10.3.1/../../../../arm-none-eabi/lib/thumb/v7e-m+fp/hard/libc_nano.a(lib_a-findfp.o)
                0x000000001fffb04c                __sfp
 .text._fwalk_reent
                0x000000001fffb0d8       0x3e /home/neuberfran/neuber/gcc-arm-none-eabi-10.3-2021.10/bin/../lib/gcc/arm-none-eabi/10.3.1/../../../../arm-none-eabi/lib/thumb/v7e-m+fp/hard/libc_nano.a(lib_a-fwalk.o)
                0x000000001fffb0d8                _fwalk_reent
 .text.__retarget_lock_init_recursive
                0x000000001fffb116        0x2 /home/neuberfran/neuber/gcc-arm-none-eabi-10.3-2021.10/bin/../lib/gcc/arm-none-eabi/10.3.1/../../../../arm-none-eabi/lib/thumb/v7e-m+fp/hard/libc_nano.a(lib_a-lock.o)
                0x000000001fffb116                __retarget_lock_init_recursive
 .text.__retarget_lock_acquire_recursive
                0x000000001fffb118        0x2 /home/neuberfran/neuber/gcc-arm-none-eabi-10.3-2021.10/bin/../lib/gcc/arm-none-eabi/10.3.1/../../../../arm-none-eabi/lib/thumb/v7e-m+fp/hard/libc_nano.a(lib_a-lock.o)
                0x000000001fffb118                __retarget_lock_acquire_recursive
 .text.__retarget_lock_release_recursive
                0x000000001fffb11a        0x2 /home/neuberfran/neuber/gcc-arm-none-eabi-10.3-2021.10/bin/../lib/gcc/arm-none-eabi/10.3.1/../../../../arm-none-eabi/lib/thumb/v7e-m+fp/hard/libc_nano.a(lib_a-lock.o)
                0x000000001fffb11a                __retarget_lock_release_recursive
 .text.__swhatbuf_r
                0x000000001fffb11c       0x4a /home/neuberfran/neuber/gcc-arm-none-eabi-10.3-2021.10/bin/../lib/gcc/arm-none-eabi/10.3.1/../../../../arm-none-eabi/lib/thumb/v7e-m+fp/hard/libc_nano.a(lib_a-makebuf.o)
                0x000000001fffb11c                __swhatbuf_r
 *fill*         0x000000001fffb166        0x2 
 .text.__smakebuf_r
                0x000000001fffb168       0x80 /home/neuberfran/neuber/gcc-arm-none-eabi-10.3-2021.10/bin/../lib/gcc/arm-none-eabi/10.3.1/../../../../arm-none-eabi/lib/thumb/v7e-m+fp/hard/libc_nano.a(lib_a-makebuf.o)
                0x000000001fffb168                __smakebuf_r
 .text._free_r  0x000000001fffb1e8       0x98 /home/neuberfran/neuber/gcc-arm-none-eabi-10.3-2021.10/bin/../lib/gcc/arm-none-eabi/10.3.1/../../../../arm-none-eabi/lib/thumb/v7e-m+fp/hard/libc_nano.a(lib_a-nano-freer.o)
                0x000000001fffb1e8                _free_r
 .text.sbrk_aligned
                0x000000001fffb280       0x40 /home/neuberfran/neuber/gcc-arm-none-eabi-10.3-2021.10/bin/../lib/gcc/arm-none-eabi/10.3.1/../../../../arm-none-eabi/lib/thumb/v7e-m+fp/hard/libc_nano.a(lib_a-nano-mallocr.o)
 .text._malloc_r
                0x000000001fffb2c0       0xe8 /home/neuberfran/neuber/gcc-arm-none-eabi-10.3-2021.10/bin/../lib/gcc/arm-none-eabi/10.3.1/../../../../arm-none-eabi/lib/thumb/v7e-m+fp/hard/libc_nano.a(lib_a-nano-mallocr.o)
                0x000000001fffb2c0                _malloc_r
 .text._sbrk_r  0x000000001fffb3a8       0x20 /home/neuberfran/neuber/gcc-arm-none-eabi-10.3-2021.10/bin/../lib/gcc/arm-none-eabi/10.3.1/../../../../arm-none-eabi/lib/thumb/v7e-m+fp/hard/libc_nano.a(lib_a-sbrkr.o)
                0x000000001fffb3a8                _sbrk_r
 .text._raise_r
                0x000000001fffb3c8       0x50 /home/neuberfran/neuber/gcc-arm-none-eabi-10.3-2021.10/bin/../lib/gcc/arm-none-eabi/10.3.1/../../../../arm-none-eabi/lib/thumb/v7e-m+fp/hard/libc_nano.a(lib_a-signal.o)
                0x000000001fffb3c8                _raise_r
 .text.raise    0x000000001fffb418       0x10 /home/neuberfran/neuber/gcc-arm-none-eabi-10.3-2021.10/bin/../lib/gcc/arm-none-eabi/10.3.1/../../../../arm-none-eabi/lib/thumb/v7e-m+fp/hard/libc_nano.a(lib_a-signal.o)
                0x000000001fffb418                raise
 .text._kill_r  0x000000001fffb428       0x24 /home/neuberfran/neuber/gcc-arm-none-eabi-10.3-2021.10/bin/../lib/gcc/arm-none-eabi/10.3.1/../../../../arm-none-eabi/lib/thumb/v7e-m+fp/hard/libc_nano.a(lib_a-signalr.o)
                0x000000001fffb428                _kill_r
 .text._getpid_r
                0x000000001fffb44c        0x4 /home/neuberfran/neuber/gcc-arm-none-eabi-10.3-2021.10/bin/../lib/gcc/arm-none-eabi/10.3.1/../../../../arm-none-eabi/lib/thumb/v7e-m+fp/hard/libc_nano.a(lib_a-signalr.o)
                0x000000001fffb44c                _getpid_r
 .text.__sread  0x000000001fffb450       0x22 /home/neuberfran/neuber/gcc-arm-none-eabi-10.3-2021.10/bin/../lib/gcc/arm-none-eabi/10.3.1/../../../../arm-none-eabi/lib/thumb/v7e-m+fp/hard/libc_nano.a(lib_a-stdio.o)
                0x000000001fffb450                __sread
 .text.__swrite
                0x000000001fffb472       0x38 /home/neuberfran/neuber/gcc-arm-none-eabi-10.3-2021.10/bin/../lib/gcc/arm-none-eabi/10.3.1/../../../../arm-none-eabi/lib/thumb/v7e-m+fp/hard/libc_nano.a(lib_a-stdio.o)
                0x000000001fffb472                __swrite
 .text.__sseek  0x000000001fffb4aa       0x24 /home/neuberfran/neuber/gcc-arm-none-eabi-10.3-2021.10/bin/../lib/gcc/arm-none-eabi/10.3.1/../../../../arm-none-eabi/lib/thumb/v7e-m+fp/hard/libc_nano.a(lib_a-stdio.o)
                0x000000001fffb4aa                __sseek
 .text.__sclose
                0x000000001fffb4ce        0x8 /home/neuberfran/neuber/gcc-arm-none-eabi-10.3-2021.10/bin/../lib/gcc/arm-none-eabi/10.3.1/../../../../arm-none-eabi/lib/thumb/v7e-m+fp/hard/libc_nano.a(lib_a-stdio.o)
                0x000000001fffb4ce                __sclose
 *fill*         0x000000001fffb4d6        0x2 
 .text._write_r
                0x000000001fffb4d8       0x24 /home/neuberfran/neuber/gcc-arm-none-eabi-10.3-2021.10/bin/../lib/gcc/arm-none-eabi/10.3.1/../../../../arm-none-eabi/lib/thumb/v7e-m+fp/hard/libc_nano.a(lib_a-writer.o)
                0x000000001fffb4d8                _write_r
 .text._close_r
                0x000000001fffb4fc       0x20 /home/neuberfran/neuber/gcc-arm-none-eabi-10.3-2021.10/bin/../lib/gcc/arm-none-eabi/10.3.1/../../../../arm-none-eabi/lib/thumb/v7e-m+fp/hard/libc_nano.a(lib_a-closer.o)
                0x000000001fffb4fc                _close_r
 .text._fstat_r
                0x000000001fffb51c       0x24 /home/neuberfran/neuber/gcc-arm-none-eabi-10.3-2021.10/bin/../lib/gcc/arm-none-eabi/10.3.1/../../../../arm-none-eabi/lib/thumb/v7e-m+fp/hard/libc_nano.a(lib_a-fstatr.o)
                0x000000001fffb51c                _fstat_r
 .text._isatty_r
                0x000000001fffb540       0x20 /home/neuberfran/neuber/gcc-arm-none-eabi-10.3-2021.10/bin/../lib/gcc/arm-none-eabi/10.3.1/../../../../arm-none-eabi/lib/thumb/v7e-m+fp/hard/libc_nano.a(lib_a-isattyr.o)
                0x000000001fffb540                _isatty_r
 .text._lseek_r
                0x000000001fffb560       0x24 /home/neuberfran/neuber/gcc-arm-none-eabi-10.3-2021.10/bin/../lib/gcc/arm-none-eabi/10.3.1/../../../../arm-none-eabi/lib/thumb/v7e-m+fp/hard/libc_nano.a(lib_a-lseekr.o)
                0x000000001fffb560                _lseek_r
 .text.__malloc_lock
                0x000000001fffb584        0xc /home/neuberfran/neuber/gcc-arm-none-eabi-10.3-2021.10/bin/../lib/gcc/arm-none-eabi/10.3.1/../../../../arm-none-eabi/lib/thumb/v7e-m+fp/hard/libc_nano.a(lib_a-mlock.o)
                0x000000001fffb584                __malloc_lock
 .text.__malloc_unlock
                0x000000001fffb590        0xc /home/neuberfran/neuber/gcc-arm-none-eabi-10.3-2021.10/bin/../lib/gcc/arm-none-eabi/10.3.1/../../../../arm-none-eabi/lib/thumb/v7e-m+fp/hard/libc_nano.a(lib_a-mlock.o)
                0x000000001fffb590                __malloc_unlock
 .text._read_r  0x000000001fffb59c       0x24 /home/neuberfran/neuber/gcc-arm-none-eabi-10.3-2021.10/bin/../lib/gcc/arm-none-eabi/10.3.1/../../../../arm-none-eabi/lib/thumb/v7e-m+fp/hard/libc_nano.a(lib_a-readr.o)
                0x000000001fffb59c                _read_r
 .text._close   0x000000001fffb5c0       0x10 /home/neuberfran/neuber/gcc-arm-none-eabi-10.3-2021.10/bin/../lib/gcc/arm-none-eabi/10.3.1/../../../../arm-none-eabi/lib/thumb/v7e-m+fp/hard/libnosys.a(close.o)
                0x000000001fffb5c0                _close
 .text._fstat   0x000000001fffb5d0       0x10 /home/neuberfran/neuber/gcc-arm-none-eabi-10.3-2021.10/bin/../lib/gcc/arm-none-eabi/10.3.1/../../../../arm-none-eabi/lib/thumb/v7e-m+fp/hard/libnosys.a(fstat.o)
                0x000000001fffb5d0                _fstat
 .text._getpid  0x000000001fffb5e0       0x10 /home/neuberfran/neuber/gcc-arm-none-eabi-10.3-2021.10/bin/../lib/gcc/arm-none-eabi/10.3.1/../../../../arm-none-eabi/lib/thumb/v7e-m+fp/hard/libnosys.a(getpid.o)
                0x000000001fffb5e0                _getpid
 .text._isatty  0x000000001fffb5f0       0x10 /home/neuberfran/neuber/gcc-arm-none-eabi-10.3-2021.10/bin/../lib/gcc/arm-none-eabi/10.3.1/../../../../arm-none-eabi/lib/thumb/v7e-m+fp/hard/libnosys.a(isatty.o)
                0x000000001fffb5f0                _isatty
 .text._kill    0x000000001fffb600       0x10 /home/neuberfran/neuber/gcc-arm-none-eabi-10.3-2021.10/bin/../lib/gcc/arm-none-eabi/10.3.1/../../../../arm-none-eabi/lib/thumb/v7e-m+fp/hard/libnosys.a(kill.o)
                0x000000001fffb600                _kill
 .text._lseek   0x000000001fffb610       0x10 /home/neuberfran/neuber/gcc-arm-none-eabi-10.3-2021.10/bin/../lib/gcc/arm-none-eabi/10.3.1/../../../../arm-none-eabi/lib/thumb/v7e-m+fp/hard/libnosys.a(lseek.o)
                0x000000001fffb610                _lseek
 .text._sbrk    0x000000001fffb620       0x1c /home/neuberfran/neuber/gcc-arm-none-eabi-10.3-2021.10/bin/../lib/gcc/arm-none-eabi/10.3.1/../../../../arm-none-eabi/lib/thumb/v7e-m+fp/hard/libnosys.a(sbrk.o)
                0x000000001fffb620                _sbrk
 .text._exit    0x000000001fffb63c        0x4 /home/neuberfran/neuber/gcc-arm-none-eabi-10.3-2021.10/bin/../lib/gcc/arm-none-eabi/10.3.1/../../../../arm-none-eabi/lib/thumb/v7e-m+fp/hard/libnosys.a(_exit.o)
                0x000000001fffb63c                _exit
 *(.rodata)
 *(.rodata*)
 .rodata.StrEchoTask.str1.1
                0x000000001fffb640       0x65 CMakeFiles/rpmsg_str_echo_rpmsglite_example.dir/home/neuberfran/projects/freertos-tn/examples/imx7d_pico_m4/demo_apps/rpmsg/str_echo_rpmsglite/str_echo_rpmsglite.c.obj
 .rodata.main.str1.1
                0x000000001fffb6a5       0x11 CMakeFiles/rpmsg_str_echo_rpmsglite_example.dir/home/neuberfran/projects/freertos-tn/examples/imx7d_pico_m4/demo_apps/rpmsg/str_echo_rpmsglite/str_echo_rpmsglite.c.obj
 .rodata.rpmsg_lite_master_init.str1.1
                0x000000001fffb6b6        0xc CMakeFiles/rpmsg_str_echo_rpmsglite_example.dir/home/neuberfran/projects/freertos-tn/middleware/multicore/open-amp/lib/rpmsg_lite/rpmsg_lite.c.obj
 *fill*         0x000000001fffb6c2        0x2 
 .rodata.remote_vq_ops
                0x000000001fffb6c4       0x10 CMakeFiles/rpmsg_str_echo_rpmsglite_example.dir/home/neuberfran/projects/freertos-tn/middleware/multicore/open-amp/lib/rpmsg_lite/rpmsg_lite.c.obj
 .rodata.platform_init_interrupt.str1.1
                0x000000001fffb6d4       0x8f CMakeFiles/rpmsg_str_echo_rpmsglite_example.dir/home/neuberfran/projects/freertos-tn/middleware/multicore/open-amp/lib/rpmsg_lite/porting/platform/imx7d_m4/rpmsg_platform.c.obj
 .rodata.platform_interrupt_enable.str1.1
                0x000000001fffb763       0x14 CMakeFiles/rpmsg_str_echo_rpmsglite_example.dir/home/neuberfran/projects/freertos-tn/middleware/multicore/open-amp/lib/rpmsg_lite/porting/platform/imx7d_m4/rpmsg_platform.c.obj
 .rodata.platform_interrupt_disable.str1.1
                0x000000001fffb777       0x15 CMakeFiles/rpmsg_str_echo_rpmsglite_example.dir/home/neuberfran/projects/freertos-tn/middleware/multicore/open-amp/lib/rpmsg_lite/porting/platform/imx7d_m4/rpmsg_platform.c.obj
 .rodata.__func__.0
                0x000000001fffb78c       0x1b CMakeFiles/rpmsg_str_echo_rpmsglite_example.dir/home/neuberfran/projects/freertos-tn/middleware/multicore/open-amp/lib/rpmsg_lite/porting/platform/imx7d_m4/rpmsg_platform.c.obj
 .rodata.__func__.1
                0x000000001fffb7a7       0x1a CMakeFiles/rpmsg_str_echo_rpmsglite_example.dir/home/neuberfran/projects/freertos-tn/middleware/multicore/open-amp/lib/rpmsg_lite/porting/platform/imx7d_m4/rpmsg_platform.c.obj
 .rodata.__func__.3
                0x000000001fffb7c1       0x18 CMakeFiles/rpmsg_str_echo_rpmsglite_example.dir/home/neuberfran/projects/freertos-tn/middleware/multicore/open-amp/lib/rpmsg_lite/porting/platform/imx7d_m4/rpmsg_platform.c.obj
 .rodata.vTaskStartScheduler.str1.1
                0x000000001fffb7d9        0x5 CMakeFiles/rpmsg_str_echo_rpmsglite_example.dir/home/neuberfran/projects/freertos-tn/rtos/FreeRTOS/Source/tasks.c.obj
 .rodata.CCM_SetRootDivider.str1.1
                0x000000001fffb7de       0x59 CMakeFiles/rpmsg_str_echo_rpmsglite_example.dir/home/neuberfran/projects/freertos-tn/platform/drivers/src/ccm_imx7d.c.obj
 .rodata.CCM_GetRootDivider.str1.1
                0x000000001fffb837        0xc CMakeFiles/rpmsg_str_echo_rpmsglite_example.dir/home/neuberfran/projects/freertos-tn/platform/drivers/src/ccm_imx7d.c.obj
 .rodata.__func__.0
                0x000000001fffb843        0xf CMakeFiles/rpmsg_str_echo_rpmsglite_example.dir/home/neuberfran/projects/freertos-tn/platform/drivers/src/ccm_imx7d.c.obj
 .rodata.__func__.1
                0x000000001fffb852       0x13 CMakeFiles/rpmsg_str_echo_rpmsglite_example.dir/home/neuberfran/projects/freertos-tn/platform/drivers/src/ccm_imx7d.c.obj
 .rodata.UART_Init.str1.1
                0x000000001fffb865       0x51 CMakeFiles/rpmsg_str_echo_rpmsglite_example.dir/home/neuberfran/projects/freertos-tn/platform/drivers/src/uart_imx.c.obj
 .rodata.CSWTCH.7
                0x000000001fffb8b6        0x6 CMakeFiles/rpmsg_str_echo_rpmsglite_example.dir/home/neuberfran/projects/freertos-tn/platform/drivers/src/uart_imx.c.obj
 .rodata.__func__.4
                0x000000001fffb8bc        0xa CMakeFiles/rpmsg_str_echo_rpmsglite_example.dir/home/neuberfran/projects/freertos-tn/platform/drivers/src/uart_imx.c.obj
 .rodata.MU_TrySendMsg.str1.1
                0x000000001fffb8c6       0x5b CMakeFiles/rpmsg_str_echo_rpmsglite_example.dir/home/neuberfran/projects/freertos-tn/platform/drivers/src/mu_imx.c.obj
 .rodata.__func__.2
                0x000000001fffb921        0xb CMakeFiles/rpmsg_str_echo_rpmsglite_example.dir/home/neuberfran/projects/freertos-tn/platform/drivers/src/mu_imx.c.obj
 .rodata.__assert_func.str1.1
                0x000000001fffb92c       0x3c /home/neuberfran/neuber/gcc-arm-none-eabi-10.3-2021.10/bin/../lib/gcc/arm-none-eabi/10.3.1/../../../../arm-none-eabi/lib/thumb/v7e-m+fp/hard/libc_nano.a(lib_a-assert.o)
                                         0x3d (size before relaxing)
 .rodata._global_impure_ptr
                0x000000001fffb968        0x4 /home/neuberfran/neuber/gcc-arm-none-eabi-10.3-2021.10/bin/../lib/gcc/arm-none-eabi/10.3.1/../../../../arm-none-eabi/lib/thumb/v7e-m+fp/hard/libc_nano.a(lib_a-impure.o)
                0x000000001fffb968                _global_impure_ptr
 .rodata._vfprintf_r.str1.1
                0x000000001fffb96c       0x11 /home/neuberfran/neuber/gcc-arm-none-eabi-10.3-2021.10/bin/../lib/gcc/arm-none-eabi/10.3.1/../../../../arm-none-eabi/lib/thumb/v7e-m+fp/hard/libc_nano.a(lib_a-nano-vfprintf.o)
 .rodata._printf_i.str1.1
                0x000000001fffb97d       0x22 /home/neuberfran/neuber/gcc-arm-none-eabi-10.3-2021.10/bin/../lib/gcc/arm-none-eabi/10.3.1/../../../../arm-none-eabi/lib/thumb/v7e-m+fp/hard/libc_nano.a(lib_a-nano-vfprintf_i.o)
 *fill*         0x000000001fffb99f        0x1 
 .rodata.__sf_fake_stderr
                0x000000001fffb9a0       0x20 /home/neuberfran/neuber/gcc-arm-none-eabi-10.3-2021.10/bin/../lib/gcc/arm-none-eabi/10.3.1/../../../../arm-none-eabi/lib/thumb/v7e-m+fp/hard/libc_nano.a(lib_a-findfp.o)
                0x000000001fffb9a0                __sf_fake_stderr
 .rodata.__sf_fake_stdin
                0x000000001fffb9c0       0x20 /home/neuberfran/neuber/gcc-arm-none-eabi-10.3-2021.10/bin/../lib/gcc/arm-none-eabi/10.3.1/../../../../arm-none-eabi/lib/thumb/v7e-m+fp/hard/libc_nano.a(lib_a-findfp.o)
                0x000000001fffb9c0                __sf_fake_stdin
 .rodata.__sf_fake_stdout
                0x000000001fffb9e0       0x20 /home/neuberfran/neuber/gcc-arm-none-eabi-10.3-2021.10/bin/../lib/gcc/arm-none-eabi/10.3.1/../../../../arm-none-eabi/lib/thumb/v7e-m+fp/hard/libc_nano.a(lib_a-findfp.o)
                0x000000001fffb9e0                __sf_fake_stdout
 *(.glue_7)
 .glue_7        0x000000001fffba00        0x0 linker stubs
 *(.glue_7t)
 .glue_7t       0x000000001fffba00        0x0 linker stubs
 *(.eh_frame)
 .eh_frame      0x000000001fffba00        0x0 /home/neuberfran/neuber/gcc-arm-none-eabi-10.3-2021.10/bin/../lib/gcc/arm-none-eabi/10.3.1/thumb/v7e-m+fp/hard/crtbegin.o
 *(.init)
 .init          0x000000001fffba00        0x4 /home/neuberfran/neuber/gcc-arm-none-eabi-10.3-2021.10/bin/../lib/gcc/arm-none-eabi/10.3.1/thumb/v7e-m+fp/hard/crti.o
                0x000000001fffba00                _init
 .init          0x000000001fffba04        0x8 /home/neuberfran/neuber/gcc-arm-none-eabi-10.3-2021.10/bin/../lib/gcc/arm-none-eabi/10.3.1/thumb/v7e-m+fp/hard/crtn.o
 *(.fini)
 .fini          0x000000001fffba0c        0x4 /home/neuberfran/neuber/gcc-arm-none-eabi-10.3-2021.10/bin/../lib/gcc/arm-none-eabi/10.3.1/thumb/v7e-m+fp/hard/crti.o
                0x000000001fffba0c                _fini
 .fini          0x000000001fffba10        0x8 /home/neuberfran/neuber/gcc-arm-none-eabi-10.3-2021.10/bin/../lib/gcc/arm-none-eabi/10.3.1/thumb/v7e-m+fp/hard/crtn.o
                0x000000001fffba18                . = ALIGN (0x4)

.vfp11_veneer   0x000000001fffba18        0x0
 .vfp11_veneer  0x000000001fffba18        0x0 linker stubs

.v4_bx          0x000000001fffba18        0x0
 .v4_bx         0x000000001fffba18        0x0 linker stubs

.iplt           0x000000001fffba18        0x0
 .iplt          0x000000001fffba18        0x0 /home/neuberfran/neuber/gcc-arm-none-eabi-10.3-2021.10/bin/../lib/gcc/arm-none-eabi/10.3.1/thumb/v7e-m+fp/hard/crtbegin.o

.ARM.extab
 *(.ARM.extab* .gnu.linkonce.armextab.*)

.ARM            0x000000001fffba18        0x8
                0x000000001fffba18                __exidx_start = .
 *(.ARM.exidx*)
 .ARM.exidx     0x000000001fffba18        0x8 /home/neuberfran/neuber/gcc-arm-none-eabi-10.3-2021.10/bin/../lib/gcc/arm-none-eabi/10.3.1/../../../../arm-none-eabi/lib/thumb/v7e-m+fp/hard/crt0.o
                                         0x10 (size before relaxing)
                0x000000001fffba20                __exidx_end = .

.rel.dyn        0x000000001fffba20        0x0
 .rel.iplt      0x000000001fffba20        0x0 /home/neuberfran/neuber/gcc-arm-none-eabi-10.3-2021.10/bin/../lib/gcc/arm-none-eabi/10.3.1/thumb/v7e-m+fp/hard/crtbegin.o

.ctors          0x000000001fffba20        0x0
                0x000000001fffba20                __CTOR_LIST__ = .
 *crtbegin.o(.ctors)
 *crtbegin?.o(.ctors)
 *(EXCLUDE_FILE(*crtend.o *crtend?.o) .ctors)
 *(SORT_BY_NAME(.ctors.*))
 *(.ctors)
                0x000000001fffba20                __CTOR_END__ = .

.dtors          0x000000001fffba20        0x0
                0x000000001fffba20                __DTOR_LIST__ = .
 *crtbegin.o(.dtors)
 *crtbegin?.o(.dtors)
 *(EXCLUDE_FILE(*crtend.o *crtend?.o) .dtors)
 *(SORT_BY_NAME(.dtors.*))
 *(.dtors)
                0x000000001fffba20                __DTOR_END__ = .

.preinit_array  0x000000001fffba20        0x0
                0x000000001fffba20                PROVIDE (__preinit_array_start = .)
 *(.preinit_array*)
                0x000000001fffba20                PROVIDE (__preinit_array_end = .)

.init_array     0x000000001fffba20        0x4
                0x000000001fffba20                PROVIDE (__init_array_start = .)
 *(SORT_BY_NAME(.init_array.*))
 *(.init_array*)
 .init_array    0x000000001fffba20        0x4 /home/neuberfran/neuber/gcc-arm-none-eabi-10.3-2021.10/bin/../lib/gcc/arm-none-eabi/10.3.1/thumb/v7e-m+fp/hard/crtbegin.o
                0x000000001fffba24                PROVIDE (__init_array_end = .)

.fini_array     0x000000001fffba24        0x4
                [!provide]                        PROVIDE (__fini_array_start = .)
 *(SORT_BY_NAME(.fini_array.*))
 *(.fini_array*)
 .fini_array    0x000000001fffba24        0x4 /home/neuberfran/neuber/gcc-arm-none-eabi-10.3-2021.10/bin/../lib/gcc/arm-none-eabi/10.3.1/thumb/v7e-m+fp/hard/crtbegin.o
                [!provide]                        PROVIDE (__fini_array_end = .)
                0x000000001fffba28                __etext = .
                0x000000001fffba28                __DATA_ROM = .

.data           0x0000000020000000       0x70 load address 0x000000001fffba28
                0x0000000020000000                . = ALIGN (0x4)
                0x0000000020000000                __DATA_RAM = .
                0x0000000020000000                __data_start__ = .
 *(.data)
 *(.data*)
 .data.uxCriticalNesting
                0x0000000020000000        0x4 CMakeFiles/rpmsg_str_echo_rpmsglite_example.dir/home/neuberfran/projects/freertos-tn/rtos/FreeRTOS/Source/portable/GCC/ARM_CM4F/port.c.obj
 .data.xFreeBytesRemaining
                0x0000000020000004        0x4 CMakeFiles/rpmsg_str_echo_rpmsglite_example.dir/home/neuberfran/projects/freertos-tn/rtos/FreeRTOS/Source/portable/MemMang/heap_2.c.obj
 .data.xNextTaskUnblockTime
                0x0000000020000008        0x4 CMakeFiles/rpmsg_str_echo_rpmsglite_example.dir/home/neuberfran/projects/freertos-tn/rtos/FreeRTOS/Source/tasks.c.obj
 .data._impure_ptr
                0x000000002000000c        0x4 /home/neuberfran/neuber/gcc-arm-none-eabi-10.3-2021.10/bin/../lib/gcc/arm-none-eabi/10.3.1/../../../../arm-none-eabi/lib/thumb/v7e-m+fp/hard/libc_nano.a(lib_a-impure.o)
                0x000000002000000c                _impure_ptr
 .data.impure_data
                0x0000000020000010       0x60 /home/neuberfran/neuber/gcc-arm-none-eabi-10.3-2021.10/bin/../lib/gcc/arm-none-eabi/10.3.1/../../../../arm-none-eabi/lib/thumb/v7e-m+fp/hard/libc_nano.a(lib_a-impure.o)
 *(.jcr*)
                0x0000000020000070                . = ALIGN (0x4)
                0x0000000020000070                __data_end__ = .
                0x000000001fffba98                __DATA_END = (__DATA_ROM + (__data_end__ - __data_start__))
                0x0000000020000000                text_end = (ORIGIN (m_text) + LENGTH (m_text))
                0x0000000000000001                ASSERT ((__DATA_END <= text_end), region m_text overflowed with text and data)

.igot.plt       0x0000000020000070        0x0 load address 0x000000001fffba98
 .igot.plt      0x0000000020000070        0x0 /home/neuberfran/neuber/gcc-arm-none-eabi-10.3-2021.10/bin/../lib/gcc/arm-none-eabi/10.3.1/thumb/v7e-m+fp/hard/crtbegin.o

.bss            0x0000000020000070     0x51d8 load address 0x000000001fffba98
                0x0000000020000070                . = ALIGN (0x4)
                0x0000000020000070                __START_BSS = .
                0x0000000020000070                __bss_start__ = .
 *(.bss)
 .bss           0x0000000020000070       0x1c /home/neuberfran/neuber/gcc-arm-none-eabi-10.3-2021.10/bin/../lib/gcc/arm-none-eabi/10.3.1/thumb/v7e-m+fp/hard/crtbegin.o
 *(.bss*)
 .bss.ucMaxSysCallPriority
                0x000000002000008c        0x1 CMakeFiles/rpmsg_str_echo_rpmsglite_example.dir/home/neuberfran/projects/freertos-tn/rtos/FreeRTOS/Source/portable/GCC/ARM_CM4F/port.c.obj
 *fill*         0x000000002000008d        0x3 
 .bss.ulMaxPRIGROUPValue
                0x0000000020000090        0x4 CMakeFiles/rpmsg_str_echo_rpmsglite_example.dir/home/neuberfran/projects/freertos-tn/rtos/FreeRTOS/Source/portable/GCC/ARM_CM4F/port.c.obj
 .bss.ucHeap    0x0000000020000094     0x5000 CMakeFiles/rpmsg_str_echo_rpmsglite_example.dir/home/neuberfran/projects/freertos-tn/rtos/FreeRTOS/Source/portable/MemMang/heap_2.c.obj
 .bss.xEnd      0x0000000020005094        0x8 CMakeFiles/rpmsg_str_echo_rpmsglite_example.dir/home/neuberfran/projects/freertos-tn/rtos/FreeRTOS/Source/portable/MemMang/heap_2.c.obj
 .bss.xHeapHasBeenInitialised.0
                0x000000002000509c        0x4 CMakeFiles/rpmsg_str_echo_rpmsglite_example.dir/home/neuberfran/projects/freertos-tn/rtos/FreeRTOS/Source/portable/MemMang/heap_2.c.obj
 .bss.xStart    0x00000000200050a0        0x8 CMakeFiles/rpmsg_str_echo_rpmsglite_example.dir/home/neuberfran/projects/freertos-tn/rtos/FreeRTOS/Source/portable/MemMang/heap_2.c.obj
 .bss.env_init_counter
                0x00000000200050a8        0x4 CMakeFiles/rpmsg_str_echo_rpmsglite_example.dir/home/neuberfran/projects/freertos-tn/middleware/multicore/open-amp/lib/rpmsg_lite/porting/environment/rpmsg_env_freertos.c.obj
 .bss.env_sema  0x00000000200050ac        0x4 CMakeFiles/rpmsg_str_echo_rpmsglite_example.dir/home/neuberfran/projects/freertos-tn/middleware/multicore/open-amp/lib/rpmsg_lite/porting/environment/rpmsg_env_freertos.c.obj
 .bss.event_group
                0x00000000200050b0        0x4 CMakeFiles/rpmsg_str_echo_rpmsglite_example.dir/home/neuberfran/projects/freertos-tn/middleware/multicore/open-amp/lib/rpmsg_lite/porting/environment/rpmsg_env_freertos.c.obj
 .bss.isr_table
                0x00000000200050b4       0x80 CMakeFiles/rpmsg_str_echo_rpmsglite_example.dir/home/neuberfran/projects/freertos-tn/middleware/multicore/open-amp/lib/rpmsg_lite/porting/environment/rpmsg_env_freertos.c.obj
 .bss.disable_counter
                0x0000000020005134        0x4 CMakeFiles/rpmsg_str_echo_rpmsglite_example.dir/home/neuberfran/projects/freertos-tn/middleware/multicore/open-amp/lib/rpmsg_lite/porting/platform/imx7d_m4/rpmsg_platform.c.obj
 .bss.isr_counter
                0x0000000020005138        0x4 CMakeFiles/rpmsg_str_echo_rpmsglite_example.dir/home/neuberfran/projects/freertos-tn/middleware/multicore/open-amp/lib/rpmsg_lite/porting/platform/imx7d_m4/rpmsg_platform.c.obj
 .bss.lock      0x000000002000513c        0x4 CMakeFiles/rpmsg_str_echo_rpmsglite_example.dir/home/neuberfran/projects/freertos-tn/middleware/multicore/open-amp/lib/rpmsg_lite/porting/platform/imx7d_m4/rpmsg_platform.c.obj
 .bss.pxCurrentTCB
                0x0000000020005140        0x4 CMakeFiles/rpmsg_str_echo_rpmsglite_example.dir/home/neuberfran/projects/freertos-tn/rtos/FreeRTOS/Source/tasks.c.obj
                0x0000000020005140                pxCurrentTCB
 .bss.pxDelayedTaskList
                0x0000000020005144        0x4 CMakeFiles/rpmsg_str_echo_rpmsglite_example.dir/home/neuberfran/projects/freertos-tn/rtos/FreeRTOS/Source/tasks.c.obj
 .bss.pxOverflowDelayedTaskList
                0x0000000020005148        0x4 CMakeFiles/rpmsg_str_echo_rpmsglite_example.dir/home/neuberfran/projects/freertos-tn/rtos/FreeRTOS/Source/tasks.c.obj
 .bss.pxReadyTasksLists
                0x000000002000514c       0x64 CMakeFiles/rpmsg_str_echo_rpmsglite_example.dir/home/neuberfran/projects/freertos-tn/rtos/FreeRTOS/Source/tasks.c.obj
 .bss.uxCurrentNumberOfTasks
                0x00000000200051b0        0x4 CMakeFiles/rpmsg_str_echo_rpmsglite_example.dir/home/neuberfran/projects/freertos-tn/rtos/FreeRTOS/Source/tasks.c.obj
 .bss.uxPendedTicks
                0x00000000200051b4        0x4 CMakeFiles/rpmsg_str_echo_rpmsglite_example.dir/home/neuberfran/projects/freertos-tn/rtos/FreeRTOS/Source/tasks.c.obj
 .bss.uxSchedulerSuspended
                0x00000000200051b8        0x4 CMakeFiles/rpmsg_str_echo_rpmsglite_example.dir/home/neuberfran/projects/freertos-tn/rtos/FreeRTOS/Source/tasks.c.obj
 .bss.uxTaskNumber
                0x00000000200051bc        0x4 CMakeFiles/rpmsg_str_echo_rpmsglite_example.dir/home/neuberfran/projects/freertos-tn/rtos/FreeRTOS/Source/tasks.c.obj
 .bss.uxTopReadyPriority
                0x00000000200051c0        0x4 CMakeFiles/rpmsg_str_echo_rpmsglite_example.dir/home/neuberfran/projects/freertos-tn/rtos/FreeRTOS/Source/tasks.c.obj
 .bss.xDelayedTaskList1
                0x00000000200051c4       0x14 CMakeFiles/rpmsg_str_echo_rpmsglite_example.dir/home/neuberfran/projects/freertos-tn/rtos/FreeRTOS/Source/tasks.c.obj
 .bss.xDelayedTaskList2
                0x00000000200051d8       0x14 CMakeFiles/rpmsg_str_echo_rpmsglite_example.dir/home/neuberfran/projects/freertos-tn/rtos/FreeRTOS/Source/tasks.c.obj
 .bss.xNumOfOverflows
                0x00000000200051ec        0x4 CMakeFiles/rpmsg_str_echo_rpmsglite_example.dir/home/neuberfran/projects/freertos-tn/rtos/FreeRTOS/Source/tasks.c.obj
 .bss.xPendingReadyList
                0x00000000200051f0       0x14 CMakeFiles/rpmsg_str_echo_rpmsglite_example.dir/home/neuberfran/projects/freertos-tn/rtos/FreeRTOS/Source/tasks.c.obj
 .bss.xSchedulerRunning
                0x0000000020005204        0x4 CMakeFiles/rpmsg_str_echo_rpmsglite_example.dir/home/neuberfran/projects/freertos-tn/rtos/FreeRTOS/Source/tasks.c.obj
 .bss.xSuspendedTaskList
                0x0000000020005208       0x14 CMakeFiles/rpmsg_str_echo_rpmsglite_example.dir/home/neuberfran/projects/freertos-tn/rtos/FreeRTOS/Source/tasks.c.obj
 .bss.xTickCount
                0x000000002000521c        0x4 CMakeFiles/rpmsg_str_echo_rpmsglite_example.dir/home/neuberfran/projects/freertos-tn/rtos/FreeRTOS/Source/tasks.c.obj
 .bss.xYieldPending
                0x0000000020005220        0x4 CMakeFiles/rpmsg_str_echo_rpmsglite_example.dir/home/neuberfran/projects/freertos-tn/rtos/FreeRTOS/Source/tasks.c.obj
 .bss.s_debugConsole
                0x0000000020005224       0x10 CMakeFiles/rpmsg_str_echo_rpmsglite_example.dir/home/neuberfran/projects/freertos-tn/platform/utilities/src/debug_console_imx.c.obj
 .bss.__lock___malloc_recursive_mutex
                0x0000000020005234        0x1 /home/neuberfran/neuber/gcc-arm-none-eabi-10.3-2021.10/bin/../lib/gcc/arm-none-eabi/10.3.1/../../../../arm-none-eabi/lib/thumb/v7e-m+fp/hard/libc_nano.a(lib_a-lock.o)
                0x0000000020005234                __lock___malloc_recursive_mutex
 .bss.__lock___sfp_recursive_mutex
                0x0000000020005235        0x1 /home/neuberfran/neuber/gcc-arm-none-eabi-10.3-2021.10/bin/../lib/gcc/arm-none-eabi/10.3.1/../../../../arm-none-eabi/lib/thumb/v7e-m+fp/hard/libc_nano.a(lib_a-lock.o)
                0x0000000020005235                __lock___sfp_recursive_mutex
 .bss.__lock___sinit_recursive_mutex
                0x0000000020005236        0x1 /home/neuberfran/neuber/gcc-arm-none-eabi-10.3-2021.10/bin/../lib/gcc/arm-none-eabi/10.3.1/../../../../arm-none-eabi/lib/thumb/v7e-m+fp/hard/libc_nano.a(lib_a-lock.o)
                0x0000000020005236                __lock___sinit_recursive_mutex
 *fill*         0x0000000020005237        0x1 
 .bss.__malloc_free_list
                0x0000000020005238        0x4 /home/neuberfran/neuber/gcc-arm-none-eabi-10.3-2021.10/bin/../lib/gcc/arm-none-eabi/10.3.1/../../../../arm-none-eabi/lib/thumb/v7e-m+fp/hard/libc_nano.a(lib_a-nano-mallocr.o)
                0x0000000020005238                __malloc_free_list
 .bss.__malloc_sbrk_start
                0x000000002000523c        0x4 /home/neuberfran/neuber/gcc-arm-none-eabi-10.3-2021.10/bin/../lib/gcc/arm-none-eabi/10.3.1/../../../../arm-none-eabi/lib/thumb/v7e-m+fp/hard/libc_nano.a(lib_a-nano-mallocr.o)
                0x000000002000523c                __malloc_sbrk_start
 .bss.errno     0x0000000020005240        0x4 /home/neuberfran/neuber/gcc-arm-none-eabi-10.3-2021.10/bin/../lib/gcc/arm-none-eabi/10.3.1/../../../../arm-none-eabi/lib/thumb/v7e-m+fp/hard/libc_nano.a(lib_a-reent.o)
                0x0000000020005240                errno
 .bss.heap_end.0
                0x0000000020005244        0x4 /home/neuberfran/neuber/gcc-arm-none-eabi-10.3-2021.10/bin/../lib/gcc/arm-none-eabi/10.3.1/../../../../arm-none-eabi/lib/thumb/v7e-m+fp/hard/libnosys.a(sbrk.o)
 *(COMMON)
                0x0000000020005248                . = ALIGN (0x4)
                0x0000000020005248                __bss_end__ = .
                0x0000000020005248                __END_BSS = .

.heap           0x0000000020005248      0x400 load address 0x0000000020000c70
                0x0000000020005248                . = ALIGN (0x8)
                0x0000000020005248                __end__ = .
                0x0000000020005248                PROVIDE (end = .)
                0x0000000020005248                __HeapBase = .
                0x0000000020005648                . = (. + HEAP_SIZE)
 *fill*         0x0000000020005248      0x400 
                0x0000000020005648                __HeapLimit = .

.stack          0x0000000020005648      0x400 load address 0x0000000020001070
                0x0000000020005648                . = ALIGN (0x8)
                0x0000000020005a48                . = (. + STACK_SIZE)
 *fill*         0x0000000020005648      0x400 
                0x0000000020008000                __StackTop = (ORIGIN (m_data) + LENGTH (m_data))
                0x0000000020007c00                __StackLimit = (__StackTop - STACK_SIZE)
                0x0000000020008000                PROVIDE (__stack = __StackTop)

.ARM.attributes
                0x0000000000000000       0x30
 *(.ARM.attributes)
 .ARM.attributes
                0x0000000000000000       0x1e /home/neuberfran/neuber/gcc-arm-none-eabi-10.3-2021.10/bin/../lib/gcc/arm-none-eabi/10.3.1/thumb/v7e-m+fp/hard/crti.o
 .ARM.attributes
                0x000000000000001e       0x34 /home/neuberfran/neuber/gcc-arm-none-eabi-10.3-2021.10/bin/../lib/gcc/arm-none-eabi/10.3.1/thumb/v7e-m+fp/hard/crtbegin.o
 .ARM.attributes
                0x0000000000000052       0x1c /home/neuberfran/neuber/gcc-arm-none-eabi-10.3-2021.10/bin/../lib/gcc/arm-none-eabi/10.3.1/../../../../arm-none-eabi/lib/thumb/v7e-m+fp/hard/crt0.o
 .ARM.attributes
                0x000000000000006e       0x34 CMakeFiles/rpmsg_str_echo_rpmsglite_example.dir/home/neuberfran/projects/freertos-tn/rtos/FreeRTOS/Source/portable/GCC/ARM_CM4F/port.c.obj
 .ARM.attributes
                0x00000000000000a2       0x1f CMakeFiles/rpmsg_str_echo_rpmsglite_example.dir/home/neuberfran/projects/freertos-tn/platform/devices/MCIMX7D/startup/gcc/startup_MCIMX7D_M4.S.obj
 .ARM.attributes
                0x00000000000000c1       0x34 CMakeFiles/rpmsg_str_echo_rpmsglite_example.dir/home/neuberfran/projects/freertos-tn/rtos/FreeRTOS/Source/portable/MemMang/heap_2.c.obj
 .ARM.attributes
                0x00000000000000f5       0x34 CMakeFiles/rpmsg_str_echo_rpmsglite_example.dir/home/neuberfran/projects/freertos-tn/examples/imx7d_pico_m4/demo_apps/rpmsg/str_echo_rpmsglite/str_echo_rpmsglite.c.obj
 .ARM.attributes
                0x0000000000000129       0x34 CMakeFiles/rpmsg_str_echo_rpmsglite_example.dir/home/neuberfran/projects/freertos-tn/middleware/multicore/open-amp/lib/rpmsg_lite/rpmsg_lite.c.obj
 .ARM.attributes
                0x000000000000015d       0x34 CMakeFiles/rpmsg_str_echo_rpmsglite_example.dir/home/neuberfran/projects/freertos-tn/middleware/multicore/open-amp/lib/rpmsg_lite/porting/environment/rpmsg_env_freertos.c.obj
 .ARM.attributes
                0x0000000000000191       0x34 CMakeFiles/rpmsg_str_echo_rpmsglite_example.dir/home/neuberfran/projects/freertos-tn/middleware/multicore/open-amp/lib/rpmsg_lite/porting/platform/imx7d_m4/rpmsg_platform.c.obj
 .ARM.attributes
                0x00000000000001c5       0x34 CMakeFiles/rpmsg_str_echo_rpmsglite_example.dir/home/neuberfran/projects/freertos-tn/middleware/multicore/open-amp/lib/virtio/virtqueue.c.obj
 .ARM.attributes
                0x00000000000001f9       0x34 CMakeFiles/rpmsg_str_echo_rpmsglite_example.dir/home/neuberfran/projects/freertos-tn/rtos/FreeRTOS/Source/event_groups.c.obj
 .ARM.attributes
                0x000000000000022d       0x34 CMakeFiles/rpmsg_str_echo_rpmsglite_example.dir/home/neuberfran/projects/freertos-tn/rtos/FreeRTOS/Source/list.c.obj
 .ARM.attributes
                0x0000000000000261       0x34 CMakeFiles/rpmsg_str_echo_rpmsglite_example.dir/home/neuberfran/projects/freertos-tn/rtos/FreeRTOS/Source/queue.c.obj
 .ARM.attributes
                0x0000000000000295       0x34 CMakeFiles/rpmsg_str_echo_rpmsglite_example.dir/home/neuberfran/projects/freertos-tn/rtos/FreeRTOS/Source/tasks.c.obj
 .ARM.attributes
                0x00000000000002c9       0x34 CMakeFiles/rpmsg_str_echo_rpmsglite_example.dir/home/neuberfran/projects/freertos-tn/platform/drivers/src/ccm_analog_imx7d.c.obj
 .ARM.attributes
                0x00000000000002fd       0x34 CMakeFiles/rpmsg_str_echo_rpmsglite_example.dir/home/neuberfran/projects/freertos-tn/platform/drivers/src/ccm_imx7d.c.obj
 .ARM.attributes
                0x0000000000000331       0x34 CMakeFiles/rpmsg_str_echo_rpmsglite_example.dir/home/neuberfran/projects/freertos-tn/platform/utilities/src/debug_console_imx.c.obj
 .ARM.attributes
                0x0000000000000365       0x34 CMakeFiles/rpmsg_str_echo_rpmsglite_example.dir/home/neuberfran/projects/freertos-tn/platform/utilities/src/print_scan.c.obj
 .ARM.attributes
                0x0000000000000399       0x34 CMakeFiles/rpmsg_str_echo_rpmsglite_example.dir/home/neuberfran/projects/freertos-tn/platform/devices/MCIMX7D/startup/system_MCIMX7D_M4.c.obj
 .ARM.attributes
                0x00000000000003cd       0x34 CMakeFiles/rpmsg_str_echo_rpmsglite_example.dir/home/neuberfran/projects/freertos-tn/examples/imx7d_pico_m4/pin_mux.c.obj
 .ARM.attributes
                0x0000000000000401       0x34 CMakeFiles/rpmsg_str_echo_rpmsglite_example.dir/home/neuberfran/projects/freertos-tn/examples/imx7d_pico_m4/board.c.obj
 .ARM.attributes
                0x0000000000000435       0x34 CMakeFiles/rpmsg_str_echo_rpmsglite_example.dir/home/neuberfran/projects/freertos-tn/examples/imx7d_pico_m4/clock_freq.c.obj
 .ARM.attributes
                0x0000000000000469       0x34 CMakeFiles/rpmsg_str_echo_rpmsglite_example.dir/home/neuberfran/projects/freertos-tn/examples/imx7d_pico_m4/demo_apps/rpmsg/str_echo_rpmsglite/hardware_init.c.obj
 .ARM.attributes
                0x000000000000049d       0x34 CMakeFiles/rpmsg_str_echo_rpmsglite_example.dir/home/neuberfran/projects/freertos-tn/platform/drivers/src/uart_imx.c.obj
 .ARM.attributes