Archive member included to satisfy reference by file (symbol)

/home/neuberfran/neuber/gcc-arm-none-eabi-10.3-2021.10/bin/../lib/gcc/arm-none-eabi/10.3.1/../../../../arm-none-eabi/lib/thumb/v7e-m+fp/hard/libc_nano.a(lib_a-assert.o)
                              CMakeFiles/rpmsg_str_echo_rpmsglite_example.dir/home/neuberfran/projects/freertos-tn/middleware/multicore/open-amp/lib/rpmsg_lite/porting/platform/imx7d_m4/rpmsg_platform.c.obj (__assert_func)
/home/neuberfran/neuber/gcc-arm-none-eabi-10.3-2021.10/bin/../lib/gcc/arm-none-eabi/10.3.1/../../../../arm-none-eabi/lib/thumb/v7e-m+fp/hard/libc_nano.a(lib_a-exit.o)
                              /home/neuberfran/neuber/gcc-arm-none-eabi-10.3-2021.10/bin/../lib/gcc/arm-none-eabi/10.3.1/../../../../arm-none-eabi/lib/thumb/v7e-m+fp/hard/crt0.o (exit)
/home/neuberfran/neuber/gcc-arm-none-eabi-10.3-2021.10/bin/../lib/gcc/arm-none-eabi/10.3.1/../../../../arm-none-eabi/lib/thumb/v7e-m+fp/hard/libc_nano.a(lib_a-fprintf.o)
                              /home/neuberfran/neuber/gcc-arm-none-eabi-10.3-2021.10/bin/../lib/gcc/arm-none-eabi/10.3.1/../../../../arm-none-eabi/lib/thumb/v7e-m+fp/hard/libc_nano.a(lib_a-assert.o) (fiprintf)
/home/neuberfran/neuber/gcc-arm-none-eabi-10.3-2021.10/bin/../lib/gcc/arm-none-eabi/10.3.1/../../../../arm-none-eabi/lib/thumb/v7e-m+fp/hard/libc_nano.a(lib_a-impure.o)
                              /home/neuberfran/neuber/gcc-arm-none-eabi-10.3-2021.10/bin/../lib/gcc/arm-none-eabi/10.3.1/../../../../arm-none-eabi/lib/thumb/v7e-m+fp/hard/libc_nano.a(lib_a-exit.o) (_global_impure_ptr)
/home/neuberfran/neuber/gcc-arm-none-eabi-10.3-2021.10/bin/../lib/gcc/arm-none-eabi/10.3.1/../../../../arm-none-eabi/lib/thumb/v7e-m+fp/hard/libc_nano.a(lib_a-init.o)
                              /home/neuberfran/neuber/gcc-arm-none-eabi-10.3-2021.10/bin/../lib/gcc/arm-none-eabi/10.3.1/../../../../arm-none-eabi/lib/thumb/v7e-m+fp/hard/crt0.o (__libc_init_array)
/home/neuberfran/neuber/gcc-arm-none-eabi-10.3-2021.10/bin/../lib/gcc/arm-none-eabi/10.3.1/../../../../arm-none-eabi/lib/thumb/v7e-m+fp/hard/libc_nano.a(lib_a-memcpy-stub.o)
                              CMakeFiles/rpmsg_str_echo_rpmsglite_example.dir/home/neuberfran/projects/freertos-tn/middleware/multicore/open-amp/lib/rpmsg_lite/porting/environment/rpmsg_env_freertos.c.obj (memcpy)
/home/neuberfran/neuber/gcc-arm-none-eabi-10.3-2021.10/bin/../lib/gcc/arm-none-eabi/10.3.1/../../../../arm-none-eabi/lib/thumb/v7e-m+fp/hard/libc_nano.a(lib_a-memset.o)
                              /home/neuberfran/neuber/gcc-arm-none-eabi-10.3-2021.10/bin/../lib/gcc/arm-none-eabi/10.3.1/../../../../arm-none-eabi/lib/thumb/v7e-m+fp/hard/crt0.o (memset)
/home/neuberfran/neuber/gcc-arm-none-eabi-10.3-2021.10/bin/../lib/gcc/arm-none-eabi/10.3.1/../../../../arm-none-eabi/lib/thumb/v7e-m+fp/hard/libc_nano.a(lib_a-nano-vfprintf.o)
                              /home/neuberfran/neuber/gcc-arm-none-eabi-10.3-2021.10/bin/../lib/gcc/arm-none-eabi/10.3.1/../../../../arm-none-eabi/lib/thumb/v7e-m+fp/hard/libc_nano.a(lib_a-fprintf.o) (_vfprintf_r)
/home/neuberfran/neuber/gcc-arm-none-eabi-10.3-2021.10/bin/../lib/gcc/arm-none-eabi/10.3.1/../../../../arm-none-eabi/lib/thumb/v7e-m+fp/hard/libc_nano.a(lib_a-nano-vfprintf_i.o)
                              /home/neuberfran/neuber/gcc-arm-none-eabi-10.3-2021.10/bin/../lib/gcc/arm-none-eabi/10.3.1/../../../../arm-none-eabi/lib/thumb/v7e-m+fp/hard/libc_nano.a(lib_a-nano-vfprintf.o) (_printf_i)
/home/neuberfran/neuber/gcc-arm-none-eabi-10.3-2021.10/bin/../lib/gcc/arm-none-eabi/10.3.1/../../../../arm-none-eabi/lib/thumb/v7e-m+fp/hard/libc_nano.a(lib_a-printf.o)
                              CMakeFiles/rpmsg_str_echo_rpmsglite_example.dir/home/neuberfran/projects/freertos-tn/examples/imx7d_pico_m4/demo_apps/rpmsg/str_echo_rpmsglite/str_echo_rpmsglite.c.obj (printf)
/home/neuberfran/neuber/gcc-arm-none-eabi-10.3-2021.10/bin/../lib/gcc/arm-none-eabi/10.3.1/../../../../arm-none-eabi/lib/thumb/v7e-m+fp/hard/libc_nano.a(lib_a-strcmp.o)
                              CMakeFiles/rpmsg_str_echo_rpmsglite_example.dir/home/neuberfran/projects/freertos-tn/middleware/multicore/open-amp/lib/rpmsg_lite/porting/environment/rpmsg_env_freertos.c.obj (strcmp)
/home/neuberfran/neuber/gcc-arm-none-eabi-10.3-2021.10/bin/../lib/gcc/arm-none-eabi/10.3.1/../../../../arm-none-eabi/lib/thumb/v7e-m+fp/hard/libc_nano.a(lib_a-strlen.o)
                              CMakeFiles/rpmsg_str_echo_rpmsglite_example.dir/home/neuberfran/projects/freertos-tn/platform/utilities/src/print_scan.c.obj (strlen)
/home/neuberfran/neuber/gcc-arm-none-eabi-10.3-2021.10/bin/../lib/gcc/arm-none-eabi/10.3.1/../../../../arm-none-eabi/lib/thumb/v7e-m+fp/hard/libc_nano.a(lib_a-strncmp.o)
                              CMakeFiles/rpmsg_str_echo_rpmsglite_example.dir/home/neuberfran/projects/freertos-tn/middleware/multicore/open-amp/lib/rpmsg_lite/porting/environment/rpmsg_env_freertos.c.obj (strncmp)
[...]
Memory Configuration

Name             Origin             Length             Attributes
m_interrupts     0x000000001fff8000 0x0000000000000240 xr
m_text           0x000000001fff8240 0x0000000000007dc0 xr
m_data           0x0000000020000000 0x0000000000008000 rw
*default*        0x0000000000000000 0xffffffffffffffff

Linker script and memory map

LOAD /home/neuberfran/neuber/gcc-arm-none-eabi-10.3-2021.10/bin/../lib/gcc/arm-none-eabi/10.3.1/thumb/v7e-m+fp/hard/crti.o
LOAD /home/neuberfran/neuber/gcc-arm-none-eabi-10.3-2021.10/bin/../lib/gcc/arm-none-eabi/10.3.1/thumb/v7e-m+fp/hard/crtbegin.o
LOAD /home/neuberfran/neuber/gcc-arm-none-eabi-10.3-2021.10/bin/../lib/gcc/arm-none-eabi/10.3.1/../../../../arm-none-eabi/lib/thumb/v7e-m+fp/hard/crt0.o
LOAD /home/neuberfran/neuber/gcc-arm-none-eabi-10.3-2021.10/bin/../lib/gcc/arm-none-eabi/10.3.1/../../../../arm-none-eabi/lib/thumb/v7e-m+fp/hard/libm.a
LOAD CMakeFiles/rpmsg_str_echo_rpmsglite_example.dir/home/neuberfran/projects/freertos-tn/rtos/FreeRTOS/Source/portable/GCC/ARM_CM4F/port.c.obj
LOAD CMakeFiles/rpmsg_str_echo_rpmsglite_example.dir/home/neuberfran/projects/freertos-tn/platform/devices/MCIMX7D/startup/gcc/startup_MCIMX7D_M4.S.obj
LOAD CMakeFiles/rpmsg_str_echo_rpmsglite_example.dir/home/neuberfran/projects/freertos-tn/rtos/FreeRTOS/Source/portable/MemMang/heap_2.c.obj
LOAD CMakeFiles/rpmsg_str_echo_rpmsglite_example.dir/home/neuberfran/projects/freertos-tn/examples/imx7d_pico_m4/demo_apps/rpmsg/str_echo_rpmsglite/str_echo_rpmsglite.c.obj
LOAD CMakeFiles/rpmsg_str_echo_rpmsglite_example.dir/home/neuberfran/projects/freertos-tn/middleware/multicore/open-amp/lib/rpmsg_lite/rpmsg_lite.c.obj
LOAD CMakeFiles/rpmsg_str_echo_rpmsglite_example.dir/home/neuberfran/projects/freertos-tn/middleware/multicore/open-amp/lib/rpmsg_lite/rpmsg_ns.c.obj
LOAD CMakeFiles/rpmsg_str_echo_rpmsglite_example.dir/home/neuberfran/projects/freertos-tn/middleware/multicore/open-amp/lib/rpmsg_lite/rpmsg_queue.c.obj
LOAD CMakeFiles/rpmsg_str_echo_rpmsglite_example.dir/home/neuberfran/projects/freertos-tn/middleware/multicore/open-amp/lib/rpmsg_lite/porting/environment/rpmsg_env_freertos.c.obj
LOAD CMakeFiles/rpmsg_str_echo_rpmsglite_example.dir/home/neuberfran/projects/freertos-tn/middleware/multicore/open-amp/lib/rpmsg_lite/porting/platform/imx7d_m4/rpmsg_platform.c.obj
LOAD CMakeFiles/rpmsg_str_echo_rpmsglite_example.dir/home/neuberfran/projects/freertos-tn/middleware/multicore/open-amp/lib/virtio/virtqueue.c.obj
LOAD CMakeFiles/rpmsg_str_echo_rpmsglite_example.dir/home/neuberfran/projects/freertos-tn/rtos/FreeRTOS/Source/croutine.c.obj
LOAD CMakeFiles/rpmsg_str_echo_rpmsglite_example.dir/home/neuberfran/projects/freertos-tn/rtos/FreeRTOS/Source/event_groups.c.obj
LOAD CMakeFiles/rpmsg_str_echo_rpmsglite_example.dir/home/neuberfran/projects/freertos-tn/rtos/FreeRTOS/Source/list.c.obj
LOAD CMakeFiles/rpmsg_str_echo_rpmsglite_example.dir/home/neuberfran/projects/freertos-tn/rtos/FreeRTOS/Source/queue.c.obj
LOAD CMakeFiles/rpmsg_str_echo_rpmsglite_example.dir/home/neuberfran/projects/freertos-tn/rtos/FreeRTOS/Source/tasks.c.obj
LOAD CMakeFiles/rpmsg_str_echo_rpmsglite_example.dir/home/neuberfran/projects/freertos-tn/rtos/FreeRTOS/Source/timers.c.obj
LOAD CMakeFiles/rpmsg_str_echo_rpmsglite_example.dir/home/neuberfran/projects/freertos-tn/platform/drivers/src/ccm_analog_imx7d.c.obj
LOAD CMakeFiles/rpmsg_str_echo_rpmsglite_example.dir/home/neuberfran/projects/freertos-tn/platform/drivers/src/ccm_imx7d.c.obj
LOAD CMakeFiles/rpmsg_str_echo_rpmsglite_example.dir/home/neuberfran/projects/freertos-tn/platform/drivers/src/lmem.c.obj
LOAD CMakeFiles/rpmsg_str_echo_rpmsglite_example.dir/home/neuberfran/projects/freertos-tn/platform/drivers/src/rdc.c.obj
LOAD CMakeFiles/rpmsg_str_echo_rpmsglite_example.dir/home/neuberfran/projects/freertos-tn/platform/drivers/src/wdog_imx.c.obj
LOAD CMakeFiles/rpmsg_str_echo_rpmsglite_example.dir/home/neuberfran/projects/freertos-tn/platform/utilities/src/debug_console_imx.c.obj
LOAD CMakeFiles/rpmsg_str_echo_rpmsglite_example.dir/home/neuberfran/projects/freertos-tn/platform/utilities/src/print_scan.c.obj
LOAD CMakeFiles/rpmsg_str_echo_rpmsglite_example.dir/home/neuberfran/projects/freertos-tn/platform/devices/MCIMX7D/startup/system_MCIMX7D_M4.c.obj
LOAD CMakeFiles/rpmsg_str_echo_rpmsglite_example.dir/home/neuberfran/projects/freertos-tn/examples/imx7d_pico_m4/pin_mux.c.obj
LOAD CMakeFiles/rpmsg_str_echo_rpmsglite_example.dir/home/neuberfran/projects/freertos-tn/examples/imx7d_pico_m4/board.c.obj
LOAD CMakeFiles/rpmsg_str_echo_rpmsglite_example.dir/home/neuberfran/projects/freertos-tn/examples/imx7d_pico_m4/clock_freq.c.obj
LOAD CMakeFiles/rpmsg_str_echo_rpmsglite_example.dir/home/neuberfran/projects/freertos-tn/examples/imx7d_pico_m4/demo_apps/rpmsg/str_echo_rpmsglite/hardware_init.c.obj
LOAD CMakeFiles/rpmsg_str_echo_rpmsglite_example.dir/home/neuberfran/projects/freertos-tn/platform/drivers/src/uart_imx.c.obj
LOAD CMakeFiles/rpmsg_str_echo_rpmsglite_example.dir/home/neuberfran/projects/freertos-tn/platform/drivers/src/mu_imx.c.obj
START GROUP
LOAD /home/neuberfran/neuber/gcc-arm-none-eabi-10.3-2021.10/bin/../lib/gcc/arm-none-eabi/10.3.1/../../../../arm-none-eabi/lib/thumb/v7e-m+fp/hard/libm.a
LOAD /home/neuberfran/neuber/gcc-arm-none-eabi-10.3-2021.10/bin/../lib/gcc/arm-none-eabi/10.3.1/../../../../arm-none-eabi/lib/thumb/v7e-m+fp/hard/libc_nano.a
LOAD /home/neuberfran/neuber/gcc-arm-none-eabi-10.3-2021.10/bin/../lib/gcc/arm-none-eabi/10.3.1/thumb/v7e-m+fp/hard/libgcc.a
LOAD /home/neuberfran/neuber/gcc-arm-none-eabi-10.3-2021.10/bin/../lib/gcc/arm-none-eabi/10.3.1/../../../../arm-none-eabi/lib/thumb/v7e-m+fp/hard/libnosys.a
END GROUP
START GROUP
LOAD /home/neuberfran/neuber/gcc-arm-none-eabi-10.3-2021.10/bin/../lib/gcc/arm-none-eabi/10.3.1/thumb/v7e-m+fp/hard/libgcc.a
LOAD /home/neuberfran/neuber/gcc-arm-none-eabi-10.3-2021.10/bin/../lib/gcc/arm-none-eabi/10.3.1/../../../../arm-none-eabi/lib/thumb/v7e-m+fp/hard/libg_nano.a
LOAD /home/neuberfran/neuber/gcc-arm-none-eabi-10.3-2021.10/bin/../lib/gcc/arm-none-eabi/10.3.1/../../../../arm-none-eabi/lib/thumb/v7e-m+fp/hard/libc_nano.a
END GROUP
START GROUP
LOAD /home/neuberfran/neuber/gcc-arm-none-eabi-10.3-2021.10/bin/../lib/gcc/arm-none-eabi/10.3.1/thumb/v7e-m+fp/hard/libgcc.a
LOAD /home/neuberfran/neuber/gcc-arm-none-eabi-10.3-2021.10/bin/../lib/gcc/arm-none-eabi/10.3.1/../../../../arm-none-eabi/lib/thumb/v7e-m+fp/hard/libc_nano.a
LOAD /home/neuberfran/neuber/gcc-arm-none-eabi-10.3-2021.10/bin/../lib/gcc/arm-none-eabi/10.3.1/../../../../arm-none-eabi/lib/thumb/v7e-m+fp/hard/libnosys.a
END GROUP
START GROUP
LOAD /home/neuberfran/neuber/gcc-arm-none-eabi-10.3-2021.10/bin/../lib/gcc/arm-none-eabi/10.3.1/thumb/v7e-m+fp/hard/libgcc.a
LOAD /home/neuberfran/neuber/gcc-arm-none-eabi-10.3-2021.10/bin/../lib/gcc/arm-none-eabi/10.3.1/../../../../arm-none-eabi/lib/thumb/v7e-m+fp/hard/libc_nano.a
LOAD /home/neuberfran/neuber/gcc-arm-none-eabi-10.3-2021.10/bin/../lib/gcc/arm-none-eabi/10.3.1/../../../../arm-none-eabi/lib/thumb/v7e-m+fp/hard/libnosys.a
END GROUP
LOAD /home/neuberfran/neuber/gcc-arm-none-eabi-10.3-2021.10/bin/../lib/gcc/arm-none-eabi/10.3.1/thumb/v7e-m+fp/hard/crtend.o
LOAD /home/neuberfran/neuber/gcc-arm-none-eabi-10.3-2021.10/bin/../lib/gcc/arm-none-eabi/10.3.1/thumb/v7e-m+fp/hard/crtn.o
                0x0000000000000400                HEAP_SIZE = DEFINED (__heap_size__)?__heap_size__:0x400
                0x0000000000000400                STACK_SIZE = DEFINED (__stack_size__)?__stack_size__:0x400

.interrupts     0x000000001fff8000      0x240
                0x000000001fff8000                __VECTOR_TABLE = .
                0x000000001fff8000                . = ALIGN (0x4)
 *(.isr_vector)
 .isr_vector    0x000000001fff8000      0x240 CMakeFiles/rpmsg_str_echo_rpmsglite_example.dir/home/neuberfran/projects/freertos-tn/platform/devices/MCIMX7D/startup/gcc/startup_MCIMX7D_M4.S.obj
                0x000000001fff8000                __isr_vector
                0x000000001fff8240                . = ALIGN (0x4)

.text           0x000000001fff8240     0x554c
                0x000000001fff8240                . = ALIGN (0x4)
 *(.text)
 .text          0x000000001fff8240       0x40 /home/neuberfran/neuber/gcc-arm-none-eabi-10.3-2021.10/bin/../lib/gcc/arm-none-eabi/10.3.1/thumb/v7e-m+fp/hard/crtbegin.o
 .text          0x000000001fff8280       0x7c /home/neuberfran/neuber/gcc-arm-none-eabi-10.3-2021.10/bin/../lib/gcc/arm-none-eabi/10.3.1/../../../../arm-none-eabi/lib/thumb/v7e-m+fp/hard/crt0.o
                0x000000001fff8280                _stack_init
                0x000000001fff8288                _mainCRTStartup
                0x000000001fff8288                _start
 .text          0x000000001fff82fc       0x30 CMakeFiles/rpmsg_str_echo_rpmsglite_example.dir/home/neuberfran/projects/freertos-tn/platform/devices/MCIMX7D/startup/gcc/startup_MCIMX7D_M4.S.obj
                0x000000001fff82fc                Reset_Handler
                0x000000001fff8328                ENET2_MAC0_TRANS1_Handler
                0x000000001fff8328                SAI3_Handler
                0x000000001fff8328                DebugMon_Handler
                0x000000001fff8328                USB_OH3_OTG2_1_Handler
                0x000000001fff8328                GPIO3_INT31_16_Handler
                0x000000001fff8328                eCSPI4_Handler
                0x000000001fff8328                SIM2_Handler
                0x000000001fff8328                FLEXCAN1_Handler
                0x000000001fff8328                UART3_Handler
                0x000000001fff8328                UART2_Handler
                0x000000001fff8328                GPIO1_INT3_Handler
                0x000000001fff8328                HardFault_Handler
                0x000000001fff8328                SNVS_SECURITY_Handler
                0x000000001fff8328                SEMA4_HS_M4_Handler
                0x000000001fff8328                GPIO6_INT31_16_Handler
                0x000000001fff8328                SRC_Handler
                0x000000001fff8328                GPT2_Handler
                0x000000001fff8328                CCM2_Handler
                0x000000001fff8328                I2C1_Handler
                0x000000001fff8328                CPU_CTI_Handler
                0x000000001fff8328                NMI_Handler
                0x000000001fff8328                SAI1_Handler
                0x000000001fff8328                ENET2_MAC0_IRQ_Handler
                0x000000001fff8328                KPP_Handler
                0x000000001fff8328                USB_OTG1_Handler
                0x000000001fff8328                MIPI_CSI_Handler
                0x000000001fff8328                WDOG4_Handler
                0x000000001fff8328                Reserved9_Handler
                0x000000001fff8328                QSPI_Handler
                0x000000001fff8328                CAAM_QUEUE_Handler
                0x000000001fff8328                GPIO2_INT15_0_Handler
                0x000000001fff8328                PCIE_CTRL4_Handler
                0x000000001fff8328                uSDHC2_Handler
                0x000000001fff8328                GPIO1_INT6_Handler
                0x000000001fff8328                PCIE_CTRL_REQUEST_Handler
                0x000000001fff8328                SCTR1_Handler
                0x000000001fff8328                RDC_Handler
                0x000000001fff8328                EPDC_Handler
                0x000000001fff8328                CCM1_Handler
                0x000000001fff8328                UsageFault_Handler
                0x000000001fff8328                ADC1_Handler
                0x000000001fff8328                GPIO1_INT0_Handler
                0x000000001fff8328                Analog_brown_out_Handler
                0x000000001fff8328                PXP2_Handler
                0x000000001fff8328                SEMA4_HS_A7_Handler
                0x000000001fff8328                RTIC_Handler
                0x000000001fff8328                DefaultISR
                0x000000001fff8328                GPIO6_INT15_0_Handler
                0x000000001fff8328                SCTR2_Handler
                0x000000001fff8328                WDOG3_Handler
                0x000000001fff8328                USB_OH2_OTG_Handler
                0x000000001fff8328                SAI2_Handler
                0x000000001fff8328                GPIO3_INT15_0_Handler
                0x000000001fff8328                FTM2_Handler
                0x000000001fff8328                eCSPI1_Handler
                0x000000001fff8328                GPC_Handler
                0x000000001fff8328                GPIO1_INT15_0_Handler
                0x000000001fff8328                UART1_Handler
                0x000000001fff8328                ENET1_MAC0_TRANS2_Handler
                0x000000001fff8328                eCSPI3_Handler
                0x000000001fff8328                BCH_Handler
                0x000000001fff8328                CAAM_ERROR_Handler
                0x000000001fff8328                Analog_TempSensor_Handler
                0x000000001fff8328                PXP1_Handler
                0x000000001fff8328                SNVS_Handler
                0x000000001fff8328                GPT4_Handler
                0x000000001fff8328                GPIO5_INT15_0_Handler
                0x000000001fff8328                ENET2_MAC0_TRANS2_Handler
                0x000000001fff8328                GPMI_Handler
                0x000000001fff8328                I2C4_Handler
                0x000000001fff8328                CCM_SRC_GPC_Handler
                0x000000001fff8328                CPU_Handler
                0x000000001fff8328                UART4_Handler
                0x000000001fff8328                GPIO1_INT1_Handler
                0x000000001fff8328                uSDHC3_Handler
                0x000000001fff8328                EIM_Handler
                0x000000001fff8328                PWM1_Handler
                0x000000001fff8328                ENET2_1588_TIMER_IRQ_Handler
                0x000000001fff8328                UART6_Handler
                0x000000001fff8328                GPIO1_INT4_Handler
                0x000000001fff8328                GPIO1_INT31_16_Handler
                0x000000001fff8328                APBHDMA_Handler
                0x000000001fff8328                uSDHC1_Handler
                0x000000001fff8328                DBGMON_Handler
                0x000000001fff8328                UART7_Handler
                0x000000001fff8328                SDMA_Handler
                0x000000001fff8328                GPT1_Handler
                0x000000001fff8328                PWM3_Handler
                0x000000001fff8328                PCIE_CTRL2_Handler
                0x000000001fff8328                MemManage_Handler
                0x000000001fff8328                GPIO5_INT31_16_Handler
                0x000000001fff8328                TZASC1_Handler
                0x000000001fff8328                I2C2_Handler
                0x000000001fff8328                DAP_Handler
                0x000000001fff8328                GPIO4_INT15_0_Handler
                0x000000001fff8328                CSI_Handler
                0x000000001fff8328                eCSPI2_Handler
                0x000000001fff8328                ENET1_1588_TIMER_Handler
                0x000000001fff8328                WDOG2_Handler
                0x000000001fff8328                FLEXCAN2_Handler
                0x000000001fff8328                PCIE_CTRL1_Handler
                0x000000001fff8328                PCIE_CTRL3_Handler
                0x000000001fff8328                GPT3_Handler
                0x000000001fff8328                GPIO1_INT5_Handler
                0x000000001fff8328                CAAM_WRAPPER2_Handler
                0x000000001fff8328                SNVS_CONSOLIDATED_Handler
                0x000000001fff8328                CAAM_WRAPPER1_Handler
                0x000000001fff8328                GPIO4_INT31_16_Handler
                0x000000001fff8328                GPIO1_INT2_Handler
                0x000000001fff8328                LCDIF_Handler
                0x000000001fff8328                UART5_Handler
                0x000000001fff8328                PERFMON1_Handler
                0x000000001fff8328                GPIO1_INT7_Handler
                0x000000001fff8328                I2C3_Handler
                0x000000001fff8328                CSU_Handler
                0x000000001fff8328                MIPI_DSI_Handler
                0x000000001fff8328                PWM2_Handler
                0x000000001fff8328                GPR_Handler
                0x000000001fff8328                SIM1_Handler
                0x000000001fff8328                USB_OTG2_Handler
                0x000000001fff8328                ENET1_MAC0_TRANS1_Handler
                0x000000001fff8328                BusFault_Handler
                0x000000001fff8328                USB_OH3_OTG2_2_Handler
                0x000000001fff8328                ENET1_MAC0_Handler
                0x000000001fff8328                PERFMON2_Handler
                0x000000001fff8328                GPIO7_INT31_16_Handler
                0x000000001fff8328                PWM4_Handler
                0x000000001fff8328                GPIO2_INT31_16_Handler
                0x000000001fff8328                FTM1_Handler
                0x000000001fff8328                GPIO7_INT15_0_Handler
                0x000000001fff8328                WDOG1_Handler
                0x000000001fff8328                MU_A7_Handler
                0x000000001fff8328                ADC2_Handler
                0x000000001fff8328                TPR_Handler
 .text          0x000000001fff832c       0x10 /home/neuberfran/neuber/gcc-arm-none-eabi-10.3-2021.10/bin/../lib/gcc/arm-none-eabi/10.3.1/../../../../arm-none-eabi/lib/thumb/v7e-m+fp/hard/libc_nano.a(lib_a-strlen.o)
                0x000000001fff832c                strlen
 *fill*         0x000000001fff833c        0x4 
 .text          0x000000001fff8340       0xa0 /home/neuberfran/neuber/gcc-arm-none-eabi-10.3-2021.10/bin/../lib/gcc/arm-none-eabi/10.3.1/../../../../arm-none-eabi/lib/thumb/v7e-m+fp/hard/libc_nano.a(lib_a-memchr.o)
                0x000000001fff8340                memchr
 *(.text*)
 .text.pxPortInitialiseStack
                0x000000001fff83e0       0x64 CMakeFiles/rpmsg_str_echo_rpmsglite_example.dir/home/neuberfran/projects/freertos-tn/rtos/FreeRTOS/Source/portable/GCC/ARM_CM4F/port.c.obj
                0x000000001fff83e0                pxPortInitialiseStack
 .text.prvTaskExitError
                0x000000001fff8444       0x20 CMakeFiles/rpmsg_str_echo_rpmsglite_example.dir/home/neuberfran/projects/freertos-tn/rtos/FreeRTOS/Source/portable/GCC/ARM_CM4F/port.c.obj
 .text.SVC_Handler
                0x000000001fff8464       0x24 CMakeFiles/rpmsg_str_echo_rpmsglite_example.dir/home/neuberfran/projects/freertos-tn/rtos/FreeRTOS/Source/portable/GCC/ARM_CM4F/port.c.obj
                0x000000001fff8464                SVC_Handler
 .text.prvPortStartFirstTask
                0x000000001fff8488       0x20 CMakeFiles/rpmsg_str_echo_rpmsglite_example.dir/home/neuberfran/projects/freertos-tn/rtos/FreeRTOS/Source/portable/GCC/ARM_CM4F/port.c.obj
 .text.xPortStartScheduler
                0x000000001fff84a8       0xd0 CMakeFiles/rpmsg_str_echo_rpmsglite_example.dir/home/neuberfran/projects/freertos-tn/rtos/FreeRTOS/Source/portable/GCC/ARM_CM4F/port.c.obj
                0x000000001fff84a8                xPortStartScheduler
 .text.vPortYield
                0x000000001fff8578       0x24 CMakeFiles/rpmsg_str_echo_rpmsglite_example.dir/home/neuberfran/projects/freertos-tn/rtos/FreeRTOS/Source/portable/GCC/ARM_CM4F/port.c.obj
                0x000000001fff8578                vPortYield
 .text.vPortEnterCritical
                0x000000001fff859c       0x24 CMakeFiles/rpmsg_str_echo_rpmsglite_example.dir/home/neuberfran/projects/freertos-tn/rtos/FreeRTOS/Source/portable/GCC/ARM_CM4F/port.c.obj
                0x000000001fff859c                vPortEnterCritical
 .text.vPortExitCritical
                0x000000001fff85c0       0x34 CMakeFiles/rpmsg_str_echo_rpmsglite_example.dir/home/neuberfran/projects/freertos-tn/rtos/FreeRTOS/Source/portable/GCC/ARM_CM4F/port.c.obj
                0x000000001fff85c0                vPortExitCritical
 .text.ulPortSetInterruptMask
                0x000000001fff85f4       0x12 CMakeFiles/rpmsg_str_echo_rpmsglite_example.dir/home/neuberfran/projects/freertos-tn/rtos/FreeRTOS/Source/portable/GCC/ARM_CM4F/port.c.obj
                0x000000001fff85f4                ulPortSetInterruptMask
 .text.vPortClearInterruptMask
                0x000000001fff8606        0x8 CMakeFiles/rpmsg_str_echo_rpmsglite_example.dir/home/neuberfran/projects/freertos-tn/rtos/FreeRTOS/Source/portable/GCC/ARM_CM4F/port.c.obj
                0x000000001fff8606                vPortClearInterruptMask
 *fill*         0x000000001fff860e        0x2 
 .text.PendSV_Handler
                0x000000001fff8610       0x5c CMakeFiles/rpmsg_str_echo_rpmsglite_example.dir/home/neuberfran/projects/freertos-tn/rtos/FreeRTOS/Source/portable/GCC/ARM_CM4F/port.c.obj
                0x000000001fff8610                PendSV_Handler
 .text.SysTick_Handler
                0x000000001fff866c       0x28 CMakeFiles/rpmsg_str_echo_rpmsglite_example.dir/home/neuberfran/projects/freertos-tn/rtos/FreeRTOS/Source/portable/GCC/ARM_CM4F/port.c.obj
                0x000000001fff866c                SysTick_Handler
 .text.vPortSetupTimerInterrupt
                0x000000001fff8694       0x28 CMakeFiles/rpmsg_str_echo_rpmsglite_example.dir/home/neuberfran/projects/freertos-tn/rtos/FreeRTOS/Source/portable/GCC/ARM_CM4F/port.c.obj
                0x000000001fff8694                vPortSetupTimerInterrupt
 .text.vPortEnableVFP
                0x000000001fff86bc       0x14 CMakeFiles/rpmsg_str_echo_rpmsglite_example.dir/home/neuberfran/projects/freertos-tn/rtos/FreeRTOS/Source/portable/GCC/ARM_CM4F/port.c.obj
 .text.pvPortMalloc
                0x000000001fff86d0      0x11c CMakeFiles/rpmsg_str_echo_rpmsglite_example.dir/home/neuberfran/projects/freertos-tn/rtos/FreeRTOS/Source/portable/MemMang/heap_2.c.obj
                0x000000001fff86d0                pvPortMalloc
 .text.vPortFree
                0x000000001fff87ec       0x74 CMakeFiles/rpmsg_str_echo_rpmsglite_example.dir/home/neuberfran/projects/freertos-tn/rtos/FreeRTOS/Source/portable/MemMang/heap_2.c.obj
                0x000000001fff87ec                vPortFree
 .text.prvHeapInit
                0x000000001fff8860       0x54 CMakeFiles/rpmsg_str_echo_rpmsglite_example.dir/home/neuberfran/projects/freertos-tn/rtos/FreeRTOS/Source/portable/MemMang/heap_2.c.obj
 .text.NVIC_EnableIRQ
                0x000000001fff88b4       0x34 CMakeFiles/rpmsg_str_echo_rpmsglite_example.dir/home/neuberfran/projects/freertos-tn/examples/imx7d_pico_m4/demo_apps/rpmsg/str_echo_rpmsglite/str_echo_rpmsglite.c.obj
 .text.NVIC_SetPriority
                0x000000001fff88e8       0x54 CMakeFiles/rpmsg_str_echo_rpmsglite_example.dir/home/neuberfran/projects/freertos-tn/examples/imx7d_pico_m4/demo_apps/rpmsg/str_echo_rpmsglite/str_echo_rpmsglite.c.obj
 .text.MU_Init  0x000000001fff893c       0x22 CMakeFiles/rpmsg_str_echo_rpmsglite_example.dir/home/neuberfran/projects/freertos-tn/examples/imx7d_pico_m4/demo_apps/rpmsg/str_echo_rpmsglite/str_echo_rpmsglite.c.obj
 *fill*         0x000000001fff895e        0x2 
 .text.StrEchoTask
                0x000000001fff8960       0x7c CMakeFiles/rpmsg_str_echo_rpmsglite_example.dir/home/neuberfran/projects/freertos-tn/examples/imx7d_pico_m4/demo_apps/rpmsg/str_echo_rpmsglite/str_echo_rpmsglite.c.obj
 .text.MU_M4_Handler
                0x000000001fff89dc        0xe CMakeFiles/rpmsg_str_echo_rpmsglite_example.dir/home/neuberfran/projects/freertos-tn/examples/imx7d_pico_m4/demo_apps/rpmsg/str_echo_rpmsglite/str_echo_rpmsglite.c.obj
                0x000000001fff89dc                MU_M4_Handler
 *fill*         0x000000001fff89ea        0x2 
 .text.main     0x000000001fff89ec       0x50 CMakeFiles/rpmsg_str_echo_rpmsglite_example.dir/home/neuberfran/projects/freertos-tn/examples/imx7d_pico_m4/demo_apps/rpmsg/str_echo_rpmsglite/str_echo_rpmsglite.c.obj
                0x000000001fff89ec                main
 .text.RL_HANG  0x000000001fff8a3c        0x6 CMakeFiles/rpmsg_str_echo_rpmsglite_example.dir/home/neuberfran/projects/freertos-tn/middleware/multicore/open-amp/lib/rpmsg_lite/rpmsg_lite.c.obj
 .text.rpmsg_lite_get_endpoint_from_addr
                0x000000001fff8a42       0x40 CMakeFiles/rpmsg_str_echo_rpmsglite_example.dir/home/neuberfran/projects/freertos-tn/middleware/multicore/open-amp/lib/rpmsg_lite/rpmsg_lite.c.obj
 .text.rpmsg_lite_rx_callback
                0x000000001fff8a82       0xb2 CMakeFiles/rpmsg_str_echo_rpmsglite_example.dir/home/neuberfran/projects/freertos-tn/middleware/multicore/open-amp/lib/rpmsg_lite/rpmsg_lite.c.obj
 .text.rpmsg_lite_tx_callback
                0x000000001fff8b34       0x30 CMakeFiles/rpmsg_str_echo_rpmsglite_example.dir/home/neuberfran/projects/freertos-tn/middleware/multicore/open-amp/lib/rpmsg_lite/rpmsg_lite.c.obj
 .text.vq_tx_remote
                0x000000001fff8b64       0x2e CMakeFiles/rpmsg_str_echo_rpmsglite_example.dir/home/neuberfran/projects/freertos-tn/middleware/multicore/open-amp/lib/rpmsg_lite/rpmsg_lite.c.obj
 .text.vq_tx_alloc_remote
                0x000000001fff8b92       0x20 CMakeFiles/rpmsg_str_echo_rpmsglite_example.dir/home/neuberfran/projects/freertos-tn/middleware/multicore/open-amp/lib/rpmsg_lite/rpmsg_lite.c.obj
 .text.vq_rx_remote
                0x000000001fff8bb2       0x20 CMakeFiles/rpmsg_str_echo_rpmsglite_example.dir/home/neuberfran/projects/freertos-tn/middleware/multicore/open-amp/lib/rpmsg_lite/rpmsg_lite.c.obj
 .text.vq_rx_free_remote
                0x000000001fff8bd2       0x2e CMakeFiles/rpmsg_str_echo_rpmsglite_example.dir/home/neuberfran/projects/freertos-tn/middleware/multicore/open-amp/lib/rpmsg_lite/rpmsg_lite.c.obj
 .text.virtqueue_notify
                0x000000001fff8c00       0x1c CMakeFiles/rpmsg_str_echo_rpmsglite_example.dir/home/neuberfran/projects/freertos-tn/middleware/multicore/open-amp/lib/rpmsg_lite/rpmsg_lite.c.obj
 .text.rpmsg_lite_is_link_up
                0x000000001fff8c1c       0x2c CMakeFiles/rpmsg_str_echo_rpmsglite_example.dir/home/neuberfran/projects/freertos-tn/middleware/multicore/open-amp/lib/rpmsg_lite/rpmsg_lite.c.obj
                0x000000001fff8c1c                rpmsg_lite_is_link_up
 .text.rpmsg_lite_remote_init
                0x000000001fff8c48      0x264 CMakeFiles/rpmsg_str_echo_rpmsglite_example.dir/home/neuberfran/projects/freertos-tn/middleware/multicore/open-amp/lib/rpmsg_lite/rpmsg_lite.c.obj
                0x000000001fff8c48                rpmsg_lite_remote_init
 .text.RL_HANG  0x000000001fff8eac        0x6 CMakeFiles/rpmsg_str_echo_rpmsglite_example.dir/home/neuberfran/projects/freertos-tn/middleware/multicore/open-amp/lib/rpmsg_lite/porting/environment/rpmsg_env_freertos.c.obj
 .text.env_in_isr
                0x000000001fff8eb2        0xe CMakeFiles/rpmsg_str_echo_rpmsglite_example.dir/home/neuberfran/projects/freertos-tn/middleware/multicore/open-amp/lib/rpmsg_lite/porting/environment/rpmsg_env_freertos.c.obj
 .text.env_tx_callback
                0x000000001fff8ec0       0x64 CMakeFiles/rpmsg_str_echo_rpmsglite_example.dir/home/neuberfran/projects/freertos-tn/middleware/multicore/open-amp/lib/rpmsg_lite/porting/environment/rpmsg_env_freertos.c.obj
                0x000000001fff8ec0                env_tx_callback
 .text.env_init
                0x000000001fff8f24       0xc4 CMakeFiles/rpmsg_str_echo_rpmsglite_example.dir/home/neuberfran/projects/freertos-tn/middleware/multicore/open-amp/lib/rpmsg_lite/porting/environment/rpmsg_env_freertos.c.obj
                0x000000001fff8f24                env_init
 .text.env_allocate_memory
                0x000000001fff8fe8       0x18 CMakeFiles/rpmsg_str_echo_rpmsglite_example.dir/home/neuberfran/projects/freertos-tn/middleware/multicore/open-amp/lib/rpmsg_lite/porting/environment/rpmsg_env_freertos.c.obj
                0x000000001fff8fe8                env_allocate_memory
 .text.env_free_memory
                0x000000001fff9000       0x1c CMakeFiles/rpmsg_str_echo_rpmsglite_example.dir/home/neuberfran/projects/freertos-tn/middleware/multicore/open-amp/lib/rpmsg_lite/porting/environment/rpmsg_env_freertos.c.obj
                0x000000001fff9000                env_free_memory
 .text.env_memset
                0x000000001fff901c       0x1e CMakeFiles/rpmsg_str_echo_rpmsglite_example.dir/home/neuberfran/projects/freertos-tn/middleware/multicore/open-amp/lib/rpmsg_lite/porting/environment/rpmsg_env_freertos.c.obj
                0x000000001fff901c                env_memset
 .text.env_strncpy
                0x000000001fff903a       0x1e CMakeFiles/rpmsg_str_echo_rpmsglite_example.dir/home/neuberfran/projects/freertos-tn/middleware/multicore/open-amp/lib/rpmsg_lite/porting/environment/rpmsg_env_freertos.c.obj
                0x000000001fff903a                env_strncpy
 .text.env_rmb  0x000000001fff9058       0x12 CMakeFiles/rpmsg_str_echo_rpmsglite_example.dir/home/neuberfran/projects/freertos-tn/middleware/multicore/open-amp/lib/rpmsg_lite/porting/environment/rpmsg_env_freertos.c.obj
                0x000000001fff9058                env_rmb
 .text.env_wmb  0x000000001fff906a       0x12 CMakeFiles/rpmsg_str_echo_rpmsglite_example.dir/home/neuberfran/projects/freertos-tn/middleware/multicore/open-amp/lib/rpmsg_lite/porting/environment/rpmsg_env_freertos.c.obj
                0x000000001fff906a                env_wmb
 .text.env_map_patova
                0x000000001fff907c       0x18 CMakeFiles/rpmsg_str_echo_rpmsglite_example.dir/home/neuberfran/projects/freertos-tn/middleware/multicore/open-amp/lib/rpmsg_lite/porting/environment/rpmsg_env_freertos.c.obj
                0x000000001fff907c                env_map_patova
 .text.env_create_mutex
                0x000000001fff9094       0x3e CMakeFiles/rpmsg_str_echo_rpmsglite_example.dir/home/neuberfran/projects/freertos-tn/middleware/multicore/open-amp/lib/rpmsg_lite/porting/environment/rpmsg_env_freertos.c.obj
                0x000000001fff9094                env_create_mutex
 .text.env_lock_mutex
                0x000000001fff90d2       0x2c CMakeFiles/rpmsg_str_echo_rpmsglite_example.dir/home/neuberfran/projects/freertos-tn/middleware/multicore/open-amp/lib/rpmsg_lite/porting/environment/rpmsg_env_freertos.c.obj
                0x000000001fff90d2                env_lock_mutex
 .text.env_unlock_mutex
                0x000000001fff90fe       0x2a CMakeFiles/rpmsg_str_echo_rpmsglite_example.dir/home/neuberfran/projects/freertos-tn/middleware/multicore/open-amp/lib/rpmsg_lite/porting/environment/rpmsg_env_freertos.c.obj
                0x000000001fff90fe                env_unlock_mutex
 .text.env_register_isr
                0x000000001fff9128       0x30 CMakeFiles/rpmsg_str_echo_rpmsglite_example.dir/home/neuberfran/projects/freertos-tn/middleware/multicore/open-amp/lib/rpmsg_lite/porting/environment/rpmsg_env_freertos.c.obj
                0x000000001fff9128                env_register_isr
 .text.env_enable_interrupt
                0x000000001fff9158       0x16 CMakeFiles/rpmsg_str_echo_rpmsglite_example.dir/home/neuberfran/projects/freertos-tn/middleware/multicore/open-amp/lib/rpmsg_lite/porting/environment/rpmsg_env_freertos.c.obj
                0x000000001fff9158                env_enable_interrupt
 .text.env_disable_interrupt
                0x000000001fff916e       0x16 CMakeFiles/rpmsg_str_echo_rpmsglite_example.dir/home/neuberfran/projects/freertos-tn/middleware/multicore/open-amp/lib/rpmsg_lite/porting/environment/rpmsg_env_freertos.c.obj
                0x000000001fff916e                env_disable_interrupt
 .text.NVIC_EnableIRQ
                0x000000001fff9184       0x34 CMakeFiles/rpmsg_str_echo_rpmsglite_example.dir/home/neuberfran/projects/freertos-tn/middleware/multicore/open-amp/lib/rpmsg_lite/porting/platform/imx7d_m4/rpmsg_platform.c.obj
 .text.NVIC_DisableIRQ
                0x000000001fff91b8       0x34 CMakeFiles/rpmsg_str_echo_rpmsglite_example.dir/home/neuberfran/projects/freertos-tn/middleware/multicore/open-amp/lib/rpmsg_lite/porting/platform/imx7d_m4/rpmsg_platform.c.obj
 .text.NVIC_SetPriority
                0x000000001fff91ec       0x54 CMakeFiles/rpmsg_str_echo_rpmsglite_example.dir/home/neuberfran/projects/freertos-tn/middleware/multicore/open-amp/lib/rpmsg_lite/porting/platform/imx7d_m4/rpmsg_platform.c.obj
 .text.MU_Init  0x000000001fff9240       0x22 CMakeFiles/rpmsg_str_echo_rpmsglite_example.dir/home/neuberfran/projects/freertos-tn/middleware/multicore/open-amp/lib/rpmsg_lite/porting/platform/imx7d_m4/rpmsg_platform.c.obj
 .text.MU_EnableRxFullInt
                0x000000001fff9262       0x2e CMakeFiles/rpmsg_str_echo_rpmsglite_example.dir/home/neuberfran/projects/freertos-tn/middleware/multicore/open-amp/lib/rpmsg_lite/porting/platform/imx7d_m4/rpmsg_platform.c.obj
 .text.platform_init_interrupt
                0x000000001fff9290       0x78 CMakeFiles/rpmsg_str_echo_rpmsglite_example.dir/home/neuberfran/projects/freertos-tn/middleware/multicore/open-amp/lib/rpmsg_lite/porting/platform/imx7d_m4/rpmsg_platform.c.obj
                0x000000001fff9290                platform_init_interrupt
 .text.platform_notify
                0x000000001fff9308       0x40 CMakeFiles/rpmsg_str_echo_rpmsglite_example.dir/home/neuberfran/projects/freertos-tn/middleware/multicore/open-amp/lib/rpmsg_lite/porting/platform/imx7d_m4/rpmsg_platform.c.obj
                0x000000001fff9308                platform_notify
 .text.platform_in_isr
                0x000000001fff9348       0x24 CMakeFiles/rpmsg_str_echo_rpmsglite_example.dir/home/neuberfran/projects/freertos-tn/middleware/multicore/open-amp/lib/rpmsg_lite/porting/platform/imx7d_m4/rpmsg_platform.c.obj
                0x000000001fff9348                platform_in_isr
 .text.platform_interrupt_enable
                0x000000001fff936c       0x54 CMakeFiles/rpmsg_str_echo_rpmsglite_example.dir/home/neuberfran/projects/freertos-tn/middleware/multicore/open-amp/lib/rpmsg_lite/porting/platform/imx7d_m4/rpmsg_platform.c.obj
                0x000000001fff936c                platform_interrupt_enable
 .text.platform_interrupt_disable
                0x000000001fff93c0       0x54 CMakeFiles/rpmsg_str_echo_rpmsglite_example.dir/home/neuberfran/projects/freertos-tn/middleware/multicore/open-amp/lib/rpmsg_lite/porting/platform/imx7d_m4/rpmsg_platform.c.obj
                0x000000001fff93c0                platform_interrupt_disable
 .text.platform_patova
                0x000000001fff9414       0x16 CMakeFiles/rpmsg_str_echo_rpmsglite_example.dir/home/neuberfran/projects/freertos-tn/middleware/multicore/open-amp/lib/rpmsg_lite/porting/platform/imx7d_m4/rpmsg_platform.c.obj
                0x000000001fff9414                platform_patova
 *fill*         0x000000001fff942a        0x2 
 .text.platform_init
                0x000000001fff942c       0x30 CMakeFiles/rpmsg_str_echo_rpmsglite_example.dir/home/neuberfran/projects/freertos-tn/middleware/multicore/open-amp/lib/rpmsg_lite/porting/platform/imx7d_m4/rpmsg_platform.c.obj
                0x000000001fff942c                platform_init
 .text.vring_size
                0x000000001fff945c       0x46 CMakeFiles/rpmsg_str_echo_rpmsglite_example.dir/home/neuberfran/projects/freertos-tn/middleware/multicore/open-amp/lib/virtio/virtqueue.c.obj
 .text.vring_init
                0x000000001fff94a2       0x52 CMakeFiles/rpmsg_str_echo_rpmsglite_example.dir/home/neuberfran/projects/freertos-tn/middleware/multicore/open-amp/lib/virtio/virtqueue.c.obj
 .text.virtqueue_create
                0x000000001fff94f4       0xc4 CMakeFiles/rpmsg_str_echo_rpmsglite_example.dir/home/neuberfran/projects/freertos-tn/middleware/multicore/open-amp/lib/virtio/virtqueue.c.obj
                0x000000001fff94f4                virtqueue_create
 .text.virtqueue_free
                0x000000001fff95b8       0x30 CMakeFiles/rpmsg_str_echo_rpmsglite_example.dir/home/neuberfran/projects/freertos-tn/middleware/multicore/open-amp/lib/virtio/virtqueue.c.obj
                0x000000001fff95b8                virtqueue_free
 .text.virtqueue_get_available_buffer
                0x000000001fff95e8       0x8c CMakeFiles/rpmsg_str_echo_rpmsglite_example.dir/home/neuberfran/projects/freertos-tn/middleware/multicore/open-amp/lib/virtio/virtqueue.c.obj
                0x000000001fff95e8                virtqueue_get_available_buffer
 .text.virtqueue_add_consumed_buffer
                0x000000001fff9674       0x38 CMakeFiles/rpmsg_str_echo_rpmsglite_example.dir/home/neuberfran/projects/freertos-tn/middleware/multicore/open-amp/lib/virtio/virtqueue.c.obj
                0x000000001fff9674                virtqueue_add_consumed_buffer
 .text.vq_ring_update_used
                0x000000001fff96ac       0x58 CMakeFiles/rpmsg_str_echo_rpmsglite_example.dir/home/neuberfran/projects/freertos-tn/middleware/multicore/open-amp/lib/virtio/virtqueue.c.obj
 .text.xEventGroupCreate
                0x000000001fff9704       0x2e CMakeFiles/rpmsg_str_echo_rpmsglite_example.dir/home/neuberfran/projects/freertos-tn/rtos/FreeRTOS/Source/event_groups.c.obj
                0x000000001fff9704                xEventGroupCreate
 .text.xEventGroupClearBits
                0x000000001fff9732       0x44 CMakeFiles/rpmsg_str_echo_rpmsglite_example.dir/home/neuberfran/projects/freertos-tn/rtos/FreeRTOS/Source/event_groups.c.obj
                0x000000001fff9732                xEventGroupClearBits
 .text.xEventGroupSetBits
                0x000000001fff9776       0xea CMakeFiles/rpmsg_str_echo_rpmsglite_example.dir/home/neuberfran/projects/freertos-tn/rtos/FreeRTOS/Source/event_groups.c.obj
                0x000000001fff9776                xEventGroupSetBits
 .text.vEventGroupSetBitsCallback
                0x000000001fff9860       0x1a CMakeFiles/rpmsg_str_echo_rpmsglite_example.dir/home/neuberfran/projects/freertos-tn/rtos/FreeRTOS/Source/event_groups.c.obj
                0x000000001fff9860                vEventGroupSetBitsCallback
 .text.vListInitialise
                0x000000001fff987a       0x40 CMakeFiles/rpmsg_str_echo_rpmsglite_example.dir/home/neuberfran/projects/freertos-tn/rtos/FreeRTOS/Source/list.c.obj
                0x000000001fff987a                vListInitialise
 .text.vListInitialiseItem
                0x000000001fff98ba       0x1a CMakeFiles/rpmsg_str_echo_rpmsglite_example.dir/home/neuberfran/projects/freertos-tn/rtos/FreeRTOS/Source/list.c.obj
                0x000000001fff98ba                vListInitialiseItem
 .text.vListInsertEnd
                0x000000001fff98d4       0x48 CMakeFiles/rpmsg_str_echo_rpmsglite_example.dir/home/neuberfran/projects/freertos-tn/rtos/FreeRTOS/Source/list.c.obj
                0x000000001fff98d4                vListInsertEnd
 .text.vListInsert
                0x000000001fff991c       0x72 CMakeFiles/rpmsg_str_echo_rpmsglite_example.dir/home/neuberfran/projects/freertos-tn/rtos/FreeRTOS/Source/list.c.obj
                0x000000001fff991c                vListInsert
 .text.uxListRemove
                0x000000001fff998e       0x54 CMakeFiles/rpmsg_str_echo_rpmsglite_example.dir/home/neuberfran/projects/freertos-tn/rtos/FreeRTOS/Source/list.c.obj
                0x000000001fff998e                uxListRemove
 .text.xQueueGenericReset
                0x000000001fff99e2       0xb0 CMakeFiles/rpmsg_str_echo_rpmsglite_example.dir/home/neuberfran/projects/freertos-tn/rtos/FreeRTOS/Source/queue.c.obj
                0x000000001fff99e2                xQueueGenericReset
 .text.xQueueGenericCreate
                0x000000001fff9a92       0x7c CMakeFiles/rpmsg_str_echo_rpmsglite_example.dir/home/neuberfran/projects/freertos-tn/rtos/FreeRTOS/Source/queue.c.obj
                0x000000001fff9a92                xQueueGenericCreate
 .text.xQueueCreateCountingSemaphore
                0x000000001fff9b0e       0x52 CMakeFiles/rpmsg_str_echo_rpmsglite_example.dir/home/neuberfran/projects/freertos-tn/rtos/FreeRTOS/Source/queue.c.obj
                0x000000001fff9b0e                xQueueCreateCountingSemaphore
 .text.xQueueGenericSend
                0x000000001fff9b60      0x158 CMakeFiles/rpmsg_str_echo_rpmsglite_example.dir/home/neuberfran/projects/freertos-tn/rtos/FreeRTOS/Source/queue.c.obj
                0x000000001fff9b60                xQueueGenericSend
 .text.xQueueGenericReceive
                0x000000001fff9cb8      0x16a CMakeFiles/rpmsg_str_echo_rpmsglite_example.dir/home/neuberfran/projects/freertos-tn/rtos/FreeRTOS/Source/queue.c.obj
                0x000000001fff9cb8                xQueueGenericReceive
 .text.prvCopyDataToQueue
                0x000000001fff9e22       0xb4 CMakeFiles/rpmsg_str_echo_rpmsglite_example.dir/home/neuberfran/projects/freertos-tn/rtos/FreeRTOS/Source/queue.c.obj
 .text.prvCopyDataFromQueue
                0x000000001fff9ed6       0x4c CMakeFiles/rpmsg_str_echo_rpmsglite_example.dir/home/neuberfran/projects/freertos-tn/rtos/FreeRTOS/Source/queue.c.obj
 .text.prvUnlockQueue
                0x000000001fff9f22       0x98 CMakeFiles/rpmsg_str_echo_rpmsglite_example.dir/home/neuberfran/projects/freertos-tn/rtos/FreeRTOS/Source/queue.c.obj
 .text.prvIsQueueEmpty
                0x000000001fff9fba       0x2c CMakeFiles/rpmsg_str_echo_rpmsglite_example.dir/home/neuberfran/projects/freertos-tn/rtos/FreeRTOS/Source/queue.c.obj
 .text.prvIsQueueFull
                0x000000001fff9fe6       0x30 CMakeFiles/rpmsg_str_echo_rpmsglite_example.dir/home/neuberfran/projects/freertos-tn/rtos/FreeRTOS/Source/queue.c.obj
 *fill*         0x000000001fffa016        0x2 
 .text.xTaskGenericCreate
                0x000000001fffa018      0x160 CMakeFiles/rpmsg_str_echo_rpmsglite_example.dir/home/neuberfran/projects/freertos-tn/rtos/FreeRTOS/Source/tasks.c.obj
                0x000000001fffa018                xTaskGenericCreate
 .text.vTaskStartScheduler
                0x000000001fffa178       0x64 CMakeFiles/rpmsg_str_echo_rpmsglite_example.dir/home/neuberfran/projects/freertos-tn/rtos/FreeRTOS/Source/tasks.c.obj
                0x000000001fffa178                vTaskStartScheduler
 .text.vTaskSuspendAll
                0x000000001fffa1dc       0x1c CMakeFiles/rpmsg_str_echo_rpmsglite_example.dir/home/neuberfran/projects/freertos-tn/rtos/FreeRTOS/Source/tasks.c.obj
                0x000000001fffa1dc                vTaskSuspendAll
 .text.xTaskResumeAll
                0x000000001fffa1f8      0x10c CMakeFiles/rpmsg_str_echo_rpmsglite_example.dir/home/neuberfran/projects/freertos-tn/rtos/FreeRTOS/Source/tasks.c.obj
                0x000000001fffa1f8                xTaskResumeAll
 .text.xTaskIncrementTick
                0x000000001fffa304      0x170 CMakeFiles/rpmsg_str_echo_rpmsglite_example.dir/home/neuberfran/projects/freertos-tn/rtos/FreeRTOS/Source/tasks.c.obj
                0x000000001fffa304                xTaskIncrementTick
 .text.vTaskSwitchContext
                0x000000001fffa474       0xa4 CMakeFiles/rpmsg_str_echo_rpmsglite_example.dir/home/neuberfran/projects/freertos-tn/rtos/FreeRTOS/Source/tasks.c.obj
                0x000000001fffa474                vTaskSwitchContext
 .text.vTaskPlaceOnEventList
                0x000000001fffa518       0x6c CMakeFiles/rpmsg_str_echo_rpmsglite_example.dir/home/neuberfran/projects/freertos-tn/rtos/FreeRTOS/Source/tasks.c.obj
                0x000000001fffa518                vTaskPlaceOnEventList
 .text.xTaskRemoveFromEventList
                0x000000001fffa584       0xb8 CMakeFiles/rpmsg_str_echo_rpmsglite_example.dir/home/neuberfran/projects/freertos-tn/rtos/FreeRTOS/Source/tasks.c.obj
                0x000000001fffa584                xTaskRemoveFromEventList
 .text.xTaskRemoveFromUnorderedEventList
                0x000000001fffa63c       0xb0 CMakeFiles/rpmsg_str_echo_rpmsglite_example.dir/home/neuberfran/projects/freertos-tn/rtos/FreeRTOS/Source/tasks.c.obj
                0x000000001fffa63c                xTaskRemoveFromUnorderedEventList
 .text.vTaskSetTimeOutState
                0x000000001fffa6ec       0x34 CMakeFiles/rpmsg_str_echo_rpmsglite_example.dir/home/neuberfran/projects/freertos-tn/rtos/FreeRTOS/Source/tasks.c.obj
                0x000000001fffa6ec                vTaskSetTimeOutState
 .text.xTaskCheckForTimeOut
                0x000000001fffa720       0xa0 CMakeFiles/rpmsg_str_echo_rpmsglite_example.dir/home/neuberfran/projects/freertos-tn/rtos/FreeRTOS/Source/tasks.c.obj
                0x000000001fffa720                xTaskCheckForTimeOut
 .text.vTaskMissedYield
                0x000000001fffa7c0       0x18 CMakeFiles/rpmsg_str_echo_rpmsglite_example.dir/home/neuberfran/projects/freertos-tn/rtos/FreeRTOS/Source/tasks.c.obj
                0x000000001fffa7c0                vTaskMissedYield
 .text.prvIdleTask
                0x000000001fffa7d8        0xe CMakeFiles/rpmsg_str_echo_rpmsglite_example.dir/home/neuberfran/projects/freertos-tn/rtos/FreeRTOS/Source/tasks.c.obj
 .text.prvInitialiseTCBVariables
                0x000000001fffa7e6       0x8e CMakeFiles/rpmsg_str_echo_rpmsglite_example.dir/home/neuberfran/projects/freertos-tn/rtos/FreeRTOS/Source/tasks.c.obj
 .text.prvInitialiseTaskLists
                0x000000001fffa874       0x74 CMakeFiles/rpmsg_str_echo_rpmsglite_example.dir/home/neuberfran/projects/freertos-tn/rtos/FreeRTOS/Source/tasks.c.obj
 .text.prvCheckTasksWaitingTermination
                0x000000001fffa8e8        0xe CMakeFiles/rpmsg_str_echo_rpmsglite_example.dir/home/neuberfran/projects/freertos-tn/rtos/FreeRTOS/Source/tasks.c.obj
 *fill*         0x000000001fffa8f6        0x2 
 .text.prvAddCurrentTaskToDelayedList
                0x000000001fffa8f8       0x6c CMakeFiles/rpmsg_str_echo_rpmsglite_example.dir/home/neuberfran/projects/freertos-tn/rtos/FreeRTOS/Source/tasks.c.obj
 .text.prvAllocateTCBAndStack
                0x000000001fffa964       0x50 CMakeFiles/rpmsg_str_echo_rpmsglite_example.dir/home/neuberfran/projects/freertos-tn/rtos/FreeRTOS/Source/tasks.c.obj
 .text.prvResetNextTaskUnblockTime
                0x000000001fffa9b4       0x4c CMakeFiles/rpmsg_str_echo_rpmsglite_example.dir/home/neuberfran/projects/freertos-tn/rtos/FreeRTOS/Source/tasks.c.obj
 .text.CCM_ANALOG_IsPllBypassed
                0x000000001fffaa00       0x2e CMakeFiles/rpmsg_str_echo_rpmsglite_example.dir/home/neuberfran/projects/freertos-tn/platform/drivers/src/ccm_analog_imx7d.c.obj
 *fill*         0x000000001fffaa2e        0x2 
 .text.CCM_ANALOG_GetSysPllFreq
                0x000000001fffaa30       0x4c CMakeFiles/rpmsg_str_echo_rpmsglite_example.dir/home/neuberfran/projects/freertos-tn/platform/drivers/src/ccm_analog_imx7d.c.obj
                0x000000001fffaa30                CCM_ANALOG_GetSysPllFreq
 .text.CCM_GetRootDivider
                0x000000001fffaa7c       0x54 CMakeFiles/rpmsg_str_echo_rpmsglite_example.dir/home/neuberfran/projects/freertos-tn/platform/drivers/src/ccm_imx7d.c.obj
                0x000000001fffaa7c                CCM_GetRootDivider
 .text.CCM_UpdateRoot
                0x000000001fffaad0       0x78 CMakeFiles/rpmsg_str_echo_rpmsglite_example.dir/home/neuberfran/projects/freertos-tn/platform/drivers/src/ccm_imx7d.c.obj
                0x000000001fffaad0                CCM_UpdateRoot
 .text.UART_Enable
                0x000000001fffab48       0x24 CMakeFiles/rpmsg_str_echo_rpmsglite_example.dir/home/neuberfran/projects/freertos-tn/platform/utilities/src/debug_console_imx.c.obj
 .text.UART_Putchar
                0x000000001fffab6c       0x1e CMakeFiles/rpmsg_str_echo_rpmsglite_example.dir/home/neuberfran/projects/freertos-tn/platform/utilities/src/debug_console_imx.c.obj
 .text.UART_Getchar
                0x000000001fffab8a       0x1a CMakeFiles/rpmsg_str_echo_rpmsglite_example.dir/home/neuberfran/projects/freertos-tn/platform/utilities/src/debug_console_imx.c.obj
 .text.DbgConsole_Init
                0x000000001fffaba4       0x78 CMakeFiles/rpmsg_str_echo_rpmsglite_example.dir/home/neuberfran/projects/freertos-tn/platform/utilities/src/debug_console_imx.c.obj
                0x000000001fffaba4                DbgConsole_Init
 .text._write   0x000000001fffac1c       0x5c CMakeFiles/rpmsg_str_echo_rpmsglite_example.dir/home/neuberfran/projects/freertos-tn/platform/utilities/src/debug_console_imx.c.obj
                0x000000001fffac1c                _write
 .text._read    0x000000001fffac78       0x48 CMakeFiles/rpmsg_str_echo_rpmsglite_example.dir/home/neuberfran/projects/freertos-tn/platform/utilities/src/debug_console_imx.c.obj
                0x000000001fffac78                _read
 .text.debug_printf
                0x000000001fffacc0       0x50 CMakeFiles/rpmsg_str_echo_rpmsglite_example.dir/home/neuberfran/projects/freertos-tn/platform/utilities/src/debug_console_imx.c.obj
                0x000000001fffacc0                debug_printf
 .text.debug_putc
                0x000000001fffad10       0x44 CMakeFiles/rpmsg_str_echo_rpmsglite_example.dir/home/neuberfran/projects/freertos-tn/platform/utilities/src/debug_console_imx.c.obj
 .text.UART_SendDataPolling
                0x000000001fffad54       0x68 CMakeFiles/rpmsg_str_echo_rpmsglite_example.dir/home/neuberfran/projects/freertos-tn/platform/utilities/src/debug_console_imx.c.obj
 .text.UART_ReceiveDataPolling
                0x000000001fffadbc       0x4e CMakeFiles/rpmsg_str_echo_rpmsglite_example.dir/home/neuberfran/projects/freertos-tn/platform/utilities/src/debug_console_imx.c.obj
 *fill*         0x000000001fffae0a        0x2 
 .text._doprint
                0x000000001fffae0c      0x74c CMakeFiles/rpmsg_str_echo_rpmsglite_example.dir/home/neuberfran/projects/freertos-tn/platform/utilities/src/print_scan.c.obj
                0x000000001fffae0c                _doprint
 .text.mknumstr
                0x000000001fffb558      0x10e CMakeFiles/rpmsg_str_echo_rpmsglite_example.dir/home/neuberfran/projects/freertos-tn/platform/utilities/src/print_scan.c.obj
 .text.fput_pad
                0x000000001fffb666       0x44 CMakeFiles/rpmsg_str_echo_rpmsglite_example.dir/home/neuberfran/projects/freertos-tn/platform/utilities/src/print_scan.c.obj
 *fill*         0x000000001fffb6aa        0x2 
 .text.SystemInit
                0x000000001fffb6ac      0x14c CMakeFiles/rpmsg_str_echo_rpmsglite_example.dir/home/neuberfran/projects/freertos-tn/platform/devices/MCIMX7D/startup/system_MCIMX7D_M4.c.obj
                0x000000001fffb6ac                SystemInit
 .text.configure_uart_pins
                0x000000001fffb7f8       0xbc CMakeFiles/rpmsg_str_echo_rpmsglite_example.dir/home/neuberfran/projects/freertos-tn/examples/imx7d_pico_m4/pin_mux.c.obj
                0x000000001fffb7f8                configure_uart_pins
 .text.RDC_SetDomainID
                0x000000001fffb8b4       0x58 CMakeFiles/rpmsg_str_echo_rpmsglite_example.dir/home/neuberfran/projects/freertos-tn/examples/imx7d_pico_m4/board.c.obj
 .text.RDC_SetPdapAccess
                0x000000001fffb90c       0x52 CMakeFiles/rpmsg_str_echo_rpmsglite_example.dir/home/neuberfran/projects/freertos-tn/examples/imx7d_pico_m4/board.c.obj
 .text.CCM_EnableRoot
                0x000000001fffb95e       0x22 CMakeFiles/rpmsg_str_echo_rpmsglite_example.dir/home/neuberfran/projects/freertos-tn/examples/imx7d_pico_m4/board.c.obj
 .text.CCM_ControlGate
                0x000000001fffb980       0x1e CMakeFiles/rpmsg_str_echo_rpmsglite_example.dir/home/neuberfran/projects/freertos-tn/examples/imx7d_pico_m4/board.c.obj
 .text.WDOG_DisablePowerdown
                0x000000001fffb99e       0x24 CMakeFiles/rpmsg_str_echo_rpmsglite_example.dir/home/neuberfran/projects/freertos-tn/examples/imx7d_pico_m4/board.c.obj
 *fill*         0x000000001fffb9c2        0x2 
 .text.BOARD_ClockInit
                0x000000001fffb9c4       0xe4 CMakeFiles/rpmsg_str_echo_rpmsglite_example.dir/home/neuberfran/projects/freertos-tn/examples/imx7d_pico_m4/board.c.obj
                0x000000001fffb9c4                BOARD_ClockInit
 .text.dbg_uart_init
                0x000000001fffbaa8       0x70 CMakeFiles/rpmsg_str_echo_rpmsglite_example.dir/home/neuberfran/projects/freertos-tn/examples/imx7d_pico_m4/board.c.obj
                0x000000001fffbaa8                dbg_uart_init
 .text.BOARD_RdcInit
                0x000000001fffbb18       0x18 CMakeFiles/rpmsg_str_echo_rpmsglite_example.dir/home/neuberfran/projects/freertos-tn/examples/imx7d_pico_m4/board.c.obj
                0x000000001fffbb18                BOARD_RdcInit
 .text.CCM_GetRootMux
                0x000000001fffbb30       0x20 CMakeFiles/rpmsg_str_echo_rpmsglite_example.dir/home/neuberfran/projects/freertos-tn/examples/imx7d_pico_m4/clock_freq.c.obj
 .text.get_uart_clock_freq
                0x000000001fffbb50       0xf8 CMakeFiles/rpmsg_str_echo_rpmsglite_example.dir/home/neuberfran/projects/freertos-tn/examples/imx7d_pico_m4/clock_freq.c.obj
                0x000000001fffbb50                get_uart_clock_freq
 .text.RDC_SetPdapAccess
                0x000000001fffbc48       0x52 CMakeFiles/rpmsg_str_echo_rpmsglite_example.dir/home/neuberfran/projects/freertos-tn/examples/imx7d_pico_m4/demo_apps/rpmsg/str_echo_rpmsglite/hardware_init.c.obj
 .text.CCM_ControlGate
                0x000000001fffbc9a       0x1e CMakeFiles/rpmsg_str_echo_rpmsglite_example.dir/home/neuberfran/projects/freertos-tn/examples/imx7d_pico_m4/demo_apps/rpmsg/str_echo_rpmsglite/hardware_init.c.obj
 .text.hardware_init
                0x000000001fffbcb8       0x40 CMakeFiles/rpmsg_str_echo_rpmsglite_example.dir/home/neuberfran/projects/freertos-tn/examples/imx7d_pico_m4/demo_apps/rpmsg/str_echo_rpmsglite/hardware_init.c.obj
                0x000000001fffbcb8                hardware_init
 .text.UART_Init
                0x000000001fffbcf8       0x90 CMakeFiles/rpmsg_str_echo_rpmsglite_example.dir/home/neuberfran/projects/freertos-tn/platform/drivers/src/uart_imx.c.obj
                0x000000001fffbcf8                UART_Init
 .text.UART_Deinit
                0x000000001fffbd88       0x9c CMakeFiles/rpmsg_str_echo_rpmsglite_example.dir/home/neuberfran/projects/freertos-tn/platform/drivers/src/uart_imx.c.obj
                0x000000001fffbd88                UART_Deinit
 .text.UART_SetBaudRate
                0x000000001fffbe24      0x1a0 CMakeFiles/rpmsg_str_echo_rpmsglite_example.dir/home/neuberfran/projects/freertos-tn/platform/drivers/src/uart_imx.c.obj
                0x000000001fffbe24                UART_SetBaudRate
 .text.UART_GetStatusFlag
                0x000000001fffbfc4       0x3e CMakeFiles/rpmsg_str_echo_rpmsglite_example.dir/home/neuberfran/projects/freertos-tn/platform/drivers/src/uart_imx.c.obj
                0x000000001fffbfc4                UART_GetStatusFlag
 *fill*         0x000000001fffc002        0x2 
 .text.MU_SendMsg
                0x000000001fffc004       0x58 CMakeFiles/rpmsg_str_echo_rpmsglite_example.dir/home/neuberfran/projects/freertos-tn/platform/drivers/src/mu_imx.c.obj
                0x000000001fffc004                MU_SendMsg
 .text.__assert_func
                0x000000001fffc05c       0x3c /home/neuberfran/neuber/gcc-arm-none-eabi-10.3-2021.10/bin/../lib/gcc/arm-none-eabi/10.3.1/../../../../arm-none-eabi/lib/thumb/v7e-m+fp/hard/libc_nano.a(lib_a-assert.o)
                0x000000001fffc05c                __assert_func
 .text.exit     0x000000001fffc098       0x28 /home/neuberfran/neuber/gcc-arm-none-eabi-10.3-2021.10/bin/../lib/gcc/arm-none-eabi/10.3.1/../../../../arm-none-eabi/lib/thumb/v7e-m+fp/hard/libc_nano.a(lib_a-exit.o)
                0x000000001fffc098                exit
 .text.fprintf  0x000000001fffc0c0       0x24 /home/neuberfran/neuber/gcc-arm-none-eabi-10.3-2021.10/bin/../lib/gcc/arm-none-eabi/10.3.1/../../../../arm-none-eabi/lib/thumb/v7e-m+fp/hard/libc_nano.a(lib_a-fprintf.o)
                0x000000001fffc0c0                fprintf
                0x000000001fffc0c0                fiprintf
 .text.__libc_init_array
                0x000000001fffc0e4       0x48 /home/neuberfran/neuber/gcc-arm-none-eabi-10.3-2021.10/bin/../lib/gcc/arm-none-eabi/10.3.1/../../../../arm-none-eabi/lib/thumb/v7e-m+fp/hard/libc_nano.a(lib_a-init.o)
                0x000000001fffc0e4                __libc_init_array
 .text.memcpy   0x000000001fffc12c       0x1c /home/neuberfran/neuber/gcc-arm-none-eabi-10.3-2021.10/bin/../lib/gcc/arm-none-eabi/10.3.1/../../../../arm-none-eabi/lib/thumb/v7e-m+fp/hard/libc_nano.a(lib_a-memcpy-stub.o)
                0x000000001fffc12c                memcpy
 .text.memset   0x000000001fffc148       0x10 /home/neuberfran/neuber/gcc-arm-none-eabi-10.3-2021.10/bin/../lib/gcc/arm-none-eabi/10.3.1/../../../../arm-none-eabi/lib/thumb/v7e-m+fp/hard/libc_nano.a(lib_a-memset.o)
                0x000000001fffc148                memset
 .text.__sfputc_r
                0x000000001fffc158       0x2e /home/neuberfran/neuber/gcc-arm-none-eabi-10.3-2021.10/bin/../lib/gcc/arm-none-eabi/10.3.1/../../../../arm-none-eabi/lib/thumb/v7e-m+fp/hard/libc_nano.a(lib_a-nano-vfprintf.o)
 .text.__sfputs_r
                0x000000001fffc186       0x24 /home/neuberfran/neuber/gcc-arm-none-eabi-10.3-2021.10/bin/../lib/gcc/arm-none-eabi/10.3.1/../../../../arm-none-eabi/lib/thumb/v7e-m+fp/hard/libc_nano.a(lib_a-nano-vfprintf.o)
                0x000000001fffc186                __sfputs_r
 *fill*         0x000000001fffc1aa        0x2 
 .text._vfprintf_r
                0x000000001fffc1ac      0x260 /home/neuberfran/neuber/gcc-arm-none-eabi-10.3-2021.10/bin/../lib/gcc/arm-none-eabi/10.3.1/../../../../arm-none-eabi/lib/thumb/v7e-m+fp/hard/libc_nano.a(lib_a-nano-vfprintf.o)
                0x000000001fffc1ac                _vfiprintf_r
                0x000000001fffc1ac                _vfprintf_r
 .text._printf_common
                0x000000001fffc40c       0xda /home/neuberfran/neuber/gcc-arm-none-eabi-10.3-2021.10/bin/../lib/gcc/arm-none-eabi/10.3.1/../../../../arm-none-eabi/lib/thumb/v7e-m+fp/hard/libc_nano.a(lib_a-nano-vfprintf_i.o)
                0x000000001fffc40c                _printf_common
 *fill*         0x000000001fffc4e6        0x2 
 .text._printf_i
                0x000000001fffc4e8      0x24c /home/neuberfran/neuber/gcc-arm-none-eabi-10.3-2021.10/bin/../lib/gcc/arm-none-eabi/10.3.1/../../../../arm-none-eabi/lib/thumb/v7e-m+fp/hard/libc_nano.a(lib_a-nano-vfprintf_i.o)
                0x000000001fffc4e8                _printf_i
 .text.printf   0x000000001fffc734       0x30 /home/neuberfran/neuber/gcc-arm-none-eabi-10.3-2021.10/bin/../lib/gcc/arm-none-eabi/10.3.1/../../../../arm-none-eabi/lib/thumb/v7e-m+fp/hard/libc_nano.a(lib_a-printf.o)
                0x000000001fffc734                printf
                0x000000001fffc734                iprintf
 .text.strncpy  0x000000001fffc764       0x26 /home/neuberfran/neuber/gcc-arm-none-eabi-10.3-2021.10/bin/../lib/gcc/arm-none-eabi/10.3.1/../../../../arm-none-eabi/lib/thumb/v7e-m+fp/hard/libc_nano.a(lib_a-strncpy.o)
                0x000000001fffc764                strncpy
 *fill*         0x000000001fffc78a        0x2 
 .text.__swbuf_r
                0x000000001fffc78c       0xa4 /home/neuberfran/neuber/gcc-arm-none-eabi-10.3-2021.10/bin/../lib/gcc/arm-none-eabi/10.3.1/../../../../arm-none-eabi/lib/thumb/v7e-m+fp/hard/libc_nano.a(lib_a-wbuf.o)
                0x000000001fffc78c                __swbuf_r
 .text.__swsetup_r
                0x000000001fffc830       0xdc /home/neuberfran/neuber/gcc-arm-none-eabi-10.3-2021.10/bin/../lib/gcc/arm-none-eabi/10.3.1/../../../../arm-none-eabi/lib/thumb/v7e-m+fp/hard/libc_nano.a(lib_a-wsetup.o)
                0x000000001fffc830                __swsetup_r
 .text.abort    0x000000001fffc90c        0xe /home/neuberfran/neuber/gcc-arm-none-eabi-10.3-2021.10/bin/../lib/gcc/arm-none-eabi/10.3.1/../../../../arm-none-eabi/lib/thumb/v7e-m+fp/hard/libc_nano.a(lib_a-abort.o)
                0x000000001fffc90c                abort
 *fill*         0x000000001fffc91a        0x2 
 .text.__sflush_r
                0x000000001fffc91c      0x10c /home/neuberfran/neuber/gcc-arm-none-eabi-10.3-2021.10/bin/../lib/gcc/arm-none-eabi/10.3.1/../../../../arm-none-eabi/lib/thumb/v7e-m+fp/hard/libc_nano.a(lib_a-fflush.o)
                0x000000001fffc91c                __sflush_r
 .text._fflush_r
                0x000000001fffca28       0x78 /home/neuberfran/neuber/gcc-arm-none-eabi-10.3-2021.10/bin/../lib/gcc/arm-none-eabi/10.3.1/../../../../arm-none-eabi/lib/thumb/v7e-m+fp/hard/libc_nano.a(lib_a-fflush.o)
                0x000000001fffca28                _fflush_r
 .text.std      0x000000001fffcaa0       0x48 /home/neuberfran/neuber/gcc-arm-none-eabi-10.3-2021.10/bin/../lib/gcc/arm-none-eabi/10.3.1/../../../../arm-none-eabi/lib/thumb/v7e-m+fp/hard/libc_nano.a(lib_a-findfp.o)
 .text._cleanup_r
                0x000000001fffcae8        0xc /home/neuberfran/neuber/gcc-arm-none-eabi-10.3-2021.10/bin/../lib/gcc/arm-none-eabi/10.3.1/../../../../arm-none-eabi/lib/thumb/v7e-m+fp/hard/libc_nano.a(lib_a-findfp.o)
                0x000000001fffcae8                _cleanup_r
 .text.__sfmoreglue
                0x000000001fffcaf4       0x2c /home/neuberfran/neuber/gcc-arm-none-eabi-10.3-2021.10/bin/../lib/gcc/arm-none-eabi/10.3.1/../../../../arm-none-eabi/lib/thumb/v7e-m+fp/hard/libc_nano.a(lib_a-findfp.o)
                0x000000001fffcaf4                __sfmoreglue
 .text.__sfp_lock_acquire
                0x000000001fffcb20        0xc /home/neuberfran/neuber/gcc-arm-none-eabi-10.3-2021.10/bin/../lib/gcc/arm-none-eabi/10.3.1/../../../../arm-none-eabi/lib/thumb/v7e-m+fp/hard/libc_nano.a(lib_a-findfp.o)
                0x000000001fffcb20                __sfp_lock_acquire
 .text.__sfp_lock_release
                0x000000001fffcb2c        0xc /home/neuberfran/neuber/gcc-arm-none-eabi-10.3-2021.10/bin/../lib/gcc/arm-none-eabi/10.3.1/../../../../arm-none-eabi/lib/thumb/v7e-m+fp/hard/libc_nano.a(lib_a-findfp.o)
                0x000000001fffcb2c                __sfp_lock_release
 .text.__sinit_lock_acquire
                0x000000001fffcb38        0xc /home/neuberfran/neuber/gcc-arm-none-eabi-10.3-2021.10/bin/../lib/gcc/arm-none-eabi/10.3.1/../../../../arm-none-eabi/lib/thumb/v7e-m+fp/hard/libc_nano.a(lib_a-findfp.o)
                0x000000001fffcb38                __sinit_lock_acquire
 .text.__sinit_lock_release
                0x000000001fffcb44        0xc /home/neuberfran/neuber/gcc-arm-none-eabi-10.3-2021.10/bin/../lib/gcc/arm-none-eabi/10.3.1/../../../../arm-none-eabi/lib/thumb/v7e-m+fp/hard/libc_nano.a(lib_a-findfp.o)
                0x000000001fffcb44                __sinit_lock_release
 .text.__sinit  0x000000001fffcb50       0x70 /home/neuberfran/neuber/gcc-arm-none-eabi-10.3-2021.10/bin/../lib/gcc/arm-none-eabi/10.3.1/../../../../arm-none-eabi/lib/thumb/v7e-m+fp/hard/libc_nano.a(lib_a-findfp.o)
                0x000000001fffcb50                __sinit
 .text.__sfp    0x000000001fffcbc0       0x8c /home/neuberfran/neuber/gcc-arm-none-eabi-10.3-2021.10/bin/../lib/gcc/arm-none-eabi/10.3.1/../../../../arm-none-eabi/lib/thumb/v7e-m+fp/hard/libc_nano.a(lib_a-findfp.o)
                0x000000001fffcbc0                __sfp
 .text._fwalk_reent
                0x000000001fffcc4c       0x3e /home/neuberfran/neuber/gcc-arm-none-eabi-10.3-2021.10/bin/../lib/gcc/arm-none-eabi/10.3.1/../../../../arm-none-eabi/lib/thumb/v7e-m+fp/hard/libc_nano.a(lib_a-fwalk.o)
                0x000000001fffcc4c                _fwalk_reent
 .text.__retarget_lock_init_recursive
                0x000000001fffcc8a        0x2 /home/neuberfran/neuber/gcc-arm-none-eabi-10.3-2021.10/bin/../lib/gcc/arm-none-eabi/10.3.1/../../../../arm-none-eabi/lib/thumb/v7e-m+fp/hard/libc_nano.a(lib_a-lock.o)
                0x000000001fffcc8a                __retarget_lock_init_recursive
 .text.__retarget_lock_acquire_recursive
                0x000000001fffcc8c        0x2 /home/neuberfran/neuber/gcc-arm-none-eabi-10.3-2021.10/bin/../lib/gcc/arm-none-eabi/10.3.1/../../../../arm-none-eabi/lib/thumb/v7e-m+fp/hard/libc_nano.a(lib_a-lock.o)
                0x000000001fffcc8c                __retarget_lock_acquire_recursive
 .text.__retarget_lock_release_recursive
                0x000000001fffcc8e        0x2 /home/neuberfran/neuber/gcc-arm-none-eabi-10.3-2021.10/bin/../lib/gcc/arm-none-eabi/10.3.1/../../../../arm-none-eabi/lib/thumb/v7e-m+fp/hard/libc_nano.a(lib_a-lock.o)
                0x000000001fffcc8e                __retarget_lock_release_recursive
 .text.__swhatbuf_r
                0x000000001fffcc90       0x4a /home/neuberfran/neuber/gcc-arm-none-eabi-10.3-2021.10/bin/../lib/gcc/arm-none-eabi/10.3.1/../../../../arm-none-eabi/lib/thumb/v7e-m+fp/hard/libc_nano.a(lib_a-makebuf.o)
                0x000000001fffcc90                __swhatbuf_r
 *fill*         0x000000001fffccda        0x2 
 .text.__smakebuf_r
                0x000000001fffccdc       0x80 /home/neuberfran/neuber/gcc-arm-none-eabi-10.3-2021.10/bin/../lib/gcc/arm-none-eabi/10.3.1/../../../../arm-none-eabi/lib/thumb/v7e-m+fp/hard/libc_nano.a(lib_a-makebuf.o)
                0x000000001fffccdc                __smakebuf_r
 .text._free_r  0x000000001fffcd5c       0x98 /home/neuberfran/neuber/gcc-arm-none-eabi-10.3-2021.10/bin/../lib/gcc/arm-none-eabi/10.3.1/../../../../arm-none-eabi/lib/thumb/v7e-m+fp/hard/libc_nano.a(lib_a-nano-freer.o)
                0x000000001fffcd5c                _free_r
 .text.sbrk_aligned
                0x000000001fffcdf4       0x40 /home/neuberfran/neuber/gcc-arm-none-eabi-10.3-2021.10/bin/../lib/gcc/arm-none-eabi/10.3.1/../../../../arm-none-eabi/lib/thumb/v7e-m+fp/hard/libc_nano.a(lib_a-nano-mallocr.o)
 .text._malloc_r
                0x000000001fffce34       0xe8 /home/neuberfran/neuber/gcc-arm-none-eabi-10.3-2021.10/bin/../lib/gcc/arm-none-eabi/10.3.1/../../../../arm-none-eabi/lib/thumb/v7e-m+fp/hard/libc_nano.a(lib_a-nano-mallocr.o)
                0x000000001fffce34                _malloc_r
 .text._sbrk_r  0x000000001fffcf1c       0x20 /home/neuberfran/neuber/gcc-arm-none-eabi-10.3-2021.10/bin/../lib/gcc/arm-none-eabi/10.3.1/../../../../arm-none-eabi/lib/thumb/v7e-m+fp/hard/libc_nano.a(lib_a-sbrkr.o)
                0x000000001fffcf1c                _sbrk_r
 .text._raise_r
                0x000000001fffcf3c       0x50 /home/neuberfran/neuber/gcc-arm-none-eabi-10.3-2021.10/bin/../lib/gcc/arm-none-eabi/10.3.1/../../../../arm-none-eabi/lib/thumb/v7e-m+fp/hard/libc_nano.a(lib_a-signal.o)
                0x000000001fffcf3c                _raise_r
 .text.raise    0x000000001fffcf8c       0x10 /home/neuberfran/neuber/gcc-arm-none-eabi-10.3-2021.10/bin/../lib/gcc/arm-none-eabi/10.3.1/../../../../arm-none-eabi/lib/thumb/v7e-m+fp/hard/libc_nano.a(lib_a-signal.o)
                0x000000001fffcf8c                raise
 .text._kill_r  0x000000001fffcf9c       0x24 /home/neuberfran/neuber/gcc-arm-none-eabi-10.3-2021.10/bin/../lib/gcc/arm-none-eabi/10.3.1/../../../../arm-none-eabi/lib/thumb/v7e-m+fp/hard/libc_nano.a(lib_a-signalr.o)
                0x000000001fffcf9c                _kill_r
 .text._getpid_r
                0x000000001fffcfc0        0x4 /home/neuberfran/neuber/gcc-arm-none-eabi-10.3-2021.10/bin/../lib/gcc/arm-none-eabi/10.3.1/../../../../arm-none-eabi/lib/thumb/v7e-m+fp/hard/libc_nano.a(lib_a-signalr.o)
                0x000000001fffcfc0                _getpid_r
 .text.__sread  0x000000001fffcfc4       0x22 /home/neuberfran/neuber/gcc-arm-none-eabi-10.3-2021.10/bin/../lib/gcc/arm-none-eabi/10.3.1/../../../../arm-none-eabi/lib/thumb/v7e-m+fp/hard/libc_nano.a(lib_a-stdio.o)
                0x000000001fffcfc4                __sread
 .text.__swrite
                0x000000001fffcfe6       0x38 /home/neuberfran/neuber/gcc-arm-none-eabi-10.3-2021.10/bin/../lib/gcc/arm-none-eabi/10.3.1/../../../../arm-none-eabi/lib/thumb/v7e-m+fp/hard/libc_nano.a(lib_a-stdio.o)
                0x000000001fffcfe6                __swrite
 .text.__sseek  0x000000001fffd01e       0x24 /home/neuberfran/neuber/gcc-arm-none-eabi-10.3-2021.10/bin/../lib/gcc/arm-none-eabi/10.3.1/../../../../arm-none-eabi/lib/thumb/v7e-m+fp/hard/libc_nano.a(lib_a-stdio.o)
                0x000000001fffd01e                __sseek
 .text.__sclose
                0x000000001fffd042        0x8 /home/neuberfran/neuber/gcc-arm-none-eabi-10.3-2021.10/bin/../lib/gcc/arm-none-eabi/10.3.1/../../../../arm-none-eabi/lib/thumb/v7e-m+fp/hard/libc_nano.a(lib_a-stdio.o)
                0x000000001fffd042                __sclose
 *fill*         0x000000001fffd04a        0x2 
 .text._write_r
                0x000000001fffd04c       0x24 /home/neuberfran/neuber/gcc-arm-none-eabi-10.3-2021.10/bin/../lib/gcc/arm-none-eabi/10.3.1/../../../../arm-none-eabi/lib/thumb/v7e-m+fp/hard/libc_nano.a(lib_a-writer.o)
                0x000000001fffd04c                _write_r
 .text._close_r
                0x000000001fffd070       0x20 /home/neuberfran/neuber/gcc-arm-none-eabi-10.3-2021.10/bin/../lib/gcc/arm-none-eabi/10.3.1/../../../../arm-none-eabi/lib/thumb/v7e-m+fp/hard/libc_nano.a(lib_a-closer.o)
                0x000000001fffd070                _close_r
 .text._fstat_r
                0x000000001fffd090       0x24 /home/neuberfran/neuber/gcc-arm-none-eabi-10.3-2021.10/bin/../lib/gcc/arm-none-eabi/10.3.1/../../../../arm-none-eabi/lib/thumb/v7e-m+fp/hard/libc_nano.a(lib_a-fstatr.o)
                0x000000001fffd090                _fstat_r
 .text._isatty_r
                0x000000001fffd0b4       0x20 /home/neuberfran/neuber/gcc-arm-none-eabi-10.3-2021.10/bin/../lib/gcc/arm-none-eabi/10.3.1/../../../../arm-none-eabi/lib/thumb/v7e-m+fp/hard/libc_nano.a(lib_a-isattyr.o)
                0x000000001fffd0b4                _isatty_r
 .text._lseek_r
                0x000000001fffd0d4       0x24 /home/neuberfran/neuber/gcc-arm-none-eabi-10.3-2021.10/bin/../lib/gcc/arm-none-eabi/10.3.1/../../../../arm-none-eabi/lib/thumb/v7e-m+fp/hard/libc_nano.a(lib_a-lseekr.o)
                0x000000001fffd0d4                _lseek_r
 .text.__malloc_lock
                0x000000001fffd0f8        0xc /home/neuberfran/neuber/gcc-arm-none-eabi-10.3-2021.10/bin/../lib/gcc/arm-none-eabi/10.3.1/../../../../arm-none-eabi/lib/thumb/v7e-m+fp/hard/libc_nano.a(lib_a-mlock.o)
                0x000000001fffd0f8                __malloc_lock
 .text.__malloc_unlock
                0x000000001fffd104        0xc /home/neuberfran/neuber/gcc-arm-none-eabi-10.3-2021.10/bin/../lib/gcc/arm-none-eabi/10.3.1/../../../../arm-none-eabi/lib/thumb/v7e-m+fp/hard/libc_nano.a(lib_a-mlock.o)
                0x000000001fffd104                __malloc_unlock
 .text._read_r  0x000000001fffd110       0x24 /home/neuberfran/neuber/gcc-arm-none-eabi-10.3-2021.10/bin/../lib/gcc/arm-none-eabi/10.3.1/../../../../arm-none-eabi/lib/thumb/v7e-m+fp/hard/libc_nano.a(lib_a-readr.o)
                0x000000001fffd110                _read_r
 .text._close   0x000000001fffd134       0x10 /home/neuberfran/neuber/gcc-arm-none-eabi-10.3-2021.10/bin/../lib/gcc/arm-none-eabi/10.3.1/../../../../arm-none-eabi/lib/thumb/v7e-m+fp/hard/libnosys.a(close.o)
                0x000000001fffd134                _close
 .text._fstat   0x000000001fffd144       0x10 /home/neuberfran/neuber/gcc-arm-none-eabi-10.3-2021.10/bin/../lib/gcc/arm-none-eabi/10.3.1/../../../../arm-none-eabi/lib/thumb/v7e-m+fp/hard/libnosys.a(fstat.o)
                0x000000001fffd144                _fstat
 .text._getpid  0x000000001fffd154       0x10 /home/neuberfran/neuber/gcc-arm-none-eabi-10.3-2021.10/bin/../lib/gcc/arm-none-eabi/10.3.1/../../../../arm-none-eabi/lib/thumb/v7e-m+fp/hard/libnosys.a(getpid.o)
                0x000000001fffd154                _getpid
 .text._isatty  0x000000001fffd164       0x10 /home/neuberfran/neuber/gcc-arm-none-eabi-10.3-2021.10/bin/../lib/gcc/arm-none-eabi/10.3.1/../../../../arm-none-eabi/lib/thumb/v7e-m+fp/hard/libnosys.a(isatty.o)
                0x000000001fffd164                _isatty
 .text._kill    0x000000001fffd174       0x10 /home/neuberfran/neuber/gcc-arm-none-eabi-10.3-2021.10/bin/../lib/gcc/arm-none-eabi/10.3.1/../../../../arm-none-eabi/lib/thumb/v7e-m+fp/hard/libnosys.a(kill.o)
                0x000000001fffd174                _kill
 .text._lseek   0x000000001fffd184       0x10 /home/neuberfran/neuber/gcc-arm-none-eabi-10.3-2021.10/bin/../lib/gcc/arm-none-eabi/10.3.1/../../../../arm-none-eabi/lib/thumb/v7e-m+fp/hard/libnosys.a(lseek.o)
                0x000000001fffd184                _lseek
 .text._sbrk    0x000000001fffd194       0x1c /home/neuberfran/neuber/gcc-arm-none-eabi-10.3-2021.10/bin/../lib/gcc/arm-none-eabi/10.3.1/../../../../arm-none-eabi/lib/thumb/v7e-m+fp/hard/libnosys.a(sbrk.o)
                0x000000001fffd194                _sbrk
 .text._exit    0x000000001fffd1b0        0x4 /home/neuberfran/neuber/gcc-arm-none-eabi-10.3-2021.10/bin/../lib/gcc/arm-none-eabi/10.3.1/../../../../arm-none-eabi/lib/thumb/v7e-m+fp/hard/libnosys.a(_exit.o)
                0x000000001fffd1b0                _exit
 *(.rodata)
 .rodata        0x000000001fffd1b4       0x79 CMakeFiles/rpmsg_str_echo_rpmsglite_example.dir/home/neuberfran/projects/freertos-tn/examples/imx7d_pico_m4/demo_apps/rpmsg/str_echo_rpmsglite/str_echo_rpmsglite.c.obj
 *fill*         0x000000001fffd22d        0x3 
 .rodata        0x000000001fffd230        0xe CMakeFiles/rpmsg_str_echo_rpmsglite_example.dir/home/neuberfran/projects/freertos-tn/middleware/multicore/open-amp/lib/rpmsg_lite/rpmsg_lite.c.obj
 *fill*         0x000000001fffd23e        0x2 
 .rodata        0x000000001fffd240       0xcd CMakeFiles/rpmsg_str_echo_rpmsglite_example.dir/home/neuberfran/projects/freertos-tn/middleware/multicore/open-amp/lib/rpmsg_lite/porting/platform/imx7d_m4/rpmsg_platform.c.obj
 *fill*         0x000000001fffd30d        0x3 
 .rodata        0x000000001fffd310        0x5 CMakeFiles/rpmsg_str_echo_rpmsglite_example.dir/home/neuberfran/projects/freertos-tn/rtos/FreeRTOS/Source/tasks.c.obj
 *fill*         0x000000001fffd315        0x3 
 .rodata        0x000000001fffd318       0x68 CMakeFiles/rpmsg_str_echo_rpmsglite_example.dir/home/neuberfran/projects/freertos-tn/platform/drivers/src/ccm_imx7d.c.obj
 .rodata        0x000000001fffd380       0xb4 CMakeFiles/rpmsg_str_echo_rpmsglite_example.dir/home/neuberfran/projects/freertos-tn/examples/imx7d_pico_m4/board.c.obj
 .rodata        0x000000001fffd434      0x14a CMakeFiles/rpmsg_str_echo_rpmsglite_example.dir/home/neuberfran/projects/freertos-tn/platform/drivers/src/uart_imx.c.obj
 *fill*         0x000000001fffd57e        0x2 
 .rodata        0x000000001fffd580       0x73 CMakeFiles/rpmsg_str_echo_rpmsglite_example.dir/home/neuberfran/projects/freertos-tn/platform/drivers/src/mu_imx.c.obj
 *(.rodata*)
 *fill*         0x000000001fffd5f3        0x1 
 .rodata.remote_vq_ops
                0x000000001fffd5f4       0x10 CMakeFiles/rpmsg_str_echo_rpmsglite_example.dir/home/neuberfran/projects/freertos-tn/middleware/multicore/open-amp/lib/rpmsg_lite/rpmsg_lite.c.obj
 .rodata.__func__.3
                0x000000001fffd604       0x18 CMakeFiles/rpmsg_str_echo_rpmsglite_example.dir/home/neuberfran/projects/freertos-tn/middleware/multicore/open-amp/lib/rpmsg_lite/porting/platform/imx7d_m4/rpmsg_platform.c.obj
 .rodata.__func__.1
                0x000000001fffd61c       0x1a CMakeFiles/rpmsg_str_echo_rpmsglite_example.dir/home/neuberfran/projects/freertos-tn/middleware/multicore/open-amp/lib/rpmsg_lite/porting/platform/imx7d_m4/rpmsg_platform.c.obj
 *fill*         0x000000001fffd636        0x2 
 .rodata.__func__.0
                0x000000001fffd638       0x1b CMakeFiles/rpmsg_str_echo_rpmsglite_example.dir/home/neuberfran/projects/freertos-tn/middleware/multicore/open-amp/lib/rpmsg_lite/porting/platform/imx7d_m4/rpmsg_platform.c.obj
 *fill*         0x000000001fffd653        0x1 
 .rodata.__func__.1
                0x000000001fffd654       0x13 CMakeFiles/rpmsg_str_echo_rpmsglite_example.dir/home/neuberfran/projects/freertos-tn/platform/drivers/src/ccm_imx7d.c.obj
 *fill*         0x000000001fffd667        0x1 
 .rodata.__func__.0
                0x000000001fffd668        0xf CMakeFiles/rpmsg_str_echo_rpmsglite_example.dir/home/neuberfran/projects/freertos-tn/platform/drivers/src/ccm_imx7d.c.obj
 *fill*         0x000000001fffd677        0x1 
 .rodata.__func__.0
                0x000000001fffd678       0x10 CMakeFiles/rpmsg_str_echo_rpmsglite_example.dir/home/neuberfran/projects/freertos-tn/examples/imx7d_pico_m4/board.c.obj
 .rodata.__func__.4
                0x000000001fffd688        0xa CMakeFiles/rpmsg_str_echo_rpmsglite_example.dir/home/neuberfran/projects/freertos-tn/platform/drivers/src/uart_imx.c.obj
 *fill*         0x000000001fffd692        0x2 
 .rodata.__func__.2
                0x000000001fffd694        0xb CMakeFiles/rpmsg_str_echo_rpmsglite_example.dir/home/neuberfran/projects/freertos-tn/platform/drivers/src/mu_imx.c.obj
 .rodata.__assert_func.str1.1
                0x000000001fffd69f       0x3c /home/neuberfran/neuber/gcc-arm-none-eabi-10.3-2021.10/bin/../lib/gcc/arm-none-eabi/10.3.1/../../../../arm-none-eabi/lib/thumb/v7e-m+fp/hard/libc_nano.a(lib_a-assert.o)
                                         0x3d (size before relaxing)
 *fill*         0x000000001fffd6db        0x1 
 .rodata._global_impure_ptr
                0x000000001fffd6dc        0x4 /home/neuberfran/neuber/gcc-arm-none-eabi-10.3-2021.10/bin/../lib/gcc/arm-none-eabi/10.3.1/../../../../arm-none-eabi/lib/thumb/v7e-m+fp/hard/libc_nano.a(lib_a-impure.o)
                0x000000001fffd6dc                _global_impure_ptr
 .rodata._vfprintf_r.str1.1
                0x000000001fffd6e0       0x11 /home/neuberfran/neuber/gcc-arm-none-eabi-10.3-2021.10/bin/../lib/gcc/arm-none-eabi/10.3.1/../../../../arm-none-eabi/lib/thumb/v7e-m+fp/hard/libc_nano.a(lib_a-nano-vfprintf.o)
 .rodata._printf_i.str1.1
                0x000000001fffd6f1       0x22 /home/neuberfran/neuber/gcc-arm-none-eabi-10.3-2021.10/bin/../lib/gcc/arm-none-eabi/10.3.1/../../../../arm-none-eabi/lib/thumb/v7e-m+fp/hard/libc_nano.a(lib_a-nano-vfprintf_i.o)
 *fill*         0x000000001fffd713        0x1 
 .rodata.__sf_fake_stderr
                0x000000001fffd714       0x20 /home/neuberfran/neuber/gcc-arm-none-eabi-10.3-2021.10/bin/../lib/gcc/arm-none-eabi/10.3.1/../../../../arm-none-eabi/lib/thumb/v7e-m+fp/hard/libc_nano.a(lib_a-findfp.o)
                0x000000001fffd714                __sf_fake_stderr
 .rodata.__sf_fake_stdin
                0x000000001fffd734       0x20 /home/neuberfran/neuber/gcc-arm-none-eabi-10.3-2021.10/bin/../lib/gcc/arm-none-eabi/10.3.1/../../../../arm-none-eabi/lib/thumb/v7e-m+fp/hard/libc_nano.a(lib_a-findfp.o)
                0x000000001fffd734                __sf_fake_stdin
 .rodata.__sf_fake_stdout
                0x000000001fffd754       0x20 /home/neuberfran/neuber/gcc-arm-none-eabi-10.3-2021.10/bin/../lib/gcc/arm-none-eabi/10.3.1/../../../../arm-none-eabi/lib/thumb/v7e-m+fp/hard/libc_nano.a(lib_a-findfp.o)
                0x000000001fffd754                __sf_fake_stdout
 *(.glue_7)
 .glue_7        0x000000001fffd774        0x0 linker stubs
 *(.glue_7t)
 .glue_7t       0x000000001fffd774        0x0 linker stubs
 *(.eh_frame)
 .eh_frame      0x000000001fffd774        0x0 /home/neuberfran/neuber/gcc-arm-none-eabi-10.3-2021.10/bin/../lib/gcc/arm-none-eabi/10.3.1/thumb/v7e-m+fp/hard/crtbegin.o
 *(.init)
 .init          0x000000001fffd774        0x4 /home/neuberfran/neuber/gcc-arm-none-eabi-10.3-2021.10/bin/../lib/gcc/arm-none-eabi/10.3.1/thumb/v7e-m+fp/hard/crti.o
                0x000000001fffd774                _init
 .init          0x000000001fffd778        0x8 /home/neuberfran/neuber/gcc-arm-none-eabi-10.3-2021.10/bin/../lib/gcc/arm-none-eabi/10.3.1/thumb/v7e-m+fp/hard/crtn.o
 *(.fini)
 .fini          0x000000001fffd780        0x4 /home/neuberfran/neuber/gcc-arm-none-eabi-10.3-2021.10/bin/../lib/gcc/arm-none-eabi/10.3.1/thumb/v7e-m+fp/hard/crti.o
                0x000000001fffd780                _fini
 .fini          0x000000001fffd784        0x8 /home/neuberfran/neuber/gcc-arm-none-eabi-10.3-2021.10/bin/../lib/gcc/arm-none-eabi/10.3.1/thumb/v7e-m+fp/hard/crtn.o
                0x000000001fffd78c                . = ALIGN (0x4)

.vfp11_veneer   0x000000001fffd78c        0x0
 .vfp11_veneer  0x000000001fffd78c        0x0 linker stubs

.v4_bx          0x000000001fffd78c        0x0
 .v4_bx         0x000000001fffd78c        0x0 linker stubs

.iplt           0x000000001fffd78c        0x0
 .iplt          0x000000001fffd78c        0x0 /home/neuberfran/neuber/gcc-arm-none-eabi-10.3-2021.10/bin/../lib/gcc/arm-none-eabi/10.3.1/thumb/v7e-m+fp/hard/crtbegin.o

.ARM.extab
 *(.ARM.extab* .gnu.linkonce.armextab.*)

.ARM            0x000000001fffd78c        0x8
                0x000000001fffd78c                __exidx_start = .
 *(.ARM.exidx*)
 .ARM.exidx     0x000000001fffd78c        0x8 /home/neuberfran/neuber/gcc-arm-none-eabi-10.3-2021.10/bin/../lib/gcc/arm-none-eabi/10.3.1/../../../../arm-none-eabi/lib/thumb/v7e-m+fp/hard/crt0.o
                                         0x10 (size before relaxing)
                0x000000001fffd794                __exidx_end = .

.rel.dyn        0x000000001fffd794        0x0
 .rel.iplt      0x000000001fffd794        0x0 /home/neuberfran/neuber/gcc-arm-none-eabi-10.3-2021.10/bin/../lib/gcc/arm-none-eabi/10.3.1/thumb/v7e-m+fp/hard/crtbegin.o

.ctors          0x000000001fffd794        0x0
                0x000000001fffd794                __CTOR_LIST__ = .
 *crtbegin.o(.ctors)
 *crtbegin?.o(.ctors)
 *(EXCLUDE_FILE(*crtend.o *crtend?.o) .ctors)
 *(SORT_BY_NAME(.ctors.*))
 *(.ctors)
                0x000000001fffd794                __CTOR_END__ = .

.dtors          0x000000001fffd794        0x0
                0x000000001fffd794                __DTOR_LIST__ = .
 *crtbegin.o(.dtors)
 *crtbegin?.o(.dtors)
 *(EXCLUDE_FILE(*crtend.o *crtend?.o) .dtors)
 *(SORT_BY_NAME(.dtors.*))
 *(.dtors)
                0x000000001fffd794                __DTOR_END__ = .

.preinit_array  0x000000001fffd794        0x0
                0x000000001fffd794                PROVIDE (__preinit_array_start = .)
 *(.preinit_array*)
                0x000000001fffd794                PROVIDE (__preinit_array_end = .)

.init_array     0x000000001fffd794        0x4
                0x000000001fffd794                PROVIDE (__init_array_start = .)
 *(SORT_BY_NAME(.init_array.*))
 *(.init_array*)
 .init_array    0x000000001fffd794        0x4 /home/neuberfran/neuber/gcc-arm-none-eabi-10.3-2021.10/bin/../lib/gcc/arm-none-eabi/10.3.1/thumb/v7e-m+fp/hard/crtbegin.o
                0x000000001fffd798                PROVIDE (__init_array_end = .)

.fini_array     0x000000001fffd798        0x4
                [!provide]                        PROVIDE (__fini_array_start = .)
 *(SORT_BY_NAME(.fini_array.*))
 *(.fini_array*)
 .fini_array    0x000000001fffd798        0x4 /home/neuberfran/neuber/gcc-arm-none-eabi-10.3-2021.10/bin/../lib/gcc/arm-none-eabi/10.3.1/thumb/v7e-m+fp/hard/crtbegin.o
                [!provide]                        PROVIDE (__fini_array_end = .)
                0x000000001fffd79c                __etext = .
                0x000000001fffd79c                __DATA_ROM = .

.data           0x0000000020000000       0x70 load address 0x000000001fffd79c
                0x0000000020000000                . = ALIGN (0x4)
                0x0000000020000000                __DATA_RAM = .
                0x0000000020000000                __data_start__ = .
 *(.data)
 *(.data*)
 .data.uxCriticalNesting
                0x0000000020000000        0x4 CMakeFiles/rpmsg_str_echo_rpmsglite_example.dir/home/neuberfran/projects/freertos-tn/rtos/FreeRTOS/Source/portable/GCC/ARM_CM4F/port.c.obj
 .data.xFreeBytesRemaining
                0x0000000020000004        0x4 CMakeFiles/rpmsg_str_echo_rpmsglite_example.dir/home/neuberfran/projects/freertos-tn/rtos/FreeRTOS/Source/portable/MemMang/heap_2.c.obj
 .data.xNextTaskUnblockTime
                0x0000000020000008        0x4 CMakeFiles/rpmsg_str_echo_rpmsglite_example.dir/home/neuberfran/projects/freertos-tn/rtos/FreeRTOS/Source/tasks.c.obj
 .data._impure_ptr
                0x000000002000000c        0x4 /home/neuberfran/neuber/gcc-arm-none-eabi-10.3-2021.10/bin/../lib/gcc/arm-none-eabi/10.3.1/../../../../arm-none-eabi/lib/thumb/v7e-m+fp/hard/libc_nano.a(lib_a-impure.o)
                0x000000002000000c                _impure_ptr
 .data.impure_data
                0x0000000020000010       0x60 /home/neuberfran/neuber/gcc-arm-none-eabi-10.3-2021.10/bin/../lib/gcc/arm-none-eabi/10.3.1/../../../../arm-none-eabi/lib/thumb/v7e-m+fp/hard/libc_nano.a(lib_a-impure.o)
 *(.jcr*)
                0x0000000020000070                . = ALIGN (0x4)
                0x0000000020000070                __data_end__ = .
                0x000000001fffd80c                __DATA_END = (__DATA_ROM + (__data_end__ - __data_start__))
                0x0000000020000000                text_end = (ORIGIN (m_text) + LENGTH (m_text))
                0x0000000000000001                ASSERT ((__DATA_END <= text_end), region m_text overflowed with text and data)

.igot.plt       0x0000000020000070        0x0 load address 0x000000001fffd80c
 .igot.plt      0x0000000020000070        0x0 /home/neuberfran/neuber/gcc-arm-none-eabi-10.3-2021.10/bin/../lib/gcc/arm-none-eabi/10.3.1/thumb/v7e-m+fp/hard/crtbegin.o

.bss            0x0000000020000070     0x51d8 load address 0x000000001fffd80c
                0x0000000020000070                . = ALIGN (0x4)
                0x0000000020000070                __START_BSS = .
                0x0000000020000070                __bss_start__ = .
 *(.bss)
 .bss           0x0000000020000070       0x1c /home/neuberfran/neuber/gcc-arm-none-eabi-10.3-2021.10/bin/../lib/gcc/arm-none-eabi/10.3.1/thumb/v7e-m+fp/hard/crtbegin.o
 *(.bss*)
 .bss.ucMaxSysCallPriority
                0x000000002000008c        0x1 CMakeFiles/rpmsg_str_echo_rpmsglite_example.dir/home/neuberfran/projects/freertos-tn/rtos/FreeRTOS/Source/portable/GCC/ARM_CM4F/port.c.obj
 *fill*         0x000000002000008d        0x3 
 .bss.ulMaxPRIGROUPValue
                0x0000000020000090        0x4 CMakeFiles/rpmsg_str_echo_rpmsglite_example.dir/home/neuberfran/projects/freertos-tn/rtos/FreeRTOS/Source/portable/GCC/ARM_CM4F/port.c.obj
 .bss.ucHeap    0x0000000020000094     0x5000 CMakeFiles/rpmsg_str_echo_rpmsglite_example.dir/home/neuberfran/projects/freertos-tn/rtos/FreeRTOS/Source/portable/MemMang/heap_2.c.obj
 .bss.xStart    0x0000000020005094        0x8 CMakeFiles/rpmsg_str_echo_rpmsglite_example.dir/home/neuberfran/projects/freertos-tn/rtos/FreeRTOS/Source/portable/MemMang/heap_2.c.obj
 .bss.xEnd      0x000000002000509c        0x8 CMakeFiles/rpmsg_str_echo_rpmsglite_example.dir/home/neuberfran/projects/freertos-tn/rtos/FreeRTOS/Source/portable/MemMang/heap_2.c.obj
 .bss.xHeapHasBeenInitialised.0
                0x00000000200050a4        0x4 CMakeFiles/rpmsg_str_echo_rpmsglite_example.dir/home/neuberfran/projects/freertos-tn/rtos/FreeRTOS/Source/portable/MemMang/heap_2.c.obj
 .bss.env_init_counter
                0x00000000200050a8        0x4 CMakeFiles/rpmsg_str_echo_rpmsglite_example.dir/home/neuberfran/projects/freertos-tn/middleware/multicore/open-amp/lib/rpmsg_lite/porting/environment/rpmsg_env_freertos.c.obj
 .bss.env_sema  0x00000000200050ac        0x4 CMakeFiles/rpmsg_str_echo_rpmsglite_example.dir/home/neuberfran/projects/freertos-tn/middleware/multicore/open-amp/lib/rpmsg_lite/porting/environment/rpmsg_env_freertos.c.obj
 .bss.event_group
                0x00000000200050b0        0x4 CMakeFiles/rpmsg_str_echo_rpmsglite_example.dir/home/neuberfran/projects/freertos-tn/middleware/multicore/open-amp/lib/rpmsg_lite/porting/environment/rpmsg_env_freertos.c.obj
 .bss.isr_table
                0x00000000200050b4       0x80 CMakeFiles/rpmsg_str_echo_rpmsglite_example.dir/home/neuberfran/projects/freertos-tn/middleware/multicore/open-amp/lib/rpmsg_lite/porting/environment/rpmsg_env_freertos.c.obj
 .bss.isr_counter
                0x0000000020005134        0x4 CMakeFiles/rpmsg_str_echo_rpmsglite_example.dir/home/neuberfran/projects/freertos-tn/middleware/multicore/open-amp/lib/rpmsg_lite/porting/platform/imx7d_m4/rpmsg_platform.c.obj
 .bss.disable_counter
                0x0000000020005138        0x4 CMakeFiles/rpmsg_str_echo_rpmsglite_example.dir/home/neuberfran/projects/freertos-tn/middleware/multicore/open-amp/lib/rpmsg_lite/porting/platform/imx7d_m4/rpmsg_platform.c.obj
 .bss.lock      0x000000002000513c        0x4 CMakeFiles/rpmsg_str_echo_rpmsglite_example.dir/home/neuberfran/projects/freertos-tn/middleware/multicore/open-amp/lib/rpmsg_lite/porting/platform/imx7d_m4/rpmsg_platform.c.obj
 .bss.pxCurrentTCB
                0x0000000020005140        0x4 CMakeFiles/rpmsg_str_echo_rpmsglite_example.dir/home/neuberfran/projects/freertos-tn/rtos/FreeRTOS/Source/tasks.c.obj
                0x0000000020005140                pxCurrentTCB
 .bss.pxReadyTasksLists
                0x0000000020005144       0x64 CMakeFiles/rpmsg_str_echo_rpmsglite_example.dir/home/neuberfran/projects/freertos-tn/rtos/FreeRTOS/Source/tasks.c.obj
 .bss.xDelayedTaskList1
                0x00000000200051a8       0x14 CMakeFiles/rpmsg_str_echo_rpmsglite_example.dir/home/neuberfran/projects/freertos-tn/rtos/FreeRTOS/Source/tasks.c.obj
 .bss.xDelayedTaskList2
                0x00000000200051bc       0x14 CMakeFiles/rpmsg_str_echo_rpmsglite_example.dir/home/neuberfran/projects/freertos-tn/rtos/FreeRTOS/Source/tasks.c.obj
 .bss.pxDelayedTaskList
                0x00000000200051d0        0x4 CMakeFiles/rpmsg_str_echo_rpmsglite_example.dir/home/neuberfran/projects/freertos-tn/rtos/FreeRTOS/Source/tasks.c.obj
 .bss.pxOverflowDelayedTaskList
                0x00000000200051d4        0x4 CMakeFiles/rpmsg_str_echo_rpmsglite_example.dir/home/neuberfran/projects/freertos-tn/rtos/FreeRTOS/Source/tasks.c.obj
 .bss.xPendingReadyList
                0x00000000200051d8       0x14 CMakeFiles/rpmsg_str_echo_rpmsglite_example.dir/home/neuberfran/projects/freertos-tn/rtos/FreeRTOS/Source/tasks.c.obj
 .bss.xSuspendedTaskList
                0x00000000200051ec       0x14 CMakeFiles/rpmsg_str_echo_rpmsglite_example.dir/home/neuberfran/projects/freertos-tn/rtos/FreeRTOS/Source/tasks.c.obj
 .bss.uxCurrentNumberOfTasks
                0x0000000020005200        0x4 CMakeFiles/rpmsg_str_echo_rpmsglite_example.dir/home/neuberfran/projects/freertos-tn/rtos/FreeRTOS/Source/tasks.c.obj
 .bss.xTickCount
                0x0000000020005204        0x4 CMakeFiles/rpmsg_str_echo_rpmsglite_example.dir/home/neuberfran/projects/freertos-tn/rtos/FreeRTOS/Source/tasks.c.obj
 .bss.uxTopReadyPriority
                0x0000000020005208        0x4 CMakeFiles/rpmsg_str_echo_rpmsglite_example.dir/home/neuberfran/projects/freertos-tn/rtos/FreeRTOS/Source/tasks.c.obj
 .bss.xSchedulerRunning
                0x000000002000520c        0x4 CMakeFiles/rpmsg_str_echo_rpmsglite_example.dir/home/neuberfran/projects/freertos-tn/rtos/FreeRTOS/Source/tasks.c.obj
 .bss.uxPendedTicks
                0x0000000020005210        0x4 CMakeFiles/rpmsg_str_echo_rpmsglite_example.dir/home/neuberfran/projects/freertos-tn/rtos/FreeRTOS/Source/tasks.c.obj
 .bss.xYieldPending
                0x0000000020005214        0x4 CMakeFiles/rpmsg_str_echo_rpmsglite_example.dir/home/neuberfran/projects/freertos-tn/rtos/FreeRTOS/Source/tasks.c.obj
 .bss.xNumOfOverflows
                0x0000000020005218        0x4 CMakeFiles/rpmsg_str_echo_rpmsglite_example.dir/home/neuberfran/projects/freertos-tn/rtos/FreeRTOS/Source/tasks.c.obj
 .bss.uxTaskNumber
                0x000000002000521c        0x4 CMakeFiles/rpmsg_str_echo_rpmsglite_example.dir/home/neuberfran/projects/freertos-tn/rtos/FreeRTOS/Source/tasks.c.obj
 .bss.uxSchedulerSuspended
                0x0000000020005220        0x4 CMakeFiles/rpmsg_str_echo_rpmsglite_example.dir/home/neuberfran/projects/freertos-tn/rtos/FreeRTOS/Source/tasks.c.obj
 .bss.s_debugConsole
                0x0000000020005224       0x10 CMakeFiles/rpmsg_str_echo_rpmsglite_example.dir/home/neuberfran/projects/freertos-tn/platform/utilities/src/debug_console_imx.c.obj
 .bss.__lock___malloc_recursive_mutex
                0x0000000020005234        0x1 /home/neuberfran/neuber/gcc-arm-none-eabi-10.3-2021.10/bin/../lib/gcc/arm-none-eabi/10.3.1/../../../../arm-none-eabi/lib/thumb/v7e-m+fp/hard/libc_nano.a(lib_a-lock.o)
                0x0000000020005234                __lock___malloc_recursive_mutex
 .bss.__lock___sfp_recursive_mutex
                0x0000000020005235        0x1 /home/neuberfran/neuber/gcc-arm-none-eabi-10.3-2021.10/bin/../lib/gcc/arm-none-eabi/10.3.1/../../../../arm-none-eabi/lib/thumb/v7e-m+fp/hard/libc_nano.a(lib_a-lock.o)
                0x0000000020005235                __lock___sfp_recursive_mutex
 .bss.__lock___sinit_recursive_mutex
                0x0000000020005236        0x1 /home/neuberfran/neuber/gcc-arm-none-eabi-10.3-2021.10/bin/../lib/gcc/arm-none-eabi/10.3.1/../../../../arm-none-eabi/lib/thumb/v7e-m+fp/hard/libc_nano.a(lib_a-lock.o)
                0x0000000020005236                __lock___sinit_recursive_mutex
 *fill*         0x0000000020005237        0x1 
 .bss.__malloc_free_list
                0x0000000020005238        0x4 /home/neuberfran/neuber/gcc-arm-none-eabi-10.3-2021.10/bin/../lib/gcc/arm-none-eabi/10.3.1/../../../../arm-none-eabi/lib/thumb/v7e-m+fp/hard/libc_nano.a(lib_a-nano-mallocr.o)
                0x0000000020005238                __malloc_free_list
 .bss.__malloc_sbrk_start
                0x000000002000523c        0x4 /home/neuberfran/neuber/gcc-arm-none-eabi-10.3-2021.10/bin/../lib/gcc/arm-none-eabi/10.3.1/../../../../arm-none-eabi/lib/thumb/v7e-m+fp/hard/libc_nano.a(lib_a-nano-mallocr.o)
                0x000000002000523c                __malloc_sbrk_start
 .bss.errno     0x0000000020005240        0x4 /home/neuberfran/neuber/gcc-arm-none-eabi-10.3-2021.10/bin/../lib/gcc/arm-none-eabi/10.3.1/../../../../arm-none-eabi/lib/thumb/v7e-m+fp/hard/libc_nano.a(lib_a-reent.o)
                0x0000000020005240                errno
 .bss.heap_end.0
                0x0000000020005244        0x4 /home/neuberfran/neuber/gcc-arm-none-eabi-10.3-2021.10/bin/../lib/gcc/arm-none-eabi/10.3.1/../../../../arm-none-eabi/lib/thumb/v7e-m+fp/hard/libnosys.a(sbrk.o)
 *(COMMON)
                0x0000000020005248                . = ALIGN (0x4)
                0x0000000020005248                __bss_end__ = .
                0x0000000020005248                __END_BSS = .

.heap           0x0000000020005248      0x400 load address 0x00000000200029e4